<!doctype html public "-//w3c//dtd html 4.0 transitional//en">
<html><head>
<title>Static Call Graph - [.\ouput\MyKee.axf]</title></head>
<body><HR>
<H1>Static Call Graph for image .\ouput\MyKee.axf</H1><HR>
<BR><P>#&#060CALLGRAPH&#062# ARM Linker, 5060750: Last Updated: Sat Jan 13 06:08:40 2024
<BR><P>
<H3>Maximum Stack Usage =       2088 bytes + Unknown(Functions without stacksize, Cycles, Untraceable Function Pointers)</H3><H3>
Call chain for Maximum Stack Depth:</H3>
main &rArr; menu_login &rArr; menu_loginuser &rArr; main_menu_user_task &rArr; user_mykee_task &rArr; wrong_unauth_key_check &rArr; delay &rArr; tcpClienthbTask &rArr; tcpClientStatereceive &rArr; check_config_receive &rArr; handle_protocol_configpacket_event &rArr; writedefaults_sdcard &rArr;  delay (Cycle)
<P>
<H3>
Functions with no stack information
</H3><UL>
 <LI><a href="#[c]">Reset_Handler</a>
 <LI><a href="#[a1]">__user_initial_stackheap</a>
</UL>
</UL>
<P>
<H3>
Mutually Recursive functions
</H3> <LI><a href="#[1ab]">dnsParseName</a>&nbsp;&nbsp;&nbsp;&rArr;&nbsp;&nbsp;&nbsp;<a href="#[1ab]">dnsParseName</a><BR>
 <LI><a href="#[1a4]">dnsCompareName</a>&nbsp;&nbsp;&nbsp;&rArr;&nbsp;&nbsp;&nbsp;<a href="#[1a4]">dnsCompareName</a><BR>
 <LI><a href="#[1d8]">system_restart</a>&nbsp;&nbsp;&nbsp;&rArr;&nbsp;&nbsp;&nbsp;<a href="#[c3]">delay</a><BR>
 <LI><a href="#[cf]">prot_log_event</a>&nbsp;&nbsp;&nbsp;&rArr;&nbsp;&nbsp;&nbsp;<a href="#[c3]">delay</a><BR>
 <LI><a href="#[2b0]">total_register</a>&nbsp;&nbsp;&nbsp;&rArr;&nbsp;&nbsp;&nbsp;<a href="#[c3]">delay</a><BR>
 <LI><a href="#[d6]">read_code</a>&nbsp;&nbsp;&nbsp;&rArr;&nbsp;&nbsp;&nbsp;<a href="#[13f]">lcd_init</a><BR>
 <LI><a href="#[bf]">key1</a>&nbsp;&nbsp;&nbsp;&rArr;&nbsp;&nbsp;&nbsp;<a href="#[171]">tcpClienthbTask</a><BR>
 <LI><a href="#[1d5]">fw_download_sd</a>&nbsp;&nbsp;&nbsp;&rArr;&nbsp;&nbsp;&nbsp;<a href="#[c3]">delay</a><BR>
 <LI><a href="#[25e]">mdnsCompareName</a>&nbsp;&nbsp;&nbsp;&rArr;&nbsp;&nbsp;&nbsp;<a href="#[25e]">mdnsCompareName</a><BR>
 <LI><a href="#[153]">handle_protocol_configpacket</a>&nbsp;&nbsp;&nbsp;&rArr;&nbsp;&nbsp;&nbsp;<a href="#[da]">writedefaults_sdcard</a><BR>
 <LI><a href="#[da]">writedefaults_sdcard</a>&nbsp;&nbsp;&nbsp;&rArr;&nbsp;&nbsp;&nbsp;<a href="#[c3]">delay</a><BR>
 <LI><a href="#[1a3]">dnsCompareEncodedName</a>&nbsp;&nbsp;&nbsp;&rArr;&nbsp;&nbsp;&nbsp;<a href="#[1a3]">dnsCompareEncodedName</a><BR>
</UL>
<P>
<H3>
Function Pointers
</H3><UL>
 <LI><a href="#[c]">Reset_Handler</a> from startup_lpc23xx.o(RESET) referenced 6 times from startup_lpc23xx.o(RESET)
 <LI><a href="#[15]">TICKER_25us_Handler</a> from timer.o(i.TICKER_25us_Handler) referenced from target.o(i.TargetResetInit)
 <LI><a href="#[14]">TICKER_Handler</a> from timer.o(i.TICKER_Handler) referenced from target.o(i.TargetResetInit)
 <LI><a href="#[d]">TargetResetInit</a> from target.o(i.TargetResetInit) referenced from startup_lpc23xx.o(RESET)
 <LI><a href="#[16]">UART0_Handler</a> from uart.o(i.UART0_Handler) referenced from target.o(i.TargetResetInit)
 <LI><a href="#[17]">UART1_Handler</a> from uart.o(i.UART1_Handler) referenced from target.o(i.TargetResetInit)
 <LI><a href="#[2d]">__main</a> from __main.o(!!!main) referenced from startup_lpc23xx.o(RESET)
 <LI><a href="#[10]">_get_lc_ctype</a> from lc_ctype_c.o(locale$$code) referenced from rt_ctype_table.o(.text)
 <LI><a href="#[12]">_printf_input_char</a> from _printf_char_common.o(.text) referenced from _printf_char_common.o(.text)
 <LI><a href="#[11]">_sputc</a> from _sputc.o(.text) referenced from __2sprintf.o(.text)
 <LI><a href="#[18]">dhcpClientProcessMessage</a> from dhcp_client_misc.o(i.dhcpClientProcessMessage) referenced from dhcp_client.o(i.dhcpClientStart)
 <LI><a href="#[19]">dnsProcessResponse</a> from dns_client.o(i.dnsProcessResponse) referenced from dns_client.o(i.dnsResolve)
 <LI><a href="#[21]">dp83848DisableIrq</a> from dp83848_driver.o(i.dp83848DisableIrq) referenced from dp83848_driver.o(.constdata)
 <LI><a href="#[20]">dp83848EnableIrq</a> from dp83848_driver.o(i.dp83848EnableIrq) referenced from dp83848_driver.o(.constdata)
 <LI><a href="#[22]">dp83848EventHandler</a> from dp83848_driver.o(i.dp83848EventHandler) referenced from dp83848_driver.o(.constdata)
 <LI><a href="#[1e]">dp83848Init</a> from dp83848_driver.o(i.dp83848Init) referenced from dp83848_driver.o(.constdata)
 <LI><a href="#[1f]">dp83848Tick</a> from dp83848_driver.o(i.dp83848Tick) referenced from dp83848_driver.o(.constdata)
 <LI><a href="#[13]">fputc</a> from debug.o(i.fputc) referenced from _printf_char_file.o(.text)
 <LI><a href="#[26]">lpc23xxEthDisableIrq</a> from lpc23xx_eth_driver.o(i.lpc23xxEthDisableIrq) referenced from lpc23xx_eth_driver.o(.constdata)
 <LI><a href="#[25]">lpc23xxEthEnableIrq</a> from lpc23xx_eth_driver.o(i.lpc23xxEthEnableIrq) referenced from lpc23xx_eth_driver.o(.constdata)
 <LI><a href="#[27]">lpc23xxEthEventHandler</a> from lpc23xx_eth_driver.o(i.lpc23xxEthEventHandler) referenced from lpc23xx_eth_driver.o(.constdata)
 <LI><a href="#[23]">lpc23xxEthInit</a> from lpc23xx_eth_driver.o(i.lpc23xxEthInit) referenced from lpc23xx_eth_driver.o(.constdata)
 <LI><a href="#[1a]">lpc23xxEthIrqHandler</a> from lpc23xx_eth_driver.o(i.lpc23xxEthIrqHandler) referenced from lpc23xx_eth_driver.o(i.lpc23xxEthInit)
 <LI><a href="#[2c]">lpc23xxEthReadPhyReg</a> from lpc23xx_eth_driver.o(i.lpc23xxEthReadPhyReg) referenced from lpc23xx_eth_driver.o(.constdata)
 <LI><a href="#[28]">lpc23xxEthSendPacket</a> from lpc23xx_eth_driver.o(i.lpc23xxEthSendPacket) referenced from lpc23xx_eth_driver.o(.constdata)
 <LI><a href="#[24]">lpc23xxEthTick</a> from lpc23xx_eth_driver.o(i.lpc23xxEthTick) referenced from lpc23xx_eth_driver.o(.constdata)
 <LI><a href="#[29]">lpc23xxEthUpdateMacAddrFilter</a> from lpc23xx_eth_driver.o(i.lpc23xxEthUpdateMacAddrFilter) referenced from lpc23xx_eth_driver.o(.constdata)
 <LI><a href="#[2a]">lpc23xxEthUpdateMacConfig</a> from lpc23xx_eth_driver.o(i.lpc23xxEthUpdateMacConfig) referenced from lpc23xx_eth_driver.o(.constdata)
 <LI><a href="#[2b]">lpc23xxEthWritePhyReg</a> from lpc23xx_eth_driver.o(i.lpc23xxEthWritePhyReg) referenced from lpc23xx_eth_driver.o(.constdata)
 <LI><a href="#[f]">main</a> from main.o(i.main) referenced from __rtentry2.o(.ARM.Collect$$rtentry$$0000000D)
 <LI><a href="#[1b]">mdnsProcessMessage</a> from mdns_common.o(i.mdnsProcessMessage) referenced from mdns_common.o(i.mdnsInit)
 <LI><a href="#[1c]">nbnsProcessMessage</a> from nbns_common.o(i.nbnsProcessMessage) referenced from nbns_common.o(i.nbnsInit)
 <LI><a href="#[1d]">netTask</a> from net.o(i.netTask) referenced from net.o(i.netInit)
</UL>
<P>
<H3>
Global Symbols
</H3>
<P><STRONG><a name="[c]"></a>Reset_Handler</STRONG> (ARM, 0 bytes, Stack size unknown bytes, startup_lpc23xx.o(RESET))
<BR>[Address Reference Count : 1]<UL><LI> startup_lpc23xx.o(RESET)
</UL>
<P><STRONG><a name="[2d]"></a>__main</STRONG> (ARM, 8 bytes, Stack size 0 bytes, __main.o(!!!main))
<BR><BR>[Calls]<UL><LI><a href="#[2f]">&gt;&gt;</a>&nbsp;&nbsp;&nbsp;__rt_entry
<LI><a href="#[2e]">&gt;&gt;</a>&nbsp;&nbsp;&nbsp;__scatterload
</UL>

<P><STRONG><a name="[2e]"></a>__scatterload</STRONG> (ARM, 0 bytes, Stack size unknown bytes, __scatter.o(!!!scatter))
<BR><BR>[Called By]<UL><LI><a href="#[2d]">&gt;&gt;</a>&nbsp;&nbsp;&nbsp;__main
</UL>

<P><STRONG><a name="[30]"></a>__scatterload_rt2</STRONG> (ARM, 52 bytes, Stack size unknown bytes, __scatter.o(!!!scatter), UNUSED)
<BR><BR>[Calls]<UL><LI><a href="#[2f]">&gt;&gt;</a>&nbsp;&nbsp;&nbsp;__rt_entry
</UL>

<P><STRONG><a name="[32c]"></a>__scatterload_null</STRONG> (ARM, 0 bytes, Stack size unknown bytes, __scatter.o(!!!scatter), UNUSED)

<P><STRONG><a name="[32d]"></a>__decompress</STRONG> (ARM, 92 bytes, Stack size unknown bytes, __dczerorl2.o(!!dczerorl2), UNUSED)

<P><STRONG><a name="[32e]"></a>__decompress1</STRONG> (ARM, 0 bytes, Stack size unknown bytes, __dczerorl2.o(!!dczerorl2), UNUSED)

<P><STRONG><a name="[31]"></a>__scatterload_copy</STRONG> (ARM, 40 bytes, Stack size unknown bytes, __scatter_copy.o(!!handler_copy), UNUSED)
<BR><BR>[Calls]<UL><LI><a href="#[31]">&gt;&gt;</a>&nbsp;&nbsp;&nbsp;__scatterload_copy
</UL>
<BR>[Called By]<UL><LI><a href="#[31]">&gt;&gt;</a>&nbsp;&nbsp;&nbsp;__scatterload_copy
</UL>

<P><STRONG><a name="[32f]"></a>__scatterload_zeroinit</STRONG> (ARM, 44 bytes, Stack size unknown bytes, __scatter_zi.o(!!handler_zi), UNUSED)

<P><STRONG><a name="[32]"></a>_printf_n</STRONG> (ARM, 0 bytes, Stack size unknown bytes, _printf_n.o(.ARM.Collect$$_printf_percent$$00000001))
<BR><BR>[Calls]<UL><LI><a href="#[33]">&gt;&gt;</a>&nbsp;&nbsp;&nbsp;_printf_charcount (via Veneer)
</UL>

<P><STRONG><a name="[70]"></a>_printf_percent</STRONG> (ARM, 0 bytes, Stack size unknown bytes, _printf_percent.o(.ARM.Collect$$_printf_percent$$00000000))
<BR><BR>[Called By]<UL><LI><a href="#[6d]">&gt;&gt;</a>&nbsp;&nbsp;&nbsp;__printf (via Veneer)
</UL>

<P><STRONG><a name="[34]"></a>_printf_p</STRONG> (ARM, 0 bytes, Stack size unknown bytes, _printf_p.o(.ARM.Collect$$_printf_percent$$00000002))
<BR><BR>[Stack]<UL><LI>Max Depth = 80 + Unknown Stack Size
<LI>Call Chain = _printf_p &rArr; _printf_hex_ptr &rArr; _printf_longlong_hex &rArr; _printf_int_common &rArr; _printf_post_padding
</UL>
<BR>[Calls]<UL><LI><a href="#[35]">&gt;&gt;</a>&nbsp;&nbsp;&nbsp;_printf_hex_ptr (via Veneer)
</UL>

<P><STRONG><a name="[36]"></a>_printf_f</STRONG> (ARM, 0 bytes, Stack size unknown bytes, _printf_f.o(.ARM.Collect$$_printf_percent$$00000003))
<BR><BR>[Stack]<UL><LI>Max Depth = 316 + Unknown Stack Size
<LI>Call Chain = _printf_f &rArr; _printf_fp_dec &rArr; _printf_fp_dec_real &rArr; _fp_digits &rArr; _btod_etento &rArr; _btod_emul &rArr; _e2e
</UL>
<BR>[Calls]<UL><LI><a href="#[37]">&gt;&gt;</a>&nbsp;&nbsp;&nbsp;_printf_fp_dec
</UL>

<P><STRONG><a name="[38]"></a>_printf_i</STRONG> (ARM, 0 bytes, Stack size unknown bytes, _printf_i.o(.ARM.Collect$$_printf_percent$$00000008))
<BR><BR>[Stack]<UL><LI>Max Depth = 88 + Unknown Stack Size
<LI>Call Chain = _printf_i &rArr; _printf_int_dec &rArr; _printf_int_common &rArr; _printf_post_padding
</UL>
<BR>[Calls]<UL><LI><a href="#[39]">&gt;&gt;</a>&nbsp;&nbsp;&nbsp;_printf_int_dec (via Veneer)
</UL>

<P><STRONG><a name="[3a]"></a>_printf_d</STRONG> (ARM, 0 bytes, Stack size unknown bytes, _printf_d.o(.ARM.Collect$$_printf_percent$$00000009))
<BR><BR>[Stack]<UL><LI>Max Depth = 88 + Unknown Stack Size
<LI>Call Chain = _printf_d &rArr; _printf_int_dec &rArr; _printf_int_common &rArr; _printf_post_padding
</UL>
<BR>[Calls]<UL><LI><a href="#[39]">&gt;&gt;</a>&nbsp;&nbsp;&nbsp;_printf_int_dec (via Veneer)
</UL>

<P><STRONG><a name="[3b]"></a>_printf_u</STRONG> (ARM, 0 bytes, Stack size unknown bytes, _printf_u.o(.ARM.Collect$$_printf_percent$$0000000A))
<BR><BR>[Stack]<UL><LI>Max Depth = 88 + Unknown Stack Size
<LI>Call Chain = _printf_u &rArr; _printf_int_dec &rArr; _printf_int_common &rArr; _printf_post_padding
</UL>
<BR>[Calls]<UL><LI><a href="#[39]">&gt;&gt;</a>&nbsp;&nbsp;&nbsp;_printf_int_dec (via Veneer)
</UL>

<P><STRONG><a name="[3c]"></a>_printf_o</STRONG> (ARM, 0 bytes, Stack size unknown bytes, _printf_o.o(.ARM.Collect$$_printf_percent$$0000000B))
<BR><BR>[Stack]<UL><LI>Max Depth = 72 + Unknown Stack Size
<LI>Call Chain = _printf_o &rArr; _printf_int_oct &rArr; _printf_int_common &rArr; _printf_post_padding
</UL>
<BR>[Calls]<UL><LI><a href="#[3d]">&gt;&gt;</a>&nbsp;&nbsp;&nbsp;_printf_int_oct (via Veneer)
</UL>

<P><STRONG><a name="[3e]"></a>_printf_x</STRONG> (ARM, 0 bytes, Stack size unknown bytes, _printf_x.o(.ARM.Collect$$_printf_percent$$0000000C))
<BR><BR>[Stack]<UL><LI>Max Depth = 88 + Unknown Stack Size
<LI>Call Chain = _printf_x &rArr; _printf_int_hex &rArr; _printf_longlong_hex &rArr; _printf_int_common &rArr; _printf_post_padding
</UL>
<BR>[Calls]<UL><LI><a href="#[3f]">&gt;&gt;</a>&nbsp;&nbsp;&nbsp;_printf_int_hex (via Veneer)
</UL>

<P><STRONG><a name="[330]"></a>_printf_l</STRONG> (ARM, 0 bytes, Stack size unknown bytes, _printf_l.o(.ARM.Collect$$_printf_percent$$00000012))

<P><STRONG><a name="[40]"></a>_printf_c</STRONG> (ARM, 0 bytes, Stack size unknown bytes, _printf_c.o(.ARM.Collect$$_printf_percent$$00000013))
<BR><BR>[Stack]<UL><LI>Max Depth = 40 + Unknown Stack Size
<LI>Call Chain = _printf_c &rArr; _printf_char &rArr; _printf_cs_common &rArr; _printf_str &rArr; _printf_post_padding
</UL>
<BR>[Calls]<UL><LI><a href="#[41]">&gt;&gt;</a>&nbsp;&nbsp;&nbsp;_printf_char (via Veneer)
</UL>

<P><STRONG><a name="[42]"></a>_printf_s</STRONG> (ARM, 0 bytes, Stack size unknown bytes, _printf_s.o(.ARM.Collect$$_printf_percent$$00000014))
<BR><BR>[Stack]<UL><LI>Max Depth = 40 + Unknown Stack Size
<LI>Call Chain = _printf_s &rArr; _printf_string &rArr; _printf_cs_common &rArr; _printf_str &rArr; _printf_post_padding
</UL>
<BR>[Calls]<UL><LI><a href="#[43]">&gt;&gt;</a>&nbsp;&nbsp;&nbsp;_printf_string (via Veneer)
</UL>

<P><STRONG><a name="[44]"></a>_printf_lc</STRONG> (ARM, 0 bytes, Stack size unknown bytes, _printf_lc.o(.ARM.Collect$$_printf_percent$$00000015))
<BR><BR>[Stack]<UL><LI>Max Depth = 88 + Unknown Stack Size
<LI>Call Chain = _printf_lc &rArr; _printf_wchar &rArr; _printf_lcs_common &rArr; _printf_wctomb &rArr; _wcrtomb &rArr; __rt_ctype_table
</UL>
<BR>[Calls]<UL><LI><a href="#[45]">&gt;&gt;</a>&nbsp;&nbsp;&nbsp;_printf_wchar (via Veneer)
</UL>

<P><STRONG><a name="[331]"></a>_printf_percent_end</STRONG> (ARM, 0 bytes, Stack size unknown bytes, _printf_percent_end.o(.ARM.Collect$$_printf_percent$$00000017))

<P><STRONG><a name="[50]"></a>__rt_lib_init</STRONG> (Thumb, 0 bytes, Stack size unknown bytes, libinit.o(.ARM.Collect$$libinit$$00000000))
<BR><BR>[Called By]<UL><LI><a href="#[4f]">&gt;&gt;</a>&nbsp;&nbsp;&nbsp;__rt_entry_li (via Veneer)
</UL>

<P><STRONG><a name="[332]"></a>__rt_lib_init_fp_1</STRONG> (Thumb, 0 bytes, Stack size unknown bytes, libinit2.o(.ARM.Collect$$libinit$$00000002))

<P><STRONG><a name="[46]"></a>__rt_lib_init_heap_2</STRONG> (Thumb, 0 bytes, Stack size unknown bytes, libinit2.o(.ARM.Collect$$libinit$$00000005))
<BR><BR>[Stack]<UL><LI>Max Depth = 64 + Unknown Stack Size
<LI>Call Chain = __rt_lib_init_heap_2 &rArr; _init_alloc &rArr; __rt_SIGRTMEM &rArr; __rt_SIGRTMEM_inner &rArr; __default_signal_display &rArr; _ttywrch
</UL>
<BR>[Calls]<UL><LI><a href="#[47]">&gt;&gt;</a>&nbsp;&nbsp;&nbsp;_init_alloc
</UL>

<P><STRONG><a name="[333]"></a>__rt_lib_init_preinit_1</STRONG> (Thumb, 0 bytes, Stack size unknown bytes, libinit2.o(.ARM.Collect$$libinit$$00000004))

<P><STRONG><a name="[334]"></a>__rt_lib_init_heap_1</STRONG> (Thumb, 0 bytes, Stack size unknown bytes, libinit2.o(.ARM.Collect$$libinit$$0000000A))

<P><STRONG><a name="[48]"></a>__rt_lib_init_lc_common</STRONG> (Thumb, 0 bytes, Stack size unknown bytes, libinit2.o(.ARM.Collect$$libinit$$0000000F))
<BR><BR>[Calls]<UL><LI><a href="#[49]">&gt;&gt;</a>&nbsp;&nbsp;&nbsp;__rt_locale (via Veneer)
</UL>

<P><STRONG><a name="[335]"></a>__rt_lib_init_rand_1</STRONG> (Thumb, 0 bytes, Stack size unknown bytes, libinit2.o(.ARM.Collect$$libinit$$0000000E))

<P><STRONG><a name="[336]"></a>__rt_lib_init_user_alloc_1</STRONG> (Thumb, 0 bytes, Stack size unknown bytes, libinit2.o(.ARM.Collect$$libinit$$0000000C))

<P><STRONG><a name="[337]"></a>__rt_lib_init_lc_collate_1</STRONG> (Thumb, 0 bytes, Stack size unknown bytes, libinit2.o(.ARM.Collect$$libinit$$00000011))

<P><STRONG><a name="[4a]"></a>__rt_lib_init_lc_ctype_2</STRONG> (Thumb, 0 bytes, Stack size unknown bytes, libinit2.o(.ARM.Collect$$libinit$$00000012))
<BR><BR>[Stack]<UL><LI>Max Depth = 12 + Unknown Stack Size
<LI>Call Chain = __rt_lib_init_lc_ctype_2 &rArr; _get_lc_ctype &rArr; strcmp
</UL>
<BR>[Calls]<UL><LI><a href="#[10]">&gt;&gt;</a>&nbsp;&nbsp;&nbsp;_get_lc_ctype (via Veneer)
</UL>

<P><STRONG><a name="[338]"></a>__rt_lib_init_lc_ctype_1</STRONG> (Thumb, 0 bytes, Stack size unknown bytes, libinit2.o(.ARM.Collect$$libinit$$00000013))

<P><STRONG><a name="[339]"></a>__rt_lib_init_lc_monetary_1</STRONG> (Thumb, 0 bytes, Stack size unknown bytes, libinit2.o(.ARM.Collect$$libinit$$00000015))

<P><STRONG><a name="[4b]"></a>__rt_lib_init_lc_numeric_2</STRONG> (Thumb, 0 bytes, Stack size unknown bytes, libinit2.o(.ARM.Collect$$libinit$$00000016))
<BR><BR>[Stack]<UL><LI>Max Depth = 12 + Unknown Stack Size
<LI>Call Chain = __rt_lib_init_lc_numeric_2 &rArr; _get_lc_numeric &rArr; strcmp
</UL>
<BR>[Calls]<UL><LI><a href="#[4c]">&gt;&gt;</a>&nbsp;&nbsp;&nbsp;_get_lc_numeric (via Veneer)
</UL>

<P><STRONG><a name="[33a]"></a>__rt_lib_init_alloca_1</STRONG> (Thumb, 0 bytes, Stack size unknown bytes, libinit2.o(.ARM.Collect$$libinit$$0000002E))

<P><STRONG><a name="[33b]"></a>__rt_lib_init_argv_1</STRONG> (Thumb, 0 bytes, Stack size unknown bytes, libinit2.o(.ARM.Collect$$libinit$$0000002C))

<P><STRONG><a name="[33c]"></a>__rt_lib_init_atexit_1</STRONG> (Thumb, 0 bytes, Stack size unknown bytes, libinit2.o(.ARM.Collect$$libinit$$0000001B))

<P><STRONG><a name="[33d]"></a>__rt_lib_init_clock_1</STRONG> (Thumb, 0 bytes, Stack size unknown bytes, libinit2.o(.ARM.Collect$$libinit$$00000021))

<P><STRONG><a name="[33e]"></a>__rt_lib_init_cpp_1</STRONG> (Thumb, 0 bytes, Stack size unknown bytes, libinit2.o(.ARM.Collect$$libinit$$00000032))

<P><STRONG><a name="[33f]"></a>__rt_lib_init_exceptions_1</STRONG> (Thumb, 0 bytes, Stack size unknown bytes, libinit2.o(.ARM.Collect$$libinit$$00000030))

<P><STRONG><a name="[340]"></a>__rt_lib_init_fp_trap_1</STRONG> (Thumb, 0 bytes, Stack size unknown bytes, libinit2.o(.ARM.Collect$$libinit$$0000001F))

<P><STRONG><a name="[341]"></a>__rt_lib_init_getenv_1</STRONG> (Thumb, 0 bytes, Stack size unknown bytes, libinit2.o(.ARM.Collect$$libinit$$00000023))

<P><STRONG><a name="[342]"></a>__rt_lib_init_lc_numeric_1</STRONG> (Thumb, 0 bytes, Stack size unknown bytes, libinit2.o(.ARM.Collect$$libinit$$00000017))

<P><STRONG><a name="[343]"></a>__rt_lib_init_lc_time_1</STRONG> (Thumb, 0 bytes, Stack size unknown bytes, libinit2.o(.ARM.Collect$$libinit$$00000019))

<P><STRONG><a name="[344]"></a>__rt_lib_init_return</STRONG> (Thumb, 0 bytes, Stack size unknown bytes, libinit2.o(.ARM.Collect$$libinit$$00000033))

<P><STRONG><a name="[345]"></a>__rt_lib_init_signal_1</STRONG> (Thumb, 0 bytes, Stack size unknown bytes, libinit2.o(.ARM.Collect$$libinit$$0000001D))

<P><STRONG><a name="[346]"></a>__rt_lib_init_stdio_1</STRONG> (Thumb, 0 bytes, Stack size unknown bytes, libinit2.o(.ARM.Collect$$libinit$$00000025))

<P><STRONG><a name="[54]"></a>__rt_lib_shutdown</STRONG> (Thumb, 0 bytes, Stack size unknown bytes, libshutdown.o(.ARM.Collect$$libshutdown$$00000000))
<BR><BR>[Called By]<UL><LI><a href="#[53]">&gt;&gt;</a>&nbsp;&nbsp;&nbsp;__rt_exit_ls (via Veneer)
</UL>

<P><STRONG><a name="[347]"></a>__rt_lib_shutdown_cpp_1</STRONG> (Thumb, 0 bytes, Stack size unknown bytes, libshutdown2.o(.ARM.Collect$$libshutdown$$00000002))

<P><STRONG><a name="[348]"></a>__rt_lib_shutdown_fp_trap_1</STRONG> (Thumb, 0 bytes, Stack size unknown bytes, libshutdown2.o(.ARM.Collect$$libshutdown$$00000007))

<P><STRONG><a name="[349]"></a>__rt_lib_shutdown_heap_1</STRONG> (Thumb, 0 bytes, Stack size unknown bytes, libshutdown2.o(.ARM.Collect$$libshutdown$$0000000F))

<P><STRONG><a name="[34a]"></a>__rt_lib_shutdown_return</STRONG> (Thumb, 0 bytes, Stack size unknown bytes, libshutdown2.o(.ARM.Collect$$libshutdown$$00000010))

<P><STRONG><a name="[34b]"></a>__rt_lib_shutdown_signal_1</STRONG> (Thumb, 0 bytes, Stack size unknown bytes, libshutdown2.o(.ARM.Collect$$libshutdown$$0000000A))

<P><STRONG><a name="[34c]"></a>__rt_lib_shutdown_stdio_1</STRONG> (Thumb, 0 bytes, Stack size unknown bytes, libshutdown2.o(.ARM.Collect$$libshutdown$$00000004))

<P><STRONG><a name="[34d]"></a>__rt_lib_shutdown_user_alloc_1</STRONG> (Thumb, 0 bytes, Stack size unknown bytes, libshutdown2.o(.ARM.Collect$$libshutdown$$0000000C))

<P><STRONG><a name="[2f]"></a>__rt_entry</STRONG> (ARM, 0 bytes, Stack size unknown bytes, __rtentry.o(.ARM.Collect$$rtentry$$00000000))
<BR><BR>[Called By]<UL><LI><a href="#[2d]">&gt;&gt;</a>&nbsp;&nbsp;&nbsp;__main
<LI><a href="#[30]">&gt;&gt;</a>&nbsp;&nbsp;&nbsp;__scatterload_rt2
</UL>

<P><STRONG><a name="[34e]"></a>__rt_entry_presh_1</STRONG> (ARM, 0 bytes, Stack size unknown bytes, __rtentry2.o(.ARM.Collect$$rtentry$$00000002))

<P><STRONG><a name="[4d]"></a>__rt_entry_sh</STRONG> (ARM, 0 bytes, Stack size unknown bytes, __rtentry4.o(.ARM.Collect$$rtentry$$00000004))
<BR><BR>[Stack]<UL><LI>Max Depth = 8 + Unknown Stack Size
<LI>Call Chain = __rt_entry_sh &rArr; __user_setup_stackheap
</UL>
<BR>[Calls]<UL><LI><a href="#[4e]">&gt;&gt;</a>&nbsp;&nbsp;&nbsp;__user_setup_stackheap
</UL>

<P><STRONG><a name="[4f]"></a>__rt_entry_li</STRONG> (ARM, 0 bytes, Stack size unknown bytes, __rtentry2.o(.ARM.Collect$$rtentry$$0000000A))
<BR><BR>[Calls]<UL><LI><a href="#[50]">&gt;&gt;</a>&nbsp;&nbsp;&nbsp;__rt_lib_init (via Veneer)
</UL>

<P><STRONG><a name="[34f]"></a>__rt_entry_postsh_1</STRONG> (ARM, 0 bytes, Stack size unknown bytes, __rtentry2.o(.ARM.Collect$$rtentry$$00000009))

<P><STRONG><a name="[51]"></a>__rt_entry_main</STRONG> (ARM, 0 bytes, Stack size unknown bytes, __rtentry2.o(.ARM.Collect$$rtentry$$0000000D))
<BR><BR>[Stack]<UL><LI>Max Depth = 8 + Unknown Stack Size
<LI>Call Chain = __rt_entry_main &rArr; exit
</UL>
<BR>[Calls]<UL><LI><a href="#[52]">&gt;&gt;</a>&nbsp;&nbsp;&nbsp;exit (via BX)
</UL>

<P><STRONG><a name="[350]"></a>__rt_entry_postli_1</STRONG> (ARM, 0 bytes, Stack size unknown bytes, __rtentry2.o(.ARM.Collect$$rtentry$$0000000C))

<P><STRONG><a name="[a3]"></a>__rt_exit</STRONG> (ARM, 0 bytes, Stack size unknown bytes, rtexit.o(.ARM.Collect$$rtexit$$00000000))
<BR><BR>[Called By]<UL><LI><a href="#[52]">&gt;&gt;</a>&nbsp;&nbsp;&nbsp;exit (via Veneer)
</UL>

<P><STRONG><a name="[53]"></a>__rt_exit_ls</STRONG> (ARM, 0 bytes, Stack size unknown bytes, rtexit2.o(.ARM.Collect$$rtexit$$00000003))
<BR><BR>[Calls]<UL><LI><a href="#[54]">&gt;&gt;</a>&nbsp;&nbsp;&nbsp;__rt_lib_shutdown (via Veneer)
</UL>

<P><STRONG><a name="[351]"></a>__rt_exit_prels_1</STRONG> (ARM, 0 bytes, Stack size unknown bytes, rtexit2.o(.ARM.Collect$$rtexit$$00000002))

<P><STRONG><a name="[55]"></a>__rt_exit_exit</STRONG> (ARM, 0 bytes, Stack size unknown bytes, rtexit2.o(.ARM.Collect$$rtexit$$00000004))
<BR><BR>[Calls]<UL><LI><a href="#[56]">&gt;&gt;</a>&nbsp;&nbsp;&nbsp;_sys_exit
</UL>

<P><STRONG><a name="[a1]"></a>__user_initial_stackheap</STRONG> (ARM, 0 bytes, Stack size unknown bytes, startup_lpc23xx.o(.text))
<BR><BR>[Called By]<UL><LI><a href="#[4e]">&gt;&gt;</a>&nbsp;&nbsp;&nbsp;__user_setup_stackheap
</UL>

<P><STRONG><a name="[352]"></a>_maybe_terminate_alloc</STRONG> (Thumb, 0 bytes, Stack size unknown bytes, maybetermalloc1.o(.emb_text), UNUSED)

<P><STRONG><a name="[353]"></a>__I$use$semihosting</STRONG> (ARM, 0 bytes, Stack size 0 bytes, use_no_semi.o(.text), UNUSED)

<P><STRONG><a name="[354]"></a>__use_no_semihosting_swi</STRONG> (ARM, 4 bytes, Stack size 0 bytes, use_no_semi.o(.text), UNUSED)

<P><STRONG><a name="[57]"></a>__rt_ctype_table</STRONG> (ARM, 24 bytes, Stack size 8 bytes, rt_ctype_table.o(.text))
<BR><BR>[Stack]<UL><LI>Max Depth = 8<LI>Call Chain = __rt_ctype_table
</UL>
<BR>[Calls]<UL><LI><a href="#[49]">&gt;&gt;</a>&nbsp;&nbsp;&nbsp;__rt_locale
</UL>
<BR>[Called By]<UL><LI><a href="#[211]">&gt;&gt;</a>&nbsp;&nbsp;&nbsp;ipv4StringToAddr
<LI><a href="#[26b]">&gt;&gt;</a>&nbsp;&nbsp;&nbsp;mdnsResponderChangeHostname
<LI><a href="#[5d]">&gt;&gt;</a>&nbsp;&nbsp;&nbsp;toupper (via Veneer)
<LI><a href="#[5c]">&gt;&gt;</a>&nbsp;&nbsp;&nbsp;isxdigit (via Veneer)
<LI><a href="#[6b]">&gt;&gt;</a>&nbsp;&nbsp;&nbsp;_wcrtomb (via Veneer)
<LI><a href="#[73]">&gt;&gt;</a>&nbsp;&nbsp;&nbsp;strtol (via Veneer)
<LI><a href="#[75]">&gt;&gt;</a>&nbsp;&nbsp;&nbsp;tolower (via Veneer)
</UL>

<P><STRONG><a name="[58]"></a>malloc</STRONG> (Thumb, 110 bytes, Stack size 16 bytes, h1_alloc.o(.text))
<BR><BR>[Stack]<UL><LI>Max Depth = 56<LI>Call Chain = malloc &rArr; __Heap_Full &rArr; __Heap_ProvideMemory &rArr; free
</UL>
<BR>[Calls]<UL><LI><a href="#[5a]">&gt;&gt;</a>&nbsp;&nbsp;&nbsp;__Heap_Full
<LI><a href="#[59]">&gt;&gt;</a>&nbsp;&nbsp;&nbsp;__rt_heap_descriptor (via Veneer)
</UL>
<BR>[Called By]<UL><LI><a href="#[27c]">&gt;&gt;</a>&nbsp;&nbsp;&nbsp;osAllocMem (via Veneer)
</UL>

<P><STRONG><a name="[5b]"></a>free</STRONG> (Thumb, 84 bytes, Stack size 16 bytes, h1_free.o(.text))
<BR><BR>[Stack]<UL><LI>Max Depth = 16<LI>Call Chain = free
</UL>
<BR>[Calls]<UL><LI><a href="#[59]">&gt;&gt;</a>&nbsp;&nbsp;&nbsp;__rt_heap_descriptor (via Veneer)
</UL>
<BR>[Called By]<UL><LI><a href="#[27e]">&gt;&gt;</a>&nbsp;&nbsp;&nbsp;osFreeMem (via Veneer)
<LI><a href="#[86]">&gt;&gt;</a>&nbsp;&nbsp;&nbsp;__Heap_ProvideMemory
</UL>

<P><STRONG><a name="[5c]"></a>isxdigit</STRONG> (Thumb, 26 bytes, Stack size 8 bytes, isxdigit.o(.text))
<BR><BR>[Stack]<UL><LI>Max Depth = 16<LI>Call Chain = isxdigit &rArr; __rt_ctype_table
</UL>
<BR>[Calls]<UL><LI><a href="#[57]">&gt;&gt;</a>&nbsp;&nbsp;&nbsp;__rt_ctype_table (via Veneer)
</UL>
<BR>[Called By]<UL><LI><a href="#[1e4]">&gt;&gt;</a>&nbsp;&nbsp;&nbsp;hex_val (via Veneer)
</UL>

<P><STRONG><a name="[5d]"></a>toupper</STRONG> (Thumb, 34 bytes, Stack size 8 bytes, toupper.o(.text))
<BR><BR>[Stack]<UL><LI>Max Depth = 16<LI>Call Chain = toupper &rArr; __rt_ctype_table
</UL>
<BR>[Calls]<UL><LI><a href="#[57]">&gt;&gt;</a>&nbsp;&nbsp;&nbsp;__rt_ctype_table (via Veneer)
</UL>
<BR>[Called By]<UL><LI><a href="#[1e4]">&gt;&gt;</a>&nbsp;&nbsp;&nbsp;hex_val (via Veneer)
<LI><a href="#[282]">&gt;&gt;</a>&nbsp;&nbsp;&nbsp;nbnsEncodeName (via Veneer)
<LI><a href="#[281]">&gt;&gt;</a>&nbsp;&nbsp;&nbsp;nbnsCompareName (via Veneer)
</UL>

<P><STRONG><a name="[5e]"></a>__2fprintf</STRONG> (Thumb, 22 bytes, Stack size 24 bytes, __2fprintf.o(.text))
<BR><BR>[Stack]<UL><LI>Max Depth = 136 + Unknown Stack Size
<LI>Call Chain = __2fprintf &rArr; _printf_char_file &rArr; _printf_char_common &rArr; __printf
</UL>
<BR>[Calls]<UL><LI><a href="#[5f]">&gt;&gt;</a>&nbsp;&nbsp;&nbsp;_printf_char_file
</UL>
<BR>[Called By]<UL><LI><a href="#[f]">&gt;&gt;</a>&nbsp;&nbsp;&nbsp;main (via Veneer)
<LI><a href="#[320]">&gt;&gt;</a>&nbsp;&nbsp;&nbsp;telnetserverwait (via Veneer)
<LI><a href="#[31f]">&gt;&gt;</a>&nbsp;&nbsp;&nbsp;telnetServerStateSend (via Veneer)
<LI><a href="#[31e]">&gt;&gt;</a>&nbsp;&nbsp;&nbsp;telnetServerStateReceive (via Veneer)
<LI><a href="#[31c]">&gt;&gt;</a>&nbsp;&nbsp;&nbsp;telnetServerStateExecute (via Veneer)
<LI><a href="#[2fa]">&gt;&gt;</a>&nbsp;&nbsp;&nbsp;tcpClienteventStateInit (via Veneer)
</UL>

<P><STRONG><a name="[60]"></a>__2sprintf</STRONG> (Thumb, 40 bytes, Stack size 32 bytes, __2sprintf.o(.text))
<BR><BR>[Stack]<UL><LI>Max Depth = 128 + Unknown Stack Size
<LI>Call Chain = __2sprintf &rArr; _printf_char_common &rArr; __printf
</UL>
<BR>[Calls]<UL><LI><a href="#[11]">&gt;&gt;</a>&nbsp;&nbsp;&nbsp;_sputc
<LI><a href="#[61]">&gt;&gt;</a>&nbsp;&nbsp;&nbsp;_printf_char_common
</UL>
<BR>[Called By]<UL><LI><a href="#[25a]">&gt;&gt;</a>&nbsp;&nbsp;&nbsp;main_menu_user_task (via Veneer)
<LI><a href="#[bd]">&gt;&gt;</a>&nbsp;&nbsp;&nbsp;lcd_show_str (via Veneer)
<LI><a href="#[b8]">&gt;&gt;</a>&nbsp;&nbsp;&nbsp;lcd_show_index (via Veneer)
<LI><a href="#[168]">&gt;&gt;</a>&nbsp;&nbsp;&nbsp;get_timestamp (via Veneer)
<LI><a href="#[257]">&gt;&gt;</a>&nbsp;&nbsp;&nbsp;menu_login (via Veneer)
<LI><a href="#[f2]">&gt;&gt;</a>&nbsp;&nbsp;&nbsp;alarm_handler (via Veneer)
<LI><a href="#[2b0]">&gt;&gt;</a>&nbsp;&nbsp;&nbsp;total_register (via Veneer)
<LI><a href="#[d6]">&gt;&gt;</a>&nbsp;&nbsp;&nbsp;read_code (via Veneer)
<LI><a href="#[da]">&gt;&gt;</a>&nbsp;&nbsp;&nbsp;writedefaults_sdcard (via Veneer)
<LI><a href="#[2a2]">&gt;&gt;</a>&nbsp;&nbsp;&nbsp;view_mac_address (via Veneer)
<LI><a href="#[165]">&gt;&gt;</a>&nbsp;&nbsp;&nbsp;create_keyevents (via Veneer)
<LI><a href="#[1d4]">&gt;&gt;</a>&nbsp;&nbsp;&nbsp;format_ip (via Veneer)
<LI><a href="#[10d]">&gt;&gt;</a>&nbsp;&nbsp;&nbsp;verify_identity (via Veneer)
<LI><a href="#[24c]">&gt;&gt;</a>&nbsp;&nbsp;&nbsp;netInit (via Veneer)
<LI><a href="#[242]">&gt;&gt;</a>&nbsp;&nbsp;&nbsp;macAddrToString (via Veneer)
<LI><a href="#[234]">&gt;&gt;</a>&nbsp;&nbsp;&nbsp;key_check_2 (via Veneer)
<LI><a href="#[10e]">&gt;&gt;</a>&nbsp;&nbsp;&nbsp;getresult_identy (via Veneer)
<LI><a href="#[24a]">&gt;&gt;</a>&nbsp;&nbsp;&nbsp;structure_size (via Veneer)
<LI><a href="#[f]">&gt;&gt;</a>&nbsp;&nbsp;&nbsp;main (via Veneer)
<LI><a href="#[31c]">&gt;&gt;</a>&nbsp;&nbsp;&nbsp;telnetServerStateExecute (via Veneer)
<LI><a href="#[15f]">&gt;&gt;</a>&nbsp;&nbsp;&nbsp;tcpconfig_protocol_send (via Veneer)
<LI><a href="#[153]">&gt;&gt;</a>&nbsp;&nbsp;&nbsp;handle_protocol_configpacket (via Veneer)
<LI><a href="#[1df]">&gt;&gt;</a>&nbsp;&nbsp;&nbsp;get_Connection_confiq (via Veneer)
<LI><a href="#[1d5]">&gt;&gt;</a>&nbsp;&nbsp;&nbsp;fw_download_sd (via Veneer)
<LI><a href="#[15e]">&gt;&gt;</a>&nbsp;&nbsp;&nbsp;crc_calculation (via Veneer)
<LI><a href="#[14f]">&gt;&gt;</a>&nbsp;&nbsp;&nbsp;check_config_protocol (via Veneer)
<LI><a href="#[325]">&gt;&gt;</a>&nbsp;&nbsp;&nbsp;wrong_unauth_key_check (via Veneer)
<LI><a href="#[25b]">&gt;&gt;</a>&nbsp;&nbsp;&nbsp;user_mykee_task (via Veneer)
<LI><a href="#[27f]">&gt;&gt;</a>&nbsp;&nbsp;&nbsp;multiple_task_access (via Veneer)
<LI><a href="#[2f4]">&gt;&gt;</a>&nbsp;&nbsp;&nbsp;tcpClientStatefwreceive (via Veneer)
<LI><a href="#[2f3]">&gt;&gt;</a>&nbsp;&nbsp;&nbsp;tcpClientStatefwSend (via Veneer)
<LI><a href="#[2f2]">&gt;&gt;</a>&nbsp;&nbsp;&nbsp;tcpClientStatefwInit (via Veneer)
<LI><a href="#[2f1]">&gt;&gt;</a>&nbsp;&nbsp;&nbsp;tcpClientStatefwConnect (via Veneer)
<LI><a href="#[2f7]">&gt;&gt;</a>&nbsp;&nbsp;&nbsp;tcpClientStatereceive (via Veneer)
<LI><a href="#[2ef]">&gt;&gt;</a>&nbsp;&nbsp;&nbsp;tcpClientStateSend (via Veneer)
<LI><a href="#[2ed]">&gt;&gt;</a>&nbsp;&nbsp;&nbsp;tcpClientStateConnect (via Veneer)
<LI><a href="#[158]">&gt;&gt;</a>&nbsp;&nbsp;&nbsp;handle_protocol_configpacket_event (via Veneer)
<LI><a href="#[160]">&gt;&gt;</a>&nbsp;&nbsp;&nbsp;crc_calculation_client (via Veneer)
<LI><a href="#[156]">&gt;&gt;</a>&nbsp;&nbsp;&nbsp;checkcrc_server (via Veneer)
<LI><a href="#[157]">&gt;&gt;</a>&nbsp;&nbsp;&nbsp;check_serial_no_server (via Veneer)
<LI><a href="#[df]">&gt;&gt;</a>&nbsp;&nbsp;&nbsp;EncyptPIAMPacket_hb (via Veneer)
<LI><a href="#[dc]">&gt;&gt;</a>&nbsp;&nbsp;&nbsp;DecyptPIAMPacket_hb (via Veneer)
<LI><a href="#[de]">&gt;&gt;</a>&nbsp;&nbsp;&nbsp;EncyptPIAMPacket (via Veneer)
<LI><a href="#[2fc]">&gt;&gt;</a>&nbsp;&nbsp;&nbsp;tcpClienteventStatereceive (via Veneer)
<LI><a href="#[2fb]">&gt;&gt;</a>&nbsp;&nbsp;&nbsp;tcpClienteventStateSend (via Veneer)
<LI><a href="#[2fa]">&gt;&gt;</a>&nbsp;&nbsp;&nbsp;tcpClienteventStateInit (via Veneer)
<LI><a href="#[161]">&gt;&gt;</a>&nbsp;&nbsp;&nbsp;crc_calculation_client_event (via Veneer)
<LI><a href="#[15a]">&gt;&gt;</a>&nbsp;&nbsp;&nbsp;checksum_verification_event (via Veneer)
<LI><a href="#[159]">&gt;&gt;</a>&nbsp;&nbsp;&nbsp;check_event_receive (via Veneer)
<LI><a href="#[23a]">&gt;&gt;</a>&nbsp;&nbsp;&nbsp;lcd_show_index_int (via Veneer)
<LI><a href="#[2a5]">&gt;&gt;</a>&nbsp;&nbsp;&nbsp;set_port_tcp (via Veneer)
<LI><a href="#[2a4]">&gt;&gt;</a>&nbsp;&nbsp;&nbsp;set_port_hb (via Veneer)
<LI><a href="#[2a6]">&gt;&gt;</a>&nbsp;&nbsp;&nbsp;set_port_cliq (via Veneer)
<LI><a href="#[2a3]">&gt;&gt;</a>&nbsp;&nbsp;&nbsp;set_port (via Veneer)
<LI><a href="#[29e]">&gt;&gt;</a>&nbsp;&nbsp;&nbsp;network1 (via Veneer)
<LI><a href="#[1b9]">&gt;&gt;</a>&nbsp;&nbsp;&nbsp;emerg_remove_return_key (via Veneer)
<LI><a href="#[115]">&gt;&gt;</a>&nbsp;&nbsp;&nbsp;addnewkeys (via Veneer)
<LI><a href="#[169]">&gt;&gt;</a>&nbsp;&nbsp;&nbsp;lcd_show_index_str (via Veneer)
<LI><a href="#[d0]">&gt;&gt;</a>&nbsp;&nbsp;&nbsp;Check_solenoid (via Veneer)
<LI><a href="#[cc]">&gt;&gt;</a>&nbsp;&nbsp;&nbsp;Check_output (via Veneer)
<LI><a href="#[c8]">&gt;&gt;</a>&nbsp;&nbsp;&nbsp;Check_keypad (via Veneer)
<LI><a href="#[c5]">&gt;&gt;</a>&nbsp;&nbsp;&nbsp;Check_cardreader (via Veneer)
<LI><a href="#[b6]">&gt;&gt;</a>&nbsp;&nbsp;&nbsp;Check_board (via Veneer)
<LI><a href="#[10c]">&gt;&gt;</a>&nbsp;&nbsp;&nbsp;set_workdb (via Veneer)
<LI><a href="#[1d3]">&gt;&gt;</a>&nbsp;&nbsp;&nbsp;set_command (via Veneer)
<LI><a href="#[107]">&gt;&gt;</a>&nbsp;&nbsp;&nbsp;search_userenroll (via Veneer)
<LI><a href="#[10b]">&gt;&gt;</a>&nbsp;&nbsp;&nbsp;delete_userrecord (via Veneer)
<LI><a href="#[177]">&gt;&gt;</a>&nbsp;&nbsp;&nbsp;delete_user_details (via Veneer)
<LI><a href="#[176]">&gt;&gt;</a>&nbsp;&nbsp;&nbsp;delete_enrollment (via Veneer)
<LI><a href="#[174]">&gt;&gt;</a>&nbsp;&nbsp;&nbsp;delete_database (via Veneer)
<LI><a href="#[164]">&gt;&gt;</a>&nbsp;&nbsp;&nbsp;create_database (via Veneer)
<LI><a href="#[111]">&gt;&gt;</a>&nbsp;&nbsp;&nbsp;check_status_lumi (via Veneer)
<LI><a href="#[105]">&gt;&gt;</a>&nbsp;&nbsp;&nbsp;check_biomtric (via Veneer)
<LI><a href="#[10a]">&gt;&gt;</a>&nbsp;&nbsp;&nbsp;arm_trigger_value (via Veneer)
<LI><a href="#[108]">&gt;&gt;</a>&nbsp;&nbsp;&nbsp;add_enrollment_user (via Veneer)
<LI><a href="#[104]">&gt;&gt;</a>&nbsp;&nbsp;&nbsp;add_enrollment (via Veneer)
<LI><a href="#[20c]">&gt;&gt;</a>&nbsp;&nbsp;&nbsp;ipv4AddrToString (via Veneer)
<LI><a href="#[278]">&gt;&gt;</a>&nbsp;&nbsp;&nbsp;mdnsResponderSetIpv4ReverseName (via Veneer)
<LI><a href="#[26b]">&gt;&gt;</a>&nbsp;&nbsp;&nbsp;mdnsResponderChangeHostname (via Veneer)
</UL>

<P><STRONG><a name="[62]"></a>_printf_pre_padding</STRONG> (Thumb, 50 bytes, Stack size 16 bytes, _printf_pad.o(.text))
<BR><BR>[Stack]<UL><LI>Max Depth = 16<LI>Call Chain = _printf_pre_padding
</UL>
<BR>[Calls]<UL><LI><a href="#[63]">&gt;&gt;</a>&nbsp;&nbsp;&nbsp;__ARM_common_call_via_r2
</UL>
<BR>[Called By]<UL><LI><a href="#[92]">&gt;&gt;</a>&nbsp;&nbsp;&nbsp;_printf_fp_infnan
<LI><a href="#[90]">&gt;&gt;</a>&nbsp;&nbsp;&nbsp;_printf_fp_dec_real
<LI><a href="#[69]">&gt;&gt;</a>&nbsp;&nbsp;&nbsp;_printf_int_common
<LI><a href="#[6a]">&gt;&gt;</a>&nbsp;&nbsp;&nbsp;_printf_wctomb
<LI><a href="#[65]">&gt;&gt;</a>&nbsp;&nbsp;&nbsp;_printf_str
</UL>

<P><STRONG><a name="[64]"></a>_printf_post_padding</STRONG> (Thumb, 36 bytes, Stack size 16 bytes, _printf_pad.o(.text))
<BR><BR>[Stack]<UL><LI>Max Depth = 16<LI>Call Chain = _printf_post_padding
</UL>
<BR>[Calls]<UL><LI><a href="#[63]">&gt;&gt;</a>&nbsp;&nbsp;&nbsp;__ARM_common_call_via_r2
</UL>
<BR>[Called By]<UL><LI><a href="#[92]">&gt;&gt;</a>&nbsp;&nbsp;&nbsp;_printf_fp_infnan
<LI><a href="#[90]">&gt;&gt;</a>&nbsp;&nbsp;&nbsp;_printf_fp_dec_real
<LI><a href="#[69]">&gt;&gt;</a>&nbsp;&nbsp;&nbsp;_printf_int_common
<LI><a href="#[6a]">&gt;&gt;</a>&nbsp;&nbsp;&nbsp;_printf_wctomb
<LI><a href="#[65]">&gt;&gt;</a>&nbsp;&nbsp;&nbsp;_printf_str
</UL>

<P><STRONG><a name="[66]"></a>_printf_truncate_signed</STRONG> (Thumb, 22 bytes, Stack size 0 bytes, _printf_truncate.o(.text))
<BR><BR>[Called By]<UL><LI><a href="#[39]">&gt;&gt;</a>&nbsp;&nbsp;&nbsp;_printf_int_dec
</UL>

<P><STRONG><a name="[67]"></a>_printf_truncate_unsigned</STRONG> (Thumb, 22 bytes, Stack size 0 bytes, _printf_truncate.o(.text))
<BR><BR>[Called By]<UL><LI><a href="#[3f]">&gt;&gt;</a>&nbsp;&nbsp;&nbsp;_printf_int_hex
<LI><a href="#[3d]">&gt;&gt;</a>&nbsp;&nbsp;&nbsp;_printf_int_oct
<LI><a href="#[39]">&gt;&gt;</a>&nbsp;&nbsp;&nbsp;_printf_int_dec
</UL>

<P><STRONG><a name="[65]"></a>_printf_str</STRONG> (Thumb, 88 bytes, Stack size 16 bytes, _printf_str.o(.text))
<BR><BR>[Stack]<UL><LI>Max Depth = 32<LI>Call Chain = _printf_str &rArr; _printf_post_padding
</UL>
<BR>[Calls]<UL><LI><a href="#[63]">&gt;&gt;</a>&nbsp;&nbsp;&nbsp;__ARM_common_call_via_r2
<LI><a href="#[64]">&gt;&gt;</a>&nbsp;&nbsp;&nbsp;_printf_post_padding
<LI><a href="#[62]">&gt;&gt;</a>&nbsp;&nbsp;&nbsp;_printf_pre_padding
</UL>
<BR>[Called By]<UL><LI><a href="#[93]">&gt;&gt;</a>&nbsp;&nbsp;&nbsp;_printf_cs_common
</UL>

<P><STRONG><a name="[39]"></a>_printf_int_dec</STRONG> (Thumb, 94 bytes, Stack size 32 bytes, _printf_dec.o(.text))
<BR><BR>[Stack]<UL><LI>Max Depth = 88<LI>Call Chain = _printf_int_dec &rArr; _printf_int_common &rArr; _printf_post_padding
</UL>
<BR>[Calls]<UL><LI><a href="#[68]">&gt;&gt;</a>&nbsp;&nbsp;&nbsp;__rt_udiv10 (via Veneer)
<LI><a href="#[69]">&gt;&gt;</a>&nbsp;&nbsp;&nbsp;_printf_int_common
<LI><a href="#[67]">&gt;&gt;</a>&nbsp;&nbsp;&nbsp;_printf_truncate_unsigned
<LI><a href="#[66]">&gt;&gt;</a>&nbsp;&nbsp;&nbsp;_printf_truncate_signed
</UL>
<BR>[Called By]<UL><LI><a href="#[3b]">&gt;&gt;</a>&nbsp;&nbsp;&nbsp;_printf_u (via Veneer)
<LI><a href="#[3a]">&gt;&gt;</a>&nbsp;&nbsp;&nbsp;_printf_d (via Veneer)
<LI><a href="#[38]">&gt;&gt;</a>&nbsp;&nbsp;&nbsp;_printf_i (via Veneer)
</UL>

<P><STRONG><a name="[33]"></a>_printf_charcount</STRONG> (Thumb, 38 bytes, Stack size 0 bytes, _printf_charcount.o(.text))
<BR><BR>[Called By]<UL><LI><a href="#[32]">&gt;&gt;</a>&nbsp;&nbsp;&nbsp;_printf_n (via Veneer)
</UL>

<P><STRONG><a name="[6a]"></a>_printf_wctomb</STRONG> (Thumb, 188 bytes, Stack size 56 bytes, _printf_wctomb.o(.text))
<BR><BR>[Stack]<UL><LI>Max Depth = 80<LI>Call Chain = _printf_wctomb &rArr; _wcrtomb &rArr; __rt_ctype_table
</UL>
<BR>[Calls]<UL><LI><a href="#[6b]">&gt;&gt;</a>&nbsp;&nbsp;&nbsp;_wcrtomb
<LI><a href="#[63]">&gt;&gt;</a>&nbsp;&nbsp;&nbsp;__ARM_common_call_via_r2
<LI><a href="#[64]">&gt;&gt;</a>&nbsp;&nbsp;&nbsp;_printf_post_padding
<LI><a href="#[62]">&gt;&gt;</a>&nbsp;&nbsp;&nbsp;_printf_pre_padding
</UL>
<BR>[Called By]<UL><LI><a href="#[96]">&gt;&gt;</a>&nbsp;&nbsp;&nbsp;_printf_lcs_common
</UL>

<P><STRONG><a name="[3d]"></a>_printf_int_oct</STRONG> (Thumb, 76 bytes, Stack size 16 bytes, _printf_oct_int.o(.text))
<BR><BR>[Stack]<UL><LI>Max Depth = 72<LI>Call Chain = _printf_int_oct &rArr; _printf_int_common &rArr; _printf_post_padding
</UL>
<BR>[Calls]<UL><LI><a href="#[69]">&gt;&gt;</a>&nbsp;&nbsp;&nbsp;_printf_int_common
<LI><a href="#[67]">&gt;&gt;</a>&nbsp;&nbsp;&nbsp;_printf_truncate_unsigned
</UL>
<BR>[Called By]<UL><LI><a href="#[3c]">&gt;&gt;</a>&nbsp;&nbsp;&nbsp;_printf_o (via Veneer)
</UL>

<P><STRONG><a name="[355]"></a>_printf_longlong_oct</STRONG> (Thumb, 0 bytes, Stack size 16 bytes, _printf_oct_int.o(.text), UNUSED)

<P><STRONG><a name="[6c]"></a>_printf_longlong_hex</STRONG> (Thumb, 84 bytes, Stack size 16 bytes, _printf_hex_int_ptr.o(.text))
<BR><BR>[Stack]<UL><LI>Max Depth = 72<LI>Call Chain = _printf_longlong_hex &rArr; _printf_int_common &rArr; _printf_post_padding
</UL>
<BR>[Calls]<UL><LI><a href="#[69]">&gt;&gt;</a>&nbsp;&nbsp;&nbsp;_printf_int_common
</UL>
<BR>[Called By]<UL><LI><a href="#[35]">&gt;&gt;</a>&nbsp;&nbsp;&nbsp;_printf_hex_ptr
<LI><a href="#[3f]">&gt;&gt;</a>&nbsp;&nbsp;&nbsp;_printf_int_hex
</UL>

<P><STRONG><a name="[3f]"></a>_printf_int_hex</STRONG> (Thumb, 26 bytes, Stack size 16 bytes, _printf_hex_int_ptr.o(.text))
<BR><BR>[Stack]<UL><LI>Max Depth = 88<LI>Call Chain = _printf_int_hex &rArr; _printf_longlong_hex &rArr; _printf_int_common &rArr; _printf_post_padding
</UL>
<BR>[Calls]<UL><LI><a href="#[6c]">&gt;&gt;</a>&nbsp;&nbsp;&nbsp;_printf_longlong_hex
<LI><a href="#[67]">&gt;&gt;</a>&nbsp;&nbsp;&nbsp;_printf_truncate_unsigned
</UL>
<BR>[Called By]<UL><LI><a href="#[3e]">&gt;&gt;</a>&nbsp;&nbsp;&nbsp;_printf_x (via Veneer)
</UL>

<P><STRONG><a name="[35]"></a>_printf_hex_ptr</STRONG> (Thumb, 20 bytes, Stack size 8 bytes, _printf_hex_int_ptr.o(.text))
<BR><BR>[Stack]<UL><LI>Max Depth = 80<LI>Call Chain = _printf_hex_ptr &rArr; _printf_longlong_hex &rArr; _printf_int_common &rArr; _printf_post_padding
</UL>
<BR>[Calls]<UL><LI><a href="#[6c]">&gt;&gt;</a>&nbsp;&nbsp;&nbsp;_printf_longlong_hex
</UL>
<BR>[Called By]<UL><LI><a href="#[34]">&gt;&gt;</a>&nbsp;&nbsp;&nbsp;_printf_p (via Veneer)
</UL>

<P><STRONG><a name="[6d]"></a>__printf</STRONG> (Thumb, 406 bytes, Stack size 32 bytes, __printf_flags_ss_wp.o(.text))
<BR><BR>[Stack]<UL><LI>Max Depth = 32 + Unknown Stack Size
<LI>Call Chain = __printf
</UL>
<BR>[Calls]<UL><LI><a href="#[70]">&gt;&gt;</a>&nbsp;&nbsp;&nbsp;_printf_percent (via Veneer)
<LI><a href="#[6f]">&gt;&gt;</a>&nbsp;&nbsp;&nbsp;_is_digit
<LI><a href="#[63]">&gt;&gt;</a>&nbsp;&nbsp;&nbsp;__ARM_common_call_via_r2
<LI><a href="#[6e]">&gt;&gt;</a>&nbsp;&nbsp;&nbsp;__ARM_common_call_via_r1
</UL>
<BR>[Called By]<UL><LI><a href="#[61]">&gt;&gt;</a>&nbsp;&nbsp;&nbsp;_printf_char_common
</UL>

<P><STRONG><a name="[71]"></a>atoi</STRONG> (Thumb, 30 bytes, Stack size 16 bytes, atoi.o(.text))
<BR><BR>[Stack]<UL><LI>Max Depth = 88<LI>Call Chain = atoi &rArr; strtol &rArr; _strtoul
</UL>
<BR>[Calls]<UL><LI><a href="#[73]">&gt;&gt;</a>&nbsp;&nbsp;&nbsp;strtol
<LI><a href="#[72]">&gt;&gt;</a>&nbsp;&nbsp;&nbsp;__aeabi_errno_addr (via Veneer)
</UL>
<BR>[Called By]<UL><LI><a href="#[d6]">&gt;&gt;</a>&nbsp;&nbsp;&nbsp;read_code (via Veneer)
<LI><a href="#[d7]">&gt;&gt;</a>&nbsp;&nbsp;&nbsp;enter_digits (via Veneer)
<LI><a href="#[25b]">&gt;&gt;</a>&nbsp;&nbsp;&nbsp;user_mykee_task (via Veneer)
<LI><a href="#[26b]">&gt;&gt;</a>&nbsp;&nbsp;&nbsp;mdnsResponderChangeHostname (via Veneer)
</UL>

<P><STRONG><a name="[1dd]"></a>strchr</STRONG> (Thumb, 22 bytes, Stack size 0 bytes, strchr.o(.text))
<BR><BR>[Called By]<UL><LI><a href="#[1da]">&gt;&gt;</a>&nbsp;&nbsp;&nbsp;getHostByName (via Veneer)
<LI><a href="#[1db]">&gt;&gt;</a>&nbsp;&nbsp;&nbsp;ipStringToAddr (via Veneer)
</UL>

<P><STRONG><a name="[12b]"></a>memcmp</STRONG> (Thumb, 118 bytes, Stack size 4 bytes, memcmp.o(.text))
<BR><BR>[Stack]<UL><LI>Max Depth = 4<LI>Call Chain = memcmp
</UL>
<BR>[Called By]<UL><LI><a href="#[1c4]">&gt;&gt;</a>&nbsp;&nbsp;&nbsp;ethDropMacAddr (via Veneer)
<LI><a href="#[1bf]">&gt;&gt;</a>&nbsp;&nbsp;&nbsp;ethAcceptMacAddr (via Veneer)
<LI><a href="#[12d]">&gt;&gt;</a>&nbsp;&nbsp;&nbsp;arpProcessRequest (via Veneer)
<LI><a href="#[12e]">&gt;&gt;</a>&nbsp;&nbsp;&nbsp;arpProcessReply (via Veneer)
<LI><a href="#[1cd]">&gt;&gt;</a>&nbsp;&nbsp;&nbsp;ethUpdateOutStats (via Veneer)
<LI><a href="#[1cb]">&gt;&gt;</a>&nbsp;&nbsp;&nbsp;ethUpdateInStats (via Veneer)
<LI><a href="#[1c3]">&gt;&gt;</a>&nbsp;&nbsp;&nbsp;ethCheckDestAddr (via Veneer)
<LI><a href="#[127]">&gt;&gt;</a>&nbsp;&nbsp;&nbsp;arpProcessPacket (via Veneer)
<LI><a href="#[139]">&gt;&gt;</a>&nbsp;&nbsp;&nbsp;ethSendFrame (via Veneer)
<LI><a href="#[21a]">&gt;&gt;</a>&nbsp;&nbsp;&nbsp;ipv4SendPacket (via Veneer)
<LI><a href="#[260]">&gt;&gt;</a>&nbsp;&nbsp;&nbsp;mdnsCompareRecord (via Veneer)
<LI><a href="#[272]">&gt;&gt;</a>&nbsp;&nbsp;&nbsp;mdnsResponderParseNsRecord (via Veneer)
<LI><a href="#[267]">&gt;&gt;</a>&nbsp;&nbsp;&nbsp;mdnsResponderParseAnRecord (via Veneer)
<LI><a href="#[18d]">&gt;&gt;</a>&nbsp;&nbsp;&nbsp;dhcpClientParseOffer (via Veneer)
<LI><a href="#[18c]">&gt;&gt;</a>&nbsp;&nbsp;&nbsp;dhcpClientParseNak (via Veneer)
<LI><a href="#[188]">&gt;&gt;</a>&nbsp;&nbsp;&nbsp;dhcpClientParseAck (via Veneer)
</UL>

<P><STRONG><a name="[1ad]"></a>strcpy</STRONG> (Thumb, 74 bytes, Stack size 12 bytes, strcpy.o(.text))
<BR><BR>[Stack]<UL><LI>Max Depth = 12<LI>Call Chain = strcpy
</UL>
<BR>[Called By]<UL><LI><a href="#[2a2]">&gt;&gt;</a>&nbsp;&nbsp;&nbsp;view_mac_address (via Veneer)
<LI><a href="#[1e2]">&gt;&gt;</a>&nbsp;&nbsp;&nbsp;get_firmware_info (via Veneer)
<LI><a href="#[25b]">&gt;&gt;</a>&nbsp;&nbsp;&nbsp;user_mykee_task (via Veneer)
<LI><a href="#[29e]">&gt;&gt;</a>&nbsp;&nbsp;&nbsp;network1 (via Veneer)
<LI><a href="#[1de]">&gt;&gt;</a>&nbsp;&nbsp;&nbsp;nbnsResolve (via Veneer)
<LI><a href="#[1ac]">&gt;&gt;</a>&nbsp;&nbsp;&nbsp;dnsResolve (via Veneer)
</UL>

<P><STRONG><a name="[74]"></a>strncasecmp</STRONG> (Thumb, 50 bytes, Stack size 32 bytes, strncasecmp.o(.text))
<BR><BR>[Stack]<UL><LI>Max Depth = 48<LI>Call Chain = strncasecmp &rArr; tolower &rArr; __rt_ctype_table
</UL>
<BR>[Calls]<UL><LI><a href="#[75]">&gt;&gt;</a>&nbsp;&nbsp;&nbsp;tolower
</UL>
<BR>[Called By]<UL><LI><a href="#[25e]">&gt;&gt;</a>&nbsp;&nbsp;&nbsp;mdnsCompareName (via Veneer)
<LI><a href="#[1a3]">&gt;&gt;</a>&nbsp;&nbsp;&nbsp;dnsCompareEncodedName (via Veneer)
<LI><a href="#[1a4]">&gt;&gt;</a>&nbsp;&nbsp;&nbsp;dnsCompareName (via Veneer)
</UL>

<P><STRONG><a name="[76]"></a>strcasecmp</STRONG> (Thumb, 42 bytes, Stack size 24 bytes, strcasecmp.o(.text))
<BR><BR>[Stack]<UL><LI>Max Depth = 40<LI>Call Chain = strcasecmp &rArr; tolower &rArr; __rt_ctype_table
</UL>
<BR>[Calls]<UL><LI><a href="#[75]">&gt;&gt;</a>&nbsp;&nbsp;&nbsp;tolower
</UL>
<BR>[Called By]<UL><LI><a href="#[1da]">&gt;&gt;</a>&nbsp;&nbsp;&nbsp;getHostByName (via Veneer)
<LI><a href="#[1a8]">&gt;&gt;</a>&nbsp;&nbsp;&nbsp;dnsFindEntry (via Veneer)
</UL>

<P><STRONG><a name="[1dc]"></a>strlen</STRONG> (Thumb, 64 bytes, Stack size 8 bytes, strlen.o(.text))
<BR><BR>[Stack]<UL><LI>Max Depth = 8<LI>Call Chain = strlen
</UL>
<BR>[Called By]<UL><LI><a href="#[1e2]">&gt;&gt;</a>&nbsp;&nbsp;&nbsp;get_firmware_info (via Veneer)
<LI><a href="#[158]">&gt;&gt;</a>&nbsp;&nbsp;&nbsp;handle_protocol_configpacket_event (via Veneer)
<LI><a href="#[1da]">&gt;&gt;</a>&nbsp;&nbsp;&nbsp;getHostByName (via Veneer)
<LI><a href="#[296]">&gt;&gt;</a>&nbsp;&nbsp;&nbsp;strSafeCopy (via Veneer)
<LI><a href="#[26b]">&gt;&gt;</a>&nbsp;&nbsp;&nbsp;mdnsResponderChangeHostname (via Veneer)
</UL>

<P><STRONG><a name="[1f1]"></a>strncmp</STRONG> (Thumb, 146 bytes, Stack size 16 bytes, strncmp.o(.text))
<BR><BR>[Stack]<UL><LI>Max Depth = 16<LI>Call Chain = strncmp
</UL>
<BR>[Called By]<UL><LI><a href="#[ff]">&gt;&gt;</a>&nbsp;&nbsp;&nbsp;handle_protocol_ble (via Veneer)
</UL>

<P><STRONG><a name="[ca]"></a>strcat</STRONG> (Thumb, 24 bytes, Stack size 0 bytes, strcat.o(.text))
<BR><BR>[Called By]<UL><LI><a href="#[2a2]">&gt;&gt;</a>&nbsp;&nbsp;&nbsp;view_mac_address (via Veneer)
<LI><a href="#[1d5]">&gt;&gt;</a>&nbsp;&nbsp;&nbsp;fw_download_sd (via Veneer)
<LI><a href="#[25b]">&gt;&gt;</a>&nbsp;&nbsp;&nbsp;user_mykee_task (via Veneer)
<LI><a href="#[2fb]">&gt;&gt;</a>&nbsp;&nbsp;&nbsp;tcpClienteventStateSend (via Veneer)
<LI><a href="#[1b9]">&gt;&gt;</a>&nbsp;&nbsp;&nbsp;emerg_remove_return_key (via Veneer)
<LI><a href="#[f1]">&gt;&gt;</a>&nbsp;&nbsp;&nbsp;System_Identity (via Veneer)
<LI><a href="#[c8]">&gt;&gt;</a>&nbsp;&nbsp;&nbsp;Check_keypad (via Veneer)
<LI><a href="#[26b]">&gt;&gt;</a>&nbsp;&nbsp;&nbsp;mdnsResponderChangeHostname (via Veneer)
</UL>

<P><STRONG><a name="[7a]"></a>__aeabi_memcpy</STRONG> (ARM, 0 bytes, Stack size 0 bytes, rt_memcpy.o(.text))
<BR><BR>[Called By]<UL><LI><a href="#[2b1]">&gt;&gt;</a>&nbsp;&nbsp;&nbsp;write_userbkp_sd
<LI><a href="#[142]">&gt;&gt;</a>&nbsp;&nbsp;&nbsp;write_user_sd
<LI><a href="#[2b2]">&gt;&gt;</a>&nbsp;&nbsp;&nbsp;write_taskbkp_sd
<LI><a href="#[114]">&gt;&gt;</a>&nbsp;&nbsp;&nbsp;write_task_sd
<LI><a href="#[d8]">&gt;&gt;</a>&nbsp;&nbsp;&nbsp;write_system_sd
<LI><a href="#[1f6]">&gt;&gt;</a>&nbsp;&nbsp;&nbsp;write_mac_sd
<LI><a href="#[166]">&gt;&gt;</a>&nbsp;&nbsp;&nbsp;write_keyevents_sd
<LI><a href="#[116]">&gt;&gt;</a>&nbsp;&nbsp;&nbsp;write_key_sd
<LI><a href="#[15c]">&gt;&gt;</a>&nbsp;&nbsp;&nbsp;write_event_sd
<LI><a href="#[1f4]">&gt;&gt;</a>&nbsp;&nbsp;&nbsp;write_comm_sd
<LI><a href="#[1d7]">&gt;&gt;</a>&nbsp;&nbsp;&nbsp;write_boot_sd
<LI><a href="#[2ad]">&gt;&gt;</a>&nbsp;&nbsp;&nbsp;read_userbkp_sd
<LI><a href="#[e1]">&gt;&gt;</a>&nbsp;&nbsp;&nbsp;read_user_sd
<LI><a href="#[2ac]">&gt;&gt;</a>&nbsp;&nbsp;&nbsp;read_taskbkp_sd
<LI><a href="#[113]">&gt;&gt;</a>&nbsp;&nbsp;&nbsp;read_task_sd
<LI><a href="#[148]">&gt;&gt;</a>&nbsp;&nbsp;&nbsp;read_system_sd
<LI><a href="#[1f5]">&gt;&gt;</a>&nbsp;&nbsp;&nbsp;read_mac_sd
<LI><a href="#[119]">&gt;&gt;</a>&nbsp;&nbsp;&nbsp;read_keyevents_sd
<LI><a href="#[11b]">&gt;&gt;</a>&nbsp;&nbsp;&nbsp;read_key_sd
<LI><a href="#[15b]">&gt;&gt;</a>&nbsp;&nbsp;&nbsp;read_event_sd
<LI><a href="#[1f3]">&gt;&gt;</a>&nbsp;&nbsp;&nbsp;read_comm_sd
<LI><a href="#[163]">&gt;&gt;</a>&nbsp;&nbsp;&nbsp;read_boot_sd
<LI><a href="#[251]">&gt;&gt;</a>&nbsp;&nbsp;&nbsp;netSetMacAddr
<LI><a href="#[1c4]">&gt;&gt;</a>&nbsp;&nbsp;&nbsp;ethDropMacAddr
<LI><a href="#[1bf]">&gt;&gt;</a>&nbsp;&nbsp;&nbsp;ethAcceptMacAddr
<LI><a href="#[296]">&gt;&gt;</a>&nbsp;&nbsp;&nbsp;strSafeCopy
<LI><a href="#[134]">&gt;&gt;</a>&nbsp;&nbsp;&nbsp;arpSendRequest
<LI><a href="#[132]">&gt;&gt;</a>&nbsp;&nbsp;&nbsp;arpSendReply
<LI><a href="#[135]">&gt;&gt;</a>&nbsp;&nbsp;&nbsp;arpSendProbe
<LI><a href="#[133]">&gt;&gt;</a>&nbsp;&nbsp;&nbsp;arpResolve
<LI><a href="#[12e]">&gt;&gt;</a>&nbsp;&nbsp;&nbsp;arpProcessReply
<LI><a href="#[139]">&gt;&gt;</a>&nbsp;&nbsp;&nbsp;ethSendFrame
<LI><a href="#[1c8]">&gt;&gt;</a>&nbsp;&nbsp;&nbsp;ethProcessFrame
<LI><a href="#[227]">&gt;&gt;</a>&nbsp;&nbsp;&nbsp;netBufferWrite
<LI><a href="#[240]">&gt;&gt;</a>&nbsp;&nbsp;&nbsp;netBufferRead
<LI><a href="#[124]">&gt;&gt;</a>&nbsp;&nbsp;&nbsp;netBufferCopy
<LI><a href="#[2d7]">&gt;&gt;</a>&nbsp;&nbsp;&nbsp;tcpSendSegment
<LI><a href="#[222]">&gt;&gt;</a>&nbsp;&nbsp;&nbsp;udpProcessDatagram
<LI><a href="#[21a]">&gt;&gt;</a>&nbsp;&nbsp;&nbsp;ipv4SendPacket
<LI><a href="#[2ce]">&gt;&gt;</a>&nbsp;&nbsp;&nbsp;udpSendDatagram
<LI><a href="#[2ca]">&gt;&gt;</a>&nbsp;&nbsp;&nbsp;udpReceiveDatagram
<LI><a href="#[2d8]">&gt;&gt;</a>&nbsp;&nbsp;&nbsp;tcpAddOption
<LI><a href="#[17b]">&gt;&gt;</a>&nbsp;&nbsp;&nbsp;dhcpAddOption
<LI><a href="#[26a]">&gt;&gt;</a>&nbsp;&nbsp;&nbsp;mdnsResponderAddNsecRecord
<LI><a href="#[268]">&gt;&gt;</a>&nbsp;&nbsp;&nbsp;mdnsResponderAddIpv4AddrRecord
<LI><a href="#[1ab]">&gt;&gt;</a>&nbsp;&nbsp;&nbsp;dnsParseName
<LI><a href="#[19]">&gt;&gt;</a>&nbsp;&nbsp;&nbsp;dnsProcessResponse
<LI><a href="#[193]">&gt;&gt;</a>&nbsp;&nbsp;&nbsp;dhcpClientSendRequest
<LI><a href="#[192]">&gt;&gt;</a>&nbsp;&nbsp;&nbsp;dhcpClientSendDiscover
<LI><a href="#[18e]">&gt;&gt;</a>&nbsp;&nbsp;&nbsp;dhcpClientSendDecline
<LI><a href="#[18d]">&gt;&gt;</a>&nbsp;&nbsp;&nbsp;dhcpClientParseOffer
<LI><a href="#[188]">&gt;&gt;</a>&nbsp;&nbsp;&nbsp;dhcpClientParseAck
<LI><a href="#[23b]">&gt;&gt;</a>&nbsp;&nbsp;&nbsp;lpc23xxEthReceivePacket
<LI><a href="#[79]">&gt;&gt;</a>&nbsp;&nbsp;&nbsp;__rt_memmove
</UL>

<P><STRONG><a name="[77]"></a>__rt_memcpy</STRONG> (ARM, 212 bytes, Stack size 0 bytes, rt_memcpy.o(.text), UNUSED)
<BR><BR>[Calls]<UL><LI><a href="#[78]">&gt;&gt;</a>&nbsp;&nbsp;&nbsp;__aeabi_memcpy4
</UL>

<P><STRONG><a name="[356]"></a>_memcpy_lastbytes</STRONG> (ARM, 0 bytes, Stack size unknown bytes, rt_memcpy.o(.text), UNUSED)

<P><STRONG><a name="[271]"></a>__aeabi_memmove</STRONG> (ARM, 0 bytes, Stack size 0 bytes, rt_memmove.o(.text))
<BR><BR>[Called By]<UL><LI><a href="#[270]">&gt;&gt;</a>&nbsp;&nbsp;&nbsp;mdnsResponderParseKnownAnRecord
</UL>

<P><STRONG><a name="[79]"></a>__rt_memmove</STRONG> (ARM, 212 bytes, Stack size 0 bytes, rt_memmove.o(.text), UNUSED)
<BR><BR>[Calls]<UL><LI><a href="#[7b]">&gt;&gt;</a>&nbsp;&nbsp;&nbsp;__memmove_aligned
<LI><a href="#[7a]">&gt;&gt;</a>&nbsp;&nbsp;&nbsp;__aeabi_memcpy
</UL>

<P><STRONG><a name="[357]"></a>__memmove_lastfew</STRONG> (ARM, 0 bytes, Stack size unknown bytes, rt_memmove.o(.text), UNUSED)

<P><STRONG><a name="[78]"></a>__aeabi_memcpy4</STRONG> (ARM, 0 bytes, Stack size 8 bytes, rt_memcpy_w.o(.text))
<BR><BR>[Stack]<UL><LI>Max Depth = 8<LI>Call Chain = __aeabi_memcpy4
</UL>
<BR>[Called By]<UL><LI><a href="#[184]">&gt;&gt;</a>&nbsp;&nbsp;&nbsp;dhcpClientInit
<LI><a href="#[1d5]">&gt;&gt;</a>&nbsp;&nbsp;&nbsp;fw_download_sd
<LI><a href="#[de]">&gt;&gt;</a>&nbsp;&nbsp;&nbsp;EncyptPIAMPacket
<LI><a href="#[f1]">&gt;&gt;</a>&nbsp;&nbsp;&nbsp;System_Identity
<LI><a href="#[134]">&gt;&gt;</a>&nbsp;&nbsp;&nbsp;arpSendRequest
<LI><a href="#[132]">&gt;&gt;</a>&nbsp;&nbsp;&nbsp;arpSendReply
<LI><a href="#[135]">&gt;&gt;</a>&nbsp;&nbsp;&nbsp;arpSendProbe
<LI><a href="#[11f]">&gt;&gt;</a>&nbsp;&nbsp;&nbsp;arpEnqueuePacket
<LI><a href="#[139]">&gt;&gt;</a>&nbsp;&nbsp;&nbsp;ethSendFrame
<LI><a href="#[2d7]">&gt;&gt;</a>&nbsp;&nbsp;&nbsp;tcpSendSegment
<LI><a href="#[1ff]">&gt;&gt;</a>&nbsp;&nbsp;&nbsp;icmpProcessEchoRequest
<LI><a href="#[209]">&gt;&gt;</a>&nbsp;&nbsp;&nbsp;icmpSendErrorMessage
<LI><a href="#[2cc]">&gt;&gt;</a>&nbsp;&nbsp;&nbsp;socketSendTo
<LI><a href="#[2c8]">&gt;&gt;</a>&nbsp;&nbsp;&nbsp;socketReceiveEx
<LI><a href="#[2ce]">&gt;&gt;</a>&nbsp;&nbsp;&nbsp;udpSendDatagram
<LI><a href="#[2e5]">&gt;&gt;</a>&nbsp;&nbsp;&nbsp;tcpRetransmitSegment
<LI><a href="#[303]">&gt;&gt;</a>&nbsp;&nbsp;&nbsp;tcpRejectSegment
<LI><a href="#[287]">&gt;&gt;</a>&nbsp;&nbsp;&nbsp;nbnsSendResponse
<LI><a href="#[274]">&gt;&gt;</a>&nbsp;&nbsp;&nbsp;mdnsSendMessage
<LI><a href="#[1b2]">&gt;&gt;</a>&nbsp;&nbsp;&nbsp;nbnsSendQuery
<LI><a href="#[1af]">&gt;&gt;</a>&nbsp;&nbsp;&nbsp;dnsSendQuery
<LI><a href="#[193]">&gt;&gt;</a>&nbsp;&nbsp;&nbsp;dhcpClientSendRequest
<LI><a href="#[192]">&gt;&gt;</a>&nbsp;&nbsp;&nbsp;dhcpClientSendDiscover
<LI><a href="#[18e]">&gt;&gt;</a>&nbsp;&nbsp;&nbsp;dhcpClientSendDecline
<LI><a href="#[7c]">&gt;&gt;</a>&nbsp;&nbsp;&nbsp;__rt_memmove_w
<LI><a href="#[77]">&gt;&gt;</a>&nbsp;&nbsp;&nbsp;__rt_memcpy
</UL>

<P><STRONG><a name="[358]"></a>__aeabi_memcpy8</STRONG> (ARM, 0 bytes, Stack size 8 bytes, rt_memcpy_w.o(.text), UNUSED)

<P><STRONG><a name="[359]"></a>__rt_memcpy_w</STRONG> (ARM, 100 bytes, Stack size 8 bytes, rt_memcpy_w.o(.text), UNUSED)

<P><STRONG><a name="[35a]"></a>_memcpy_lastbytes_aligned</STRONG> (ARM, 0 bytes, Stack size unknown bytes, rt_memcpy_w.o(.text), UNUSED)

<P><STRONG><a name="[31a]"></a>__aeabi_memmove4</STRONG> (ARM, 0 bytes, Stack size 8 bytes, rt_memmove_w.o(.text))
<BR><BR>[Stack]<UL><LI>Max Depth = 8<LI>Call Chain = __aeabi_memmove4
</UL>
<BR>[Called By]<UL><LI><a href="#[311]">&gt;&gt;</a>&nbsp;&nbsp;&nbsp;tcpUpdateSackBlocks
</UL>

<P><STRONG><a name="[35b]"></a>__aeabi_memmove8</STRONG> (ARM, 0 bytes, Stack size 8 bytes, rt_memmove_w.o(.text), UNUSED)

<P><STRONG><a name="[7c]"></a>__rt_memmove_w</STRONG> (ARM, 128 bytes, Stack size 8 bytes, rt_memmove_w.o(.text), UNUSED)
<BR><BR>[Calls]<UL><LI><a href="#[78]">&gt;&gt;</a>&nbsp;&nbsp;&nbsp;__aeabi_memcpy4
</UL>

<P><STRONG><a name="[7b]"></a>__memmove_aligned</STRONG> (ARM, 0 bytes, Stack size unknown bytes, rt_memmove_w.o(.text), UNUSED)
<BR><BR>[Called By]<UL><LI><a href="#[79]">&gt;&gt;</a>&nbsp;&nbsp;&nbsp;__rt_memmove
</UL>

<P><STRONG><a name="[35c]"></a>__memmove_lastfew_aligned</STRONG> (ARM, 0 bytes, Stack size unknown bytes, rt_memmove_w.o(.text), UNUSED)

<P><STRONG><a name="[80]"></a>__aeabi_memclr</STRONG> (ARM, 0 bytes, Stack size 0 bytes, rt_memclr.o(.text))
<BR><BR>[Called By]<UL><LI><a href="#[b4]">&gt;&gt;</a>&nbsp;&nbsp;&nbsp;AES128_CBC_encrypt_buffer
<LI><a href="#[af]">&gt;&gt;</a>&nbsp;&nbsp;&nbsp;AES128_CBC_decrypt_buffer
<LI><a href="#[29e]">&gt;&gt;</a>&nbsp;&nbsp;&nbsp;network1
<LI><a href="#[28a]">&gt;&gt;</a>&nbsp;&nbsp;&nbsp;netInitRand
<LI><a href="#[193]">&gt;&gt;</a>&nbsp;&nbsp;&nbsp;dhcpClientSendRequest
<LI><a href="#[192]">&gt;&gt;</a>&nbsp;&nbsp;&nbsp;dhcpClientSendDiscover
<LI><a href="#[18e]">&gt;&gt;</a>&nbsp;&nbsp;&nbsp;dhcpClientSendDecline
<LI><a href="#[7f]">&gt;&gt;</a>&nbsp;&nbsp;&nbsp;strncpy
</UL>

<P><STRONG><a name="[7d]"></a>__rt_memclr</STRONG> (ARM, 64 bytes, Stack size 0 bytes, rt_memclr.o(.text), UNUSED)
<BR><BR>[Calls]<UL><LI><a href="#[7e]">&gt;&gt;</a>&nbsp;&nbsp;&nbsp;_memset_w
</UL>

<P><STRONG><a name="[35d]"></a>_memset</STRONG> (ARM, 0 bytes, Stack size unknown bytes, rt_memclr.o(.text), UNUSED)

<P><STRONG><a name="[9c]"></a>__aeabi_memclr4</STRONG> (ARM, 0 bytes, Stack size 4 bytes, rt_memclr_w.o(.text))
<BR><BR>[Stack]<UL><LI>Max Depth = 4<LI>Call Chain = __aeabi_memclr4
</UL>
<BR>[Called By]<UL><LI><a href="#[da]">&gt;&gt;</a>&nbsp;&nbsp;&nbsp;writedefaults_sdcard
<LI><a href="#[2a2]">&gt;&gt;</a>&nbsp;&nbsp;&nbsp;view_mac_address
<LI><a href="#[d7]">&gt;&gt;</a>&nbsp;&nbsp;&nbsp;enter_digits
<LI><a href="#[24c]">&gt;&gt;</a>&nbsp;&nbsp;&nbsp;netInit
<LI><a href="#[184]">&gt;&gt;</a>&nbsp;&nbsp;&nbsp;dhcpClientInit
<LI><a href="#[f]">&gt;&gt;</a>&nbsp;&nbsp;&nbsp;main
<LI><a href="#[1d5]">&gt;&gt;</a>&nbsp;&nbsp;&nbsp;fw_download_sd
<LI><a href="#[25b]">&gt;&gt;</a>&nbsp;&nbsp;&nbsp;user_mykee_task
<LI><a href="#[1b9]">&gt;&gt;</a>&nbsp;&nbsp;&nbsp;emerg_remove_return_key
<LI><a href="#[290]">&gt;&gt;</a>&nbsp;&nbsp;&nbsp;udpInit
<LI><a href="#[28f]">&gt;&gt;</a>&nbsp;&nbsp;&nbsp;socketInit
<LI><a href="#[21c]">&gt;&gt;</a>&nbsp;&nbsp;&nbsp;ipv4Init
<LI><a href="#[1c5]">&gt;&gt;</a>&nbsp;&nbsp;&nbsp;ethInit
<LI><a href="#[1aa]">&gt;&gt;</a>&nbsp;&nbsp;&nbsp;dnsInit
<LI><a href="#[126]">&gt;&gt;</a>&nbsp;&nbsp;&nbsp;arpInit
<LI><a href="#[11c]">&gt;&gt;</a>&nbsp;&nbsp;&nbsp;arpCreateEntry
<LI><a href="#[2bd]">&gt;&gt;</a>&nbsp;&nbsp;&nbsp;socketAllocate
<LI><a href="#[1a5]">&gt;&gt;</a>&nbsp;&nbsp;&nbsp;dnsCreateEntry
<LI><a href="#[1fe]">&gt;&gt;</a>&nbsp;&nbsp;&nbsp;i2c_lpc_rx_to_buf
<LI><a href="#[82]">&gt;&gt;</a>&nbsp;&nbsp;&nbsp;_localtime_r (via Veneer)
</UL>

<P><STRONG><a name="[35e]"></a>__aeabi_memclr8</STRONG> (ARM, 0 bytes, Stack size 4 bytes, rt_memclr_w.o(.text), UNUSED)

<P><STRONG><a name="[35f]"></a>__rt_memclr_w</STRONG> (ARM, 84 bytes, Stack size 4 bytes, rt_memclr_w.o(.text), UNUSED)

<P><STRONG><a name="[7e]"></a>_memset_w</STRONG> (ARM, 0 bytes, Stack size unknown bytes, rt_memclr_w.o(.text), UNUSED)
<BR><BR>[Called By]<UL><LI><a href="#[7d]">&gt;&gt;</a>&nbsp;&nbsp;&nbsp;__rt_memclr
</UL>

<P><STRONG><a name="[7f]"></a>strncpy</STRONG> (ARM, 108 bytes, Stack size 8 bytes, strncpy.o(.text))
<BR><BR>[Stack]<UL><LI>Max Depth = 8<LI>Call Chain = strncpy
</UL>
<BR>[Calls]<UL><LI><a href="#[80]">&gt;&gt;</a>&nbsp;&nbsp;&nbsp;__aeabi_memclr
</UL>
<BR>[Called By]<UL><LI><a href="#[25b]">&gt;&gt;</a>&nbsp;&nbsp;&nbsp;user_mykee_task
<LI><a href="#[176]">&gt;&gt;</a>&nbsp;&nbsp;&nbsp;delete_enrollment
<LI><a href="#[104]">&gt;&gt;</a>&nbsp;&nbsp;&nbsp;add_enrollment
</UL>

<P><STRONG><a name="[1d6]"></a>strcmp</STRONG> (ARM, 240 bytes, Stack size 4 bytes, strcmp.o(.text))
<BR><BR>[Stack]<UL><LI>Max Depth = 4<LI>Call Chain = strcmp
</UL>
<BR>[Called By]<UL><LI><a href="#[1d5]">&gt;&gt;</a>&nbsp;&nbsp;&nbsp;fw_download_sd
<LI><a href="#[4c]">&gt;&gt;</a>&nbsp;&nbsp;&nbsp;_get_lc_numeric
<LI><a href="#[10]">&gt;&gt;</a>&nbsp;&nbsp;&nbsp;_get_lc_ctype
</UL>

<P><STRONG><a name="[129]"></a>__aeabi_uread4</STRONG> (ARM, 0 bytes, Stack size 0 bytes, uread4.o(.text))
<BR><BR>[Called By]<UL><LI><a href="#[12d]">&gt;&gt;</a>&nbsp;&nbsp;&nbsp;arpProcessRequest
<LI><a href="#[12e]">&gt;&gt;</a>&nbsp;&nbsp;&nbsp;arpProcessReply
<LI><a href="#[1cc]">&gt;&gt;</a>&nbsp;&nbsp;&nbsp;ipv4ProcessPacket
<LI><a href="#[127]">&gt;&gt;</a>&nbsp;&nbsp;&nbsp;arpProcessPacket
<LI><a href="#[2d7]">&gt;&gt;</a>&nbsp;&nbsp;&nbsp;tcpSendSegment
<LI><a href="#[1ff]">&gt;&gt;</a>&nbsp;&nbsp;&nbsp;icmpProcessEchoRequest
<LI><a href="#[226]">&gt;&gt;</a>&nbsp;&nbsp;&nbsp;ipv4SearchFragQueue
<LI><a href="#[221]">&gt;&gt;</a>&nbsp;&nbsp;&nbsp;tcpProcessSegment
<LI><a href="#[209]">&gt;&gt;</a>&nbsp;&nbsp;&nbsp;icmpSendErrorMessage
<LI><a href="#[21a]">&gt;&gt;</a>&nbsp;&nbsp;&nbsp;ipv4SendPacket
<LI><a href="#[220]">&gt;&gt;</a>&nbsp;&nbsp;&nbsp;ipv4ProcessDatagram
<LI><a href="#[2db]">&gt;&gt;</a>&nbsp;&nbsp;&nbsp;tcpUpdateSendWindow
<LI><a href="#[2e5]">&gt;&gt;</a>&nbsp;&nbsp;&nbsp;tcpRetransmitSegment
<LI><a href="#[2da]">&gt;&gt;</a>&nbsp;&nbsp;&nbsp;tcpIsDuplicateAck
<LI><a href="#[2de]">&gt;&gt;</a>&nbsp;&nbsp;&nbsp;tcpFastRecovery
<LI><a href="#[2df]">&gt;&gt;</a>&nbsp;&nbsp;&nbsp;tcpFastLossRecovery
<LI><a href="#[2dd]">&gt;&gt;</a>&nbsp;&nbsp;&nbsp;tcpUpdateRetransmitQueue
<LI><a href="#[303]">&gt;&gt;</a>&nbsp;&nbsp;&nbsp;tcpRejectSegment
<LI><a href="#[30f]">&gt;&gt;</a>&nbsp;&nbsp;&nbsp;tcpProcessSegmentData
<LI><a href="#[2e8]">&gt;&gt;</a>&nbsp;&nbsp;&nbsp;tcpCheckSyn
<LI><a href="#[2e7]">&gt;&gt;</a>&nbsp;&nbsp;&nbsp;tcpCheckSeqNum
<LI><a href="#[2d9]">&gt;&gt;</a>&nbsp;&nbsp;&nbsp;tcpCheckAck
<LI><a href="#[306]">&gt;&gt;</a>&nbsp;&nbsp;&nbsp;tcpStateSynSent
<LI><a href="#[307]">&gt;&gt;</a>&nbsp;&nbsp;&nbsp;tcpStateSynReceived
<LI><a href="#[305]">&gt;&gt;</a>&nbsp;&nbsp;&nbsp;tcpStateListen
<LI><a href="#[30a]">&gt;&gt;</a>&nbsp;&nbsp;&nbsp;tcpStateLastAck
<LI><a href="#[30c]">&gt;&gt;</a>&nbsp;&nbsp;&nbsp;tcpStateFinWait2
<LI><a href="#[30b]">&gt;&gt;</a>&nbsp;&nbsp;&nbsp;tcpStateFinWait1
<LI><a href="#[308]">&gt;&gt;</a>&nbsp;&nbsp;&nbsp;tcpStateEstablished
<LI><a href="#[30d]">&gt;&gt;</a>&nbsp;&nbsp;&nbsp;tcpStateClosing
<LI><a href="#[18]">&gt;&gt;</a>&nbsp;&nbsp;&nbsp;dhcpClientProcessMessage
<LI><a href="#[284]">&gt;&gt;</a>&nbsp;&nbsp;&nbsp;nbnsProcessQuery
<LI><a href="#[285]">&gt;&gt;</a>&nbsp;&nbsp;&nbsp;nbnsProcessResponse
<LI><a href="#[270]">&gt;&gt;</a>&nbsp;&nbsp;&nbsp;mdnsResponderParseKnownAnRecord
<LI><a href="#[19]">&gt;&gt;</a>&nbsp;&nbsp;&nbsp;dnsProcessResponse
<LI><a href="#[18d]">&gt;&gt;</a>&nbsp;&nbsp;&nbsp;dhcpClientParseOffer
<LI><a href="#[18c]">&gt;&gt;</a>&nbsp;&nbsp;&nbsp;dhcpClientParseNak
<LI><a href="#[188]">&gt;&gt;</a>&nbsp;&nbsp;&nbsp;dhcpClientParseAck
</UL>

<P><STRONG><a name="[360]"></a>__rt_uread4</STRONG> (ARM, 32 bytes, Stack size 0 bytes, uread4.o(.text), UNUSED)

<P><STRONG><a name="[138]"></a>__aeabi_uwrite4</STRONG> (ARM, 0 bytes, Stack size 0 bytes, uwrite4.o(.text))
<BR><BR>[Called By]<UL><LI><a href="#[134]">&gt;&gt;</a>&nbsp;&nbsp;&nbsp;arpSendRequest
<LI><a href="#[132]">&gt;&gt;</a>&nbsp;&nbsp;&nbsp;arpSendReply
<LI><a href="#[135]">&gt;&gt;</a>&nbsp;&nbsp;&nbsp;arpSendProbe
<LI><a href="#[2d7]">&gt;&gt;</a>&nbsp;&nbsp;&nbsp;tcpSendSegment
<LI><a href="#[221]">&gt;&gt;</a>&nbsp;&nbsp;&nbsp;tcpProcessSegment
<LI><a href="#[21a]">&gt;&gt;</a>&nbsp;&nbsp;&nbsp;ipv4SendPacket
<LI><a href="#[303]">&gt;&gt;</a>&nbsp;&nbsp;&nbsp;tcpRejectSegment
<LI><a href="#[287]">&gt;&gt;</a>&nbsp;&nbsp;&nbsp;nbnsSendResponse
<LI><a href="#[26a]">&gt;&gt;</a>&nbsp;&nbsp;&nbsp;mdnsResponderAddNsecRecord
<LI><a href="#[269]">&gt;&gt;</a>&nbsp;&nbsp;&nbsp;mdnsResponderAddIpv4ReversePtrRecord
<LI><a href="#[268]">&gt;&gt;</a>&nbsp;&nbsp;&nbsp;mdnsResponderAddIpv4AddrRecord
<LI><a href="#[193]">&gt;&gt;</a>&nbsp;&nbsp;&nbsp;dhcpClientSendRequest
<LI><a href="#[192]">&gt;&gt;</a>&nbsp;&nbsp;&nbsp;dhcpClientSendDiscover
<LI><a href="#[18e]">&gt;&gt;</a>&nbsp;&nbsp;&nbsp;dhcpClientSendDecline
</UL>

<P><STRONG><a name="[361]"></a>__rt_uwrite4</STRONG> (ARM, 32 bytes, Stack size 0 bytes, uwrite4.o(.text), UNUSED)

<P><STRONG><a name="[81]"></a>localtime</STRONG> (Thumb, 14 bytes, Stack size 8 bytes, localtime.o(.text))
<BR><BR>[Stack]<UL><LI>Max Depth = 28 + Unknown Stack Size
<LI>Call Chain = localtime &rArr; _localtime_r &rArr; __aeabi_memclr4
</UL>
<BR>[Calls]<UL><LI><a href="#[82]">&gt;&gt;</a>&nbsp;&nbsp;&nbsp;_localtime_r
</UL>
<BR>[Called By]<UL><LI><a href="#[1f2]">&gt;&gt;</a>&nbsp;&nbsp;&nbsp;set_date_time (via Veneer)
<LI><a href="#[1e0]">&gt;&gt;</a>&nbsp;&nbsp;&nbsp;get_doy_dow (via Veneer)
<LI><a href="#[1f8]">&gt;&gt;</a>&nbsp;&nbsp;&nbsp;verify_date_time (via Veneer)
<LI><a href="#[1e6]">&gt;&gt;</a>&nbsp;&nbsp;&nbsp;get_sec_time_value (via Veneer)
</UL>

<P><STRONG><a name="[85]"></a>mktime</STRONG> (Thumb, 352 bytes, Stack size 40 bytes, mktime.o(.text))
<BR><BR>[Stack]<UL><LI>Max Depth = 64<LI>Call Chain = mktime &rArr; _tm_carry &rArr; __aeabi_idivmod
</UL>
<BR>[Calls]<UL><LI><a href="#[84]">&gt;&gt;</a>&nbsp;&nbsp;&nbsp;__aeabi_idivmod (via Veneer)
<LI><a href="#[83]">&gt;&gt;</a>&nbsp;&nbsp;&nbsp;_tm_carry
</UL>
<BR>[Called By]<UL><LI><a href="#[1e1]">&gt;&gt;</a>&nbsp;&nbsp;&nbsp;get_ticks_value (via Veneer)
</UL>

<P><STRONG><a name="[362]"></a>__aeabi_idiv</STRONG> (ARM, 0 bytes, Stack size 8 bytes, aeabi_sdiv.o(.text), UNUSED)

<P><STRONG><a name="[84]"></a>__aeabi_idivmod</STRONG> (ARM, 384 bytes, Stack size 8 bytes, aeabi_sdiv.o(.text))
<BR><BR>[Stack]<UL><LI>Max Depth = 8<LI>Call Chain = __aeabi_idivmod
</UL>
<BR>[Called By]<UL><LI><a href="#[25a]">&gt;&gt;</a>&nbsp;&nbsp;&nbsp;main_menu_user_task
<LI><a href="#[1b3]">&gt;&gt;</a>&nbsp;&nbsp;&nbsp;dow1
<LI><a href="#[f]">&gt;&gt;</a>&nbsp;&nbsp;&nbsp;main
<LI><a href="#[d0]">&gt;&gt;</a>&nbsp;&nbsp;&nbsp;Check_solenoid
<LI><a href="#[cc]">&gt;&gt;</a>&nbsp;&nbsp;&nbsp;Check_output
<LI><a href="#[8b]">&gt;&gt;</a>&nbsp;&nbsp;&nbsp;_btod_etento (via Veneer)
<LI><a href="#[85]">&gt;&gt;</a>&nbsp;&nbsp;&nbsp;mktime (via Veneer)
<LI><a href="#[83]">&gt;&gt;</a>&nbsp;&nbsp;&nbsp;_tm_carry (via Veneer)
</UL>

<P><STRONG><a name="[363]"></a>__use_two_region_memory</STRONG> (Thumb, 2 bytes, Stack size 0 bytes, heapauxi.o(.text), UNUSED)

<P><STRONG><a name="[4]"></a>__rt_heap_escrow</STRONG> (Thumb, 2 bytes, Stack size 0 bytes, heapauxi.o(.text), UNUSED)

<P><STRONG><a name="[3]"></a>__rt_heap_expand</STRONG> (Thumb, 2 bytes, Stack size 0 bytes, heapauxi.o(.text), UNUSED)

<P><STRONG><a name="[59]"></a>__rt_heap_descriptor</STRONG> (ARM, 12 bytes, Stack size 0 bytes, rt_heap_descriptor_intlibspace.o(.text))
<BR><BR>[Called By]<UL><LI><a href="#[5b]">&gt;&gt;</a>&nbsp;&nbsp;&nbsp;free (via Veneer)
<LI><a href="#[58]">&gt;&gt;</a>&nbsp;&nbsp;&nbsp;malloc (via Veneer)
<LI><a href="#[47]">&gt;&gt;</a>&nbsp;&nbsp;&nbsp;_init_alloc (via Veneer)
</UL>

<P><STRONG><a name="[49]"></a>__rt_locale</STRONG> (ARM, 12 bytes, Stack size 0 bytes, rt_locale_intlibspace.o(.text))
<BR><BR>[Called By]<UL><LI><a href="#[57]">&gt;&gt;</a>&nbsp;&nbsp;&nbsp;__rt_ctype_table
<LI><a href="#[48]">&gt;&gt;</a>&nbsp;&nbsp;&nbsp;__rt_lib_init_lc_common (via Veneer)
<LI><a href="#[90]">&gt;&gt;</a>&nbsp;&nbsp;&nbsp;_printf_fp_dec_real (via Veneer)
</UL>

<P><STRONG><a name="[72]"></a>__aeabi_errno_addr</STRONG> (ARM, 12 bytes, Stack size 0 bytes, rt_errno_addr_intlibspace.o(.text))
<BR><BR>[Called By]<UL><LI><a href="#[99]">&gt;&gt;</a>&nbsp;&nbsp;&nbsp;_strtoul (via Veneer)
<LI><a href="#[73]">&gt;&gt;</a>&nbsp;&nbsp;&nbsp;strtol (via Veneer)
<LI><a href="#[71]">&gt;&gt;</a>&nbsp;&nbsp;&nbsp;atoi (via Veneer)
</UL>

<P><STRONG><a name="[364]"></a>__errno$intlibspace</STRONG> (ARM, 0 bytes, Stack size 0 bytes, rt_errno_addr_intlibspace.o(.text), UNUSED)

<P><STRONG><a name="[365]"></a>__rt_errno_addr$intlibspace</STRONG> (ARM, 0 bytes, Stack size 0 bytes, rt_errno_addr_intlibspace.o(.text), UNUSED)

<P><STRONG><a name="[366]"></a>__use_no_heap</STRONG> (Thumb, 2 bytes, Stack size 0 bytes, hguard.o(.text), UNUSED)

<P><STRONG><a name="[367]"></a>__heap$guard</STRONG> (Thumb, 2 bytes, Stack size 0 bytes, hguard.o(.text), UNUSED)

<P><STRONG><a name="[a]"></a>_terminate_user_alloc</STRONG> (Thumb, 2 bytes, Stack size 0 bytes, init_alloc.o(.text), UNUSED)

<P><STRONG><a name="[6]"></a>_init_user_alloc</STRONG> (Thumb, 2 bytes, Stack size 0 bytes, init_alloc.o(.text), UNUSED)

<P><STRONG><a name="[5a]"></a>__Heap_Full</STRONG> (Thumb, 36 bytes, Stack size 16 bytes, init_alloc.o(.text))
<BR><BR>[Stack]<UL><LI>Max Depth = 40<LI>Call Chain = __Heap_Full &rArr; __Heap_ProvideMemory &rArr; free
</UL>
<BR>[Calls]<UL><LI><a href="#[86]">&gt;&gt;</a>&nbsp;&nbsp;&nbsp;__Heap_ProvideMemory
</UL>
<BR>[Called By]<UL><LI><a href="#[58]">&gt;&gt;</a>&nbsp;&nbsp;&nbsp;malloc
</UL>

<P><STRONG><a name="[87]"></a>__Heap_Broken</STRONG> (Thumb, 14 bytes, Stack size 8 bytes, init_alloc.o(.text), UNUSED)
<BR><BR>[Calls]<UL><LI><a href="#[88]">&gt;&gt;</a>&nbsp;&nbsp;&nbsp;__rt_SIGRTMEM
</UL>

<P><STRONG><a name="[47]"></a>_init_alloc</STRONG> (Thumb, 94 bytes, Stack size 24 bytes, init_alloc.o(.text))
<BR><BR>[Stack]<UL><LI>Max Depth = 64<LI>Call Chain = _init_alloc &rArr; __rt_SIGRTMEM &rArr; __rt_SIGRTMEM_inner &rArr; __default_signal_display &rArr; _ttywrch
</UL>
<BR>[Calls]<UL><LI><a href="#[88]">&gt;&gt;</a>&nbsp;&nbsp;&nbsp;__rt_SIGRTMEM
<LI><a href="#[86]">&gt;&gt;</a>&nbsp;&nbsp;&nbsp;__Heap_ProvideMemory
<LI><a href="#[89]">&gt;&gt;</a>&nbsp;&nbsp;&nbsp;__Heap_Initialize
<LI><a href="#[59]">&gt;&gt;</a>&nbsp;&nbsp;&nbsp;__rt_heap_descriptor (via Veneer)
</UL>
<BR>[Called By]<UL><LI><a href="#[46]">&gt;&gt;</a>&nbsp;&nbsp;&nbsp;__rt_lib_init_heap_2
</UL>

<P><STRONG><a name="[89]"></a>__Heap_Initialize</STRONG> (Thumb, 10 bytes, Stack size 0 bytes, h1_init.o(.text))
<BR><BR>[Called By]<UL><LI><a href="#[47]">&gt;&gt;</a>&nbsp;&nbsp;&nbsp;_init_alloc
</UL>

<P><STRONG><a name="[5]"></a>__Heap_DescSize</STRONG> (Thumb, 4 bytes, Stack size 0 bytes, h1_init.o(.text), UNUSED)

<P><STRONG><a name="[75]"></a>tolower</STRONG> (Thumb, 30 bytes, Stack size 8 bytes, tolower.o(.text))
<BR><BR>[Stack]<UL><LI>Max Depth = 16<LI>Call Chain = tolower &rArr; __rt_ctype_table
</UL>
<BR>[Calls]<UL><LI><a href="#[57]">&gt;&gt;</a>&nbsp;&nbsp;&nbsp;__rt_ctype_table (via Veneer)
</UL>
<BR>[Called By]<UL><LI><a href="#[76]">&gt;&gt;</a>&nbsp;&nbsp;&nbsp;strcasecmp
<LI><a href="#[74]">&gt;&gt;</a>&nbsp;&nbsp;&nbsp;strncasecmp
</UL>

<P><STRONG><a name="[69]"></a>_printf_int_common</STRONG> (Thumb, 186 bytes, Stack size 40 bytes, _printf_intcommon.o(.text))
<BR><BR>[Stack]<UL><LI>Max Depth = 56<LI>Call Chain = _printf_int_common &rArr; _printf_post_padding
</UL>
<BR>[Calls]<UL><LI><a href="#[63]">&gt;&gt;</a>&nbsp;&nbsp;&nbsp;__ARM_common_call_via_r2
<LI><a href="#[64]">&gt;&gt;</a>&nbsp;&nbsp;&nbsp;_printf_post_padding
<LI><a href="#[62]">&gt;&gt;</a>&nbsp;&nbsp;&nbsp;_printf_pre_padding
</UL>
<BR>[Called By]<UL><LI><a href="#[6c]">&gt;&gt;</a>&nbsp;&nbsp;&nbsp;_printf_longlong_hex
<LI><a href="#[3d]">&gt;&gt;</a>&nbsp;&nbsp;&nbsp;_printf_int_oct
<LI><a href="#[39]">&gt;&gt;</a>&nbsp;&nbsp;&nbsp;_printf_int_dec
</UL>

<P><STRONG><a name="[368]"></a>__lib_sel_fp_printf</STRONG> (Thumb, 2 bytes, Stack size 0 bytes, _printf_fp_dec.o(.text), UNUSED)

<P><STRONG><a name="[90]"></a>_printf_fp_dec_real</STRONG> (Thumb, 628 bytes, Stack size 96 bytes, _printf_fp_dec.o(.text))
<BR><BR>[Stack]<UL><LI>Max Depth = 316<LI>Call Chain = _printf_fp_dec_real &rArr; _fp_digits &rArr; _btod_etento &rArr; _btod_emul &rArr; _e2e
</UL>
<BR>[Calls]<UL><LI><a href="#[91]">&gt;&gt;</a>&nbsp;&nbsp;&nbsp;__ARM_fpclassify (via Veneer)
<LI><a href="#[92]">&gt;&gt;</a>&nbsp;&nbsp;&nbsp;_printf_fp_infnan
<LI><a href="#[68]">&gt;&gt;</a>&nbsp;&nbsp;&nbsp;__rt_udiv10 (via Veneer)
<LI><a href="#[8a]">&gt;&gt;</a>&nbsp;&nbsp;&nbsp;_fp_digits
<LI><a href="#[49]">&gt;&gt;</a>&nbsp;&nbsp;&nbsp;__rt_locale (via Veneer)
<LI><a href="#[63]">&gt;&gt;</a>&nbsp;&nbsp;&nbsp;__ARM_common_call_via_r2
<LI><a href="#[64]">&gt;&gt;</a>&nbsp;&nbsp;&nbsp;_printf_post_padding
<LI><a href="#[62]">&gt;&gt;</a>&nbsp;&nbsp;&nbsp;_printf_pre_padding
</UL>
<BR>[Called By]<UL><LI><a href="#[37]">&gt;&gt;</a>&nbsp;&nbsp;&nbsp;_printf_fp_dec (via Veneer)
</UL>

<P><STRONG><a name="[61]"></a>_printf_char_common</STRONG> (Thumb, 34 bytes, Stack size 64 bytes, _printf_char_common.o(.text))
<BR><BR>[Stack]<UL><LI>Max Depth = 96 + Unknown Stack Size
<LI>Call Chain = _printf_char_common &rArr; __printf
</UL>
<BR>[Calls]<UL><LI><a href="#[6d]">&gt;&gt;</a>&nbsp;&nbsp;&nbsp;__printf
</UL>
<BR>[Called By]<UL><LI><a href="#[60]">&gt;&gt;</a>&nbsp;&nbsp;&nbsp;__2sprintf
<LI><a href="#[5f]">&gt;&gt;</a>&nbsp;&nbsp;&nbsp;_printf_char_file
</UL>

<P><STRONG><a name="[11]"></a>_sputc</STRONG> (Thumb, 10 bytes, Stack size 0 bytes, _sputc.o(.text))
<BR><BR>[Called By]<UL><LI><a href="#[60]">&gt;&gt;</a>&nbsp;&nbsp;&nbsp;__2sprintf
</UL>
<BR>[Address Reference Count : 1]<UL><LI> __2sprintf.o(.text)
</UL>
<P><STRONG><a name="[93]"></a>_printf_cs_common</STRONG> (Thumb, 26 bytes, Stack size 8 bytes, _printf_char.o(.text))
<BR><BR>[Stack]<UL><LI>Max Depth = 40<LI>Call Chain = _printf_cs_common &rArr; _printf_str &rArr; _printf_post_padding
</UL>
<BR>[Calls]<UL><LI><a href="#[94]">&gt;&gt;</a>&nbsp;&nbsp;&nbsp;_printf_mbtowc (Weak Reference)
<LI><a href="#[65]">&gt;&gt;</a>&nbsp;&nbsp;&nbsp;_printf_str
</UL>
<BR>[Called By]<UL><LI><a href="#[43]">&gt;&gt;</a>&nbsp;&nbsp;&nbsp;_printf_string
<LI><a href="#[41]">&gt;&gt;</a>&nbsp;&nbsp;&nbsp;_printf_char
</UL>

<P><STRONG><a name="[41]"></a>_printf_char</STRONG> (Thumb, 16 bytes, Stack size 0 bytes, _printf_char.o(.text))
<BR><BR>[Stack]<UL><LI>Max Depth = 40<LI>Call Chain = _printf_char &rArr; _printf_cs_common &rArr; _printf_str &rArr; _printf_post_padding
</UL>
<BR>[Calls]<UL><LI><a href="#[93]">&gt;&gt;</a>&nbsp;&nbsp;&nbsp;_printf_cs_common
</UL>
<BR>[Called By]<UL><LI><a href="#[40]">&gt;&gt;</a>&nbsp;&nbsp;&nbsp;_printf_c (via Veneer)
</UL>

<P><STRONG><a name="[43]"></a>_printf_string</STRONG> (Thumb, 8 bytes, Stack size 0 bytes, _printf_char.o(.text))
<BR><BR>[Stack]<UL><LI>Max Depth = 40<LI>Call Chain = _printf_string &rArr; _printf_cs_common &rArr; _printf_str &rArr; _printf_post_padding
</UL>
<BR>[Calls]<UL><LI><a href="#[93]">&gt;&gt;</a>&nbsp;&nbsp;&nbsp;_printf_cs_common
</UL>
<BR>[Called By]<UL><LI><a href="#[42]">&gt;&gt;</a>&nbsp;&nbsp;&nbsp;_printf_s (via Veneer)
</UL>

<P><STRONG><a name="[5f]"></a>_printf_char_file</STRONG> (Thumb, 38 bytes, Stack size 16 bytes, _printf_char_file.o(.text))
<BR><BR>[Stack]<UL><LI>Max Depth = 112 + Unknown Stack Size
<LI>Call Chain = _printf_char_file &rArr; _printf_char_common &rArr; __printf
</UL>
<BR>[Calls]<UL><LI><a href="#[95]">&gt;&gt;</a>&nbsp;&nbsp;&nbsp;ferror (via Veneer)
<LI><a href="#[61]">&gt;&gt;</a>&nbsp;&nbsp;&nbsp;_printf_char_common
</UL>
<BR>[Called By]<UL><LI><a href="#[5e]">&gt;&gt;</a>&nbsp;&nbsp;&nbsp;__2fprintf
</UL>

<P><STRONG><a name="[96]"></a>_printf_lcs_common</STRONG> (Thumb, 26 bytes, Stack size 8 bytes, _printf_wchar.o(.text))
<BR><BR>[Stack]<UL><LI>Max Depth = 88<LI>Call Chain = _printf_lcs_common &rArr; _printf_wctomb &rArr; _wcrtomb &rArr; __rt_ctype_table
</UL>
<BR>[Calls]<UL><LI><a href="#[97]">&gt;&gt;</a>&nbsp;&nbsp;&nbsp;_printf_wc (Weak Reference)
<LI><a href="#[6a]">&gt;&gt;</a>&nbsp;&nbsp;&nbsp;_printf_wctomb
</UL>
<BR>[Called By]<UL><LI><a href="#[98]">&gt;&gt;</a>&nbsp;&nbsp;&nbsp;_printf_wstring
<LI><a href="#[45]">&gt;&gt;</a>&nbsp;&nbsp;&nbsp;_printf_wchar
</UL>

<P><STRONG><a name="[45]"></a>_printf_wchar</STRONG> (Thumb, 16 bytes, Stack size 0 bytes, _printf_wchar.o(.text))
<BR><BR>[Stack]<UL><LI>Max Depth = 88<LI>Call Chain = _printf_wchar &rArr; _printf_lcs_common &rArr; _printf_wctomb &rArr; _wcrtomb &rArr; __rt_ctype_table
</UL>
<BR>[Calls]<UL><LI><a href="#[96]">&gt;&gt;</a>&nbsp;&nbsp;&nbsp;_printf_lcs_common
</UL>
<BR>[Called By]<UL><LI><a href="#[44]">&gt;&gt;</a>&nbsp;&nbsp;&nbsp;_printf_lc (via Veneer)
</UL>

<P><STRONG><a name="[98]"></a>_printf_wstring</STRONG> (Thumb, 8 bytes, Stack size 0 bytes, _printf_wchar.o(.text), UNUSED)
<BR><BR>[Calls]<UL><LI><a href="#[96]">&gt;&gt;</a>&nbsp;&nbsp;&nbsp;_printf_lcs_common
</UL>

<P><STRONG><a name="[73]"></a>strtol</STRONG> (Thumb, 112 bytes, Stack size 32 bytes, strtol.o(.text))
<BR><BR>[Stack]<UL><LI>Max Depth = 72<LI>Call Chain = strtol &rArr; _strtoul
</UL>
<BR>[Calls]<UL><LI><a href="#[57]">&gt;&gt;</a>&nbsp;&nbsp;&nbsp;__rt_ctype_table (via Veneer)
<LI><a href="#[99]">&gt;&gt;</a>&nbsp;&nbsp;&nbsp;_strtoul
<LI><a href="#[72]">&gt;&gt;</a>&nbsp;&nbsp;&nbsp;__aeabi_errno_addr (via Veneer)
</UL>
<BR>[Called By]<UL><LI><a href="#[71]">&gt;&gt;</a>&nbsp;&nbsp;&nbsp;atoi
</UL>

<P><STRONG><a name="[6b]"></a>_wcrtomb</STRONG> (Thumb, 70 bytes, Stack size 16 bytes, _wcrtomb.o(.text))
<BR><BR>[Stack]<UL><LI>Max Depth = 24<LI>Call Chain = _wcrtomb &rArr; __rt_ctype_table
</UL>
<BR>[Calls]<UL><LI><a href="#[57]">&gt;&gt;</a>&nbsp;&nbsp;&nbsp;__rt_ctype_table (via Veneer)
<LI><a href="#[9a]">&gt;&gt;</a>&nbsp;&nbsp;&nbsp;__ARM_common_call_via_r3
</UL>
<BR>[Called By]<UL><LI><a href="#[6a]">&gt;&gt;</a>&nbsp;&nbsp;&nbsp;_printf_wctomb
</UL>

<P><STRONG><a name="[82]"></a>_localtime_r</STRONG> (Thumb, 146 bytes, Stack size 16 bytes, localtime_internal.o(.text))
<BR><BR>[Stack]<UL><LI>Max Depth = 20 + Unknown Stack Size
<LI>Call Chain = _localtime_r &rArr; __aeabi_memclr4
</UL>
<BR>[Calls]<UL><LI><a href="#[9b]">&gt;&gt;</a>&nbsp;&nbsp;&nbsp;__aeabi_uidivmod (via Veneer)
<LI><a href="#[9c]">&gt;&gt;</a>&nbsp;&nbsp;&nbsp;__aeabi_memclr4 (via Veneer)
</UL>
<BR>[Called By]<UL><LI><a href="#[81]">&gt;&gt;</a>&nbsp;&nbsp;&nbsp;localtime
</UL>

<P><STRONG><a name="[369]"></a>_n$localtime_r</STRONG> (Thumb, 0 bytes, Stack size 16 bytes, localtime_internal.o(.text), UNUSED)

<P><STRONG><a name="[68]"></a>__rt_udiv10</STRONG> (ARM, 44 bytes, Stack size 0 bytes, rtudiv10.o(.text))
<BR><BR>[Called By]<UL><LI><a href="#[90]">&gt;&gt;</a>&nbsp;&nbsp;&nbsp;_printf_fp_dec_real (via Veneer)
<LI><a href="#[39]">&gt;&gt;</a>&nbsp;&nbsp;&nbsp;_printf_int_dec (via Veneer)
</UL>

<P><STRONG><a name="[36a]"></a>__user_libspace</STRONG> (ARM, 12 bytes, Stack size 0 bytes, libspace.o(.text), UNUSED)

<P><STRONG><a name="[a0]"></a>__user_perproc_libspace</STRONG> (ARM, 0 bytes, Stack size 0 bytes, libspace.o(.text))
<BR><BR>[Called By]<UL><LI><a href="#[4e]">&gt;&gt;</a>&nbsp;&nbsp;&nbsp;__user_setup_stackheap
</UL>

<P><STRONG><a name="[36b]"></a>__user_perthread_libspace</STRONG> (ARM, 0 bytes, Stack size 0 bytes, libspace.o(.text), UNUSED)

<P><STRONG><a name="[86]"></a>__Heap_ProvideMemory</STRONG> (Thumb, 56 bytes, Stack size 8 bytes, h1_extend.o(.text))
<BR><BR>[Stack]<UL><LI>Max Depth = 24<LI>Call Chain = __Heap_ProvideMemory &rArr; free
</UL>
<BR>[Calls]<UL><LI><a href="#[5b]">&gt;&gt;</a>&nbsp;&nbsp;&nbsp;free
</UL>
<BR>[Called By]<UL><LI><a href="#[47]">&gt;&gt;</a>&nbsp;&nbsp;&nbsp;_init_alloc
<LI><a href="#[5a]">&gt;&gt;</a>&nbsp;&nbsp;&nbsp;__Heap_Full
</UL>

<P><STRONG><a name="[8f]"></a>_ll_udiv10</STRONG> (ARM, 160 bytes, Stack size 12 bytes, lludiv10.o(.text))
<BR><BR>[Stack]<UL><LI>Max Depth = 12<LI>Call Chain = _ll_udiv10
</UL>
<BR>[Called By]<UL><LI><a href="#[8a]">&gt;&gt;</a>&nbsp;&nbsp;&nbsp;_fp_digits (via Veneer)
</UL>

<P><STRONG><a name="[92]"></a>_printf_fp_infnan</STRONG> (Thumb, 128 bytes, Stack size 24 bytes, _printf_fp_infnan.o(.text))
<BR><BR>[Stack]<UL><LI>Max Depth = 40<LI>Call Chain = _printf_fp_infnan &rArr; _printf_post_padding
</UL>
<BR>[Calls]<UL><LI><a href="#[63]">&gt;&gt;</a>&nbsp;&nbsp;&nbsp;__ARM_common_call_via_r2
<LI><a href="#[64]">&gt;&gt;</a>&nbsp;&nbsp;&nbsp;_printf_post_padding
<LI><a href="#[62]">&gt;&gt;</a>&nbsp;&nbsp;&nbsp;_printf_pre_padding
</UL>
<BR>[Called By]<UL><LI><a href="#[90]">&gt;&gt;</a>&nbsp;&nbsp;&nbsp;_printf_fp_dec_real
</UL>

<P><STRONG><a name="[99]"></a>_strtoul</STRONG> (Thumb, 172 bytes, Stack size 40 bytes, _strtoul.o(.text))
<BR><BR>[Stack]<UL><LI>Max Depth = 40<LI>Call Chain = _strtoul
</UL>
<BR>[Calls]<UL><LI><a href="#[9d]">&gt;&gt;</a>&nbsp;&nbsp;&nbsp;_chval
<LI><a href="#[72]">&gt;&gt;</a>&nbsp;&nbsp;&nbsp;__aeabi_errno_addr (via Veneer)
</UL>
<BR>[Called By]<UL><LI><a href="#[73]">&gt;&gt;</a>&nbsp;&nbsp;&nbsp;strtol
</UL>

<P><STRONG><a name="[8b]"></a>_btod_etento</STRONG> (Thumb, 214 bytes, Stack size 72 bytes, bigflt0.o(.text))
<BR><BR>[Stack]<UL><LI>Max Depth = 124<LI>Call Chain = _btod_etento &rArr; _btod_emul &rArr; _e2e
</UL>
<BR>[Calls]<UL><LI><a href="#[8e]">&gt;&gt;</a>&nbsp;&nbsp;&nbsp;_btod_emul (via Veneer)
<LI><a href="#[8d]">&gt;&gt;</a>&nbsp;&nbsp;&nbsp;_btod_ediv (via Veneer)
<LI><a href="#[84]">&gt;&gt;</a>&nbsp;&nbsp;&nbsp;__aeabi_idivmod (via Veneer)
</UL>
<BR>[Called By]<UL><LI><a href="#[8a]">&gt;&gt;</a>&nbsp;&nbsp;&nbsp;_fp_digits
</UL>

<P><STRONG><a name="[88]"></a>__rt_SIGRTMEM</STRONG> (Thumb, 16 bytes, Stack size 8 bytes, defsig_rtmem_outer.o(.text))
<BR><BR>[Stack]<UL><LI>Max Depth = 40<LI>Call Chain = __rt_SIGRTMEM &rArr; __rt_SIGRTMEM_inner &rArr; __default_signal_display &rArr; _ttywrch
</UL>
<BR>[Calls]<UL><LI><a href="#[9e]">&gt;&gt;</a>&nbsp;&nbsp;&nbsp;__rt_SIGRTMEM_inner
<LI><a href="#[9f]">&gt;&gt;</a>&nbsp;&nbsp;&nbsp;__sig_exit
</UL>
<BR>[Called By]<UL><LI><a href="#[47]">&gt;&gt;</a>&nbsp;&nbsp;&nbsp;_init_alloc
<LI><a href="#[87]">&gt;&gt;</a>&nbsp;&nbsp;&nbsp;__Heap_Broken
</UL>

<P><STRONG><a name="[4e]"></a>__user_setup_stackheap</STRONG> (ARM, 96 bytes, Stack size 8 bytes, sys_stackheap_outer.o(.text))
<BR><BR>[Stack]<UL><LI>Max Depth = 8 + Unknown Stack Size
<LI>Call Chain = __user_setup_stackheap
</UL>
<BR>[Calls]<UL><LI><a href="#[a1]">&gt;&gt;</a>&nbsp;&nbsp;&nbsp;__user_initial_stackheap
[...]
<LI><a href="#[112]">&gt;&gt;</a>&nbsp;&nbsp;&nbsp;add_task
<LI><a href="#[158]">&gt;&gt;</a>&nbsp;&nbsp;&nbsp;handle_protocol_configpacket_event
</UL>

<P><STRONG><a name="[2b2]"></a>write_taskbkp_sd</STRONG> (ARM, 52 bytes, Stack size 8 bytes, mci_menu.o(i.write_taskbkp_sd))
<BR><BR>[Stack]<UL><LI>Max Depth = 48<LI>Call Chain = write_taskbkp_sd &rArr; WrBytes &rArr; WriteEn &rArr; spi_byte
</UL>
<BR>[Calls]<UL><LI><a href="#[100]">&gt;&gt;</a>&nbsp;&nbsp;&nbsp;WrBytes
<LI><a href="#[7a]">&gt;&gt;</a>&nbsp;&nbsp;&nbsp;__aeabi_memcpy
</UL>
<BR>[Called By]<UL><LI><a href="#[118]">&gt;&gt;</a>&nbsp;&nbsp;&nbsp;selftask_allign
</UL>

<P><STRONG><a name="[142]"></a>write_user_sd</STRONG> (ARM, 52 bytes, Stack size 8 bytes, mci_menu.o(i.write_user_sd))
<BR><BR>[Stack]<UL><LI>Max Depth = 48<LI>Call Chain = write_user_sd &rArr; WrBytes &rArr; WriteEn &rArr; spi_byte
</UL>
<BR>[Calls]<UL><LI><a href="#[100]">&gt;&gt;</a>&nbsp;&nbsp;&nbsp;WrBytes
<LI><a href="#[7a]">&gt;&gt;</a>&nbsp;&nbsp;&nbsp;__aeabi_memcpy
</UL>
<BR>[Called By]<UL><LI><a href="#[14e]">&gt;&gt;</a>&nbsp;&nbsp;&nbsp;self_user_allign_bio
<LI><a href="#[117]">&gt;&gt;</a>&nbsp;&nbsp;&nbsp;self_user_allign
<LI><a href="#[141]">&gt;&gt;</a>&nbsp;&nbsp;&nbsp;bio_verification
<LI><a href="#[1f7]">&gt;&gt;</a>&nbsp;&nbsp;&nbsp;modify_user
<LI><a href="#[179]">&gt;&gt;</a>&nbsp;&nbsp;&nbsp;delete_user
<LI><a href="#[158]">&gt;&gt;</a>&nbsp;&nbsp;&nbsp;handle_protocol_configpacket_event
<LI><a href="#[109]">&gt;&gt;</a>&nbsp;&nbsp;&nbsp;save_user_details
<LI><a href="#[14d]">&gt;&gt;</a>&nbsp;&nbsp;&nbsp;chage_bioflag
</UL>

<P><STRONG><a name="[2b1]"></a>write_userbkp_sd</STRONG> (ARM, 52 bytes, Stack size 8 bytes, mci_menu.o(i.write_userbkp_sd))
<BR><BR>[Stack]<UL><LI>Max Depth = 48<LI>Call Chain = write_userbkp_sd &rArr; WrBytes &rArr; WriteEn &rArr; spi_byte
</UL>
<BR>[Calls]<UL><LI><a href="#[100]">&gt;&gt;</a>&nbsp;&nbsp;&nbsp;WrBytes
<LI><a href="#[7a]">&gt;&gt;</a>&nbsp;&nbsp;&nbsp;__aeabi_memcpy
</UL>
<BR>[Called By]<UL><LI><a href="#[14e]">&gt;&gt;</a>&nbsp;&nbsp;&nbsp;self_user_allign_bio
<LI><a href="#[117]">&gt;&gt;</a>&nbsp;&nbsp;&nbsp;self_user_allign
</UL>

<P><STRONG><a name="[2b8]"></a>write_year</STRONG> (ARM, 12 bytes, Stack size 0 bytes, rtc.o(i.write_year))
<BR><BR>[Called By]<UL><LI><a href="#[1f2]">&gt;&gt;</a>&nbsp;&nbsp;&nbsp;set_date_time
<LI><a href="#[16c]">&gt;&gt;</a>&nbsp;&nbsp;&nbsp;set_date
</UL>

<P><STRONG><a name="[da]"></a>writedefaults_sdcard</STRONG> (ARM, 616 bytes, Stack size 72 bytes, mci_menu.o(i.writedefaults_sdcard))
<BR><BR>[Stack]<UL><LI>Max Depth = 1120 + Unknown Stack Size
 + In Cycle
<LI>Call Chain = writedefaults_sdcard &rArr;  delay (Cycle)
</UL>
<BR>[Calls]<UL><LI><a href="#[2b0]">&gt;&gt;</a>&nbsp;&nbsp;&nbsp;total_register
<LI><a href="#[1d8]">&gt;&gt;</a>&nbsp;&nbsp;&nbsp;system_restart
<LI><a href="#[d6]">&gt;&gt;</a>&nbsp;&nbsp;&nbsp;read_code
<LI><a href="#[dd]">&gt;&gt;</a>&nbsp;&nbsp;&nbsp;pstr
<LI><a href="#[b7]">&gt;&gt;</a>&nbsp;&nbsp;&nbsp;lcd_show
<LI><a href="#[be]">&gt;&gt;</a>&nbsp;&nbsp;&nbsp;lcd_clr
<LI><a href="#[b9]">&gt;&gt;</a>&nbsp;&nbsp;&nbsp;get_menu_key
<LI><a href="#[c3]">&gt;&gt;</a>&nbsp;&nbsp;&nbsp;delay
<LI><a href="#[ed]">&gt;&gt;</a>&nbsp;&nbsp;&nbsp;SectorErase
<LI><a href="#[d8]">&gt;&gt;</a>&nbsp;&nbsp;&nbsp;write_system_sd
<LI><a href="#[1f4]">&gt;&gt;</a>&nbsp;&nbsp;&nbsp;write_comm_sd
<LI><a href="#[148]">&gt;&gt;</a>&nbsp;&nbsp;&nbsp;read_system_sd
<LI><a href="#[1f3]">&gt;&gt;</a>&nbsp;&nbsp;&nbsp;read_comm_sd
<LI><a href="#[165]">&gt;&gt;</a>&nbsp;&nbsp;&nbsp;create_keyevents
<LI><a href="#[60]">&gt;&gt;</a>&nbsp;&nbsp;&nbsp;__2sprintf (via Veneer)
<LI><a href="#[9c]">&gt;&gt;</a>&nbsp;&nbsp;&nbsp;__aeabi_memclr4
</UL>
<BR>[Called By]<UL><LI><a href="#[259]">&gt;&gt;</a>&nbsp;&nbsp;&nbsp;utilities
<LI><a href="#[ef]">&gt;&gt;</a>&nbsp;&nbsp;&nbsp;Serial_no
<LI><a href="#[153]">&gt;&gt;</a>&nbsp;&nbsp;&nbsp;handle_protocol_configpacket
<LI><a href="#[158]">&gt;&gt;</a>&nbsp;&nbsp;&nbsp;handle_protocol_configpacket_event
<LI><a href="#[d5]">&gt;&gt;</a>&nbsp;&nbsp;&nbsp;Customer_ID
</UL>

<P><STRONG><a name="[325]"></a>wrong_unauth_key_check</STRONG> (ARM, 1680 bytes, Stack size 120 bytes, task_management.o(i.wrong_unauth_key_check))
<BR><BR>[Stack]<UL><LI>Max Depth = 1440 + Unknown Stack Size
<LI>Call Chain = wrong_unauth_key_check &rArr; delay &rArr; tcpClienthbTask &rArr; tcpClientStatereceive &rArr; check_config_receive &rArr; handle_protocol_configpacket_event &rArr; writedefaults_sdcard &rArr;  delay (Cycle)
</UL>
<BR>[Calls]<UL><LI><a href="#[c2]">&gt;&gt;</a>&nbsp;&nbsp;&nbsp;trg
<LI><a href="#[c4]">&gt;&gt;</a>&nbsp;&nbsp;&nbsp;buzzer
<LI><a href="#[dd]">&gt;&gt;</a>&nbsp;&nbsp;&nbsp;pstr
<LI><a href="#[cb]">&gt;&gt;</a>&nbsp;&nbsp;&nbsp;lcd_str
<LI><a href="#[be]">&gt;&gt;</a>&nbsp;&nbsp;&nbsp;lcd_clr
<LI><a href="#[c3]">&gt;&gt;</a>&nbsp;&nbsp;&nbsp;delay
<LI><a href="#[60]">&gt;&gt;</a>&nbsp;&nbsp;&nbsp;__2sprintf (via Veneer)
</UL>
<BR>[Called By]<UL><LI><a href="#[25b]">&gt;&gt;</a>&nbsp;&nbsp;&nbsp;user_mykee_task
</UL>

<P><STRONG><a name="[10]"></a>_get_lc_ctype</STRONG> (ARM, 80 bytes, Stack size 8 bytes, lc_ctype_c.o(locale$$code))
<BR><BR>[Stack]<UL><LI>Max Depth = 12<LI>Call Chain = _get_lc_ctype &rArr; strcmp
</UL>
<BR>[Calls]<UL><LI><a href="#[1d6]">&gt;&gt;</a>&nbsp;&nbsp;&nbsp;strcmp
</UL>
<BR>[Called By]<UL><LI><a href="#[4a]">&gt;&gt;</a>&nbsp;&nbsp;&nbsp;__rt_lib_init_lc_ctype_2 (via Veneer)
</UL>
<BR>[Address Reference Count : 1]<UL><LI> rt_ctype_table.o(.text)
</UL>
<P><STRONG><a name="[4c]"></a>_get_lc_numeric</STRONG> (ARM, 80 bytes, Stack size 8 bytes, lc_numeric_c.o(locale$$code))
<BR><BR>[Stack]<UL><LI>Max Depth = 12<LI>Call Chain = _get_lc_numeric &rArr; strcmp
</UL>
<BR>[Calls]<UL><LI><a href="#[1d6]">&gt;&gt;</a>&nbsp;&nbsp;&nbsp;strcmp
</UL>
<BR>[Called By]<UL><LI><a href="#[4b]">&gt;&gt;</a>&nbsp;&nbsp;&nbsp;__rt_lib_init_lc_numeric_2 (via Veneer)
</UL>

<P><STRONG><a name="[103]"></a>__aeabi_ddiv</STRONG> (ARM, 0 bytes, Stack size 32 bytes, ddiv.o(x$fpl$ddiv))
<BR><BR>[Stack]<UL><LI>Max Depth = 32<LI>Call Chain = __aeabi_ddiv
</UL>
<BR>[Called By]<UL><LI><a href="#[c1]">&gt;&gt;</a>&nbsp;&nbsp;&nbsp;dc_voltage
<LI><a href="#[bc]">&gt;&gt;</a>&nbsp;&nbsp;&nbsp;ac_voltage
</UL>

<P><STRONG><a name="[327]"></a>_ddiv</STRONG> (ARM, 600 bytes, Stack size 32 bytes, ddiv.o(x$fpl$ddiv), UNUSED)
<BR><BR>[Calls]<UL><LI><a href="#[328]">&gt;&gt;</a>&nbsp;&nbsp;&nbsp;__fpl_dretinf
<LI><a href="#[329]">&gt;&gt;</a>&nbsp;&nbsp;&nbsp;__fpl_dnaninf
</UL>

<P><STRONG><a name="[36d]"></a>__aeabi_i2d</STRONG> (ARM, 0 bytes, Stack size 0 bytes, dflt_noclz.o(x$fpl$dflt), UNUSED)

<P><STRONG><a name="[36e]"></a>_dflt</STRONG> (ARM, 88 bytes, Stack size 0 bytes, dflt_noclz.o(x$fpl$dflt), UNUSED)

<P><STRONG><a name="[32b]"></a>__dflt_normalise</STRONG> (ARM, 0 bytes, Stack size unknown bytes, dflt_noclz.o(x$fpl$dflt), UNUSED)
<BR><BR>[Called By]<UL><LI><a href="#[32a]">&gt;&gt;</a>&nbsp;&nbsp;&nbsp;_dfltu
</UL>

<P><STRONG><a name="[102]"></a>__aeabi_ui2d</STRONG> (ARM, 0 bytes, Stack size 0 bytes, dflt_noclz.o(x$fpl$dfltu))
<BR><BR>[Called By]<UL><LI><a href="#[c1]">&gt;&gt;</a>&nbsp;&nbsp;&nbsp;dc_voltage
<LI><a href="#[bc]">&gt;&gt;</a>&nbsp;&nbsp;&nbsp;ac_voltage
</UL>

<P><STRONG><a name="[32a]"></a>_dfltu</STRONG> (ARM, 12 bytes, Stack size 0 bytes, dflt_noclz.o(x$fpl$dfltu), UNUSED)
<BR><BR>[Calls]<UL><LI><a href="#[32b]">&gt;&gt;</a>&nbsp;&nbsp;&nbsp;__dflt_normalise
</UL>

<P><STRONG><a name="[329]"></a>__fpl_dnaninf</STRONG> (ARM, 192 bytes, Stack size 16 bytes, dnaninf.o(x$fpl$dnaninf), UNUSED)
<BR><BR>[Called By]<UL><LI><a href="#[327]">&gt;&gt;</a>&nbsp;&nbsp;&nbsp;_ddiv
</UL>

<P><STRONG><a name="[328]"></a>__fpl_dretinf</STRONG> (ARM, 16 bytes, Stack size 0 bytes, dretinf.o(x$fpl$dretinf), UNUSED)
<BR><BR>[Called By]<UL><LI><a href="#[327]">&gt;&gt;</a>&nbsp;&nbsp;&nbsp;_ddiv
</UL>

<P><STRONG><a name="[8]"></a>__ieee_status</STRONG> (ARM, 8 bytes, Stack size 0 bytes, istatus.o(x$fpl$ieeestatus))
<BR><BR>[Called By]<UL><LI><a href="#[8a]">&gt;&gt;</a>&nbsp;&nbsp;&nbsp;_fp_digits (via Veneer)
</UL>

<P><STRONG><a name="[37]"></a>_printf_fp_dec</STRONG> (ARM, 4 bytes, Stack size 0 bytes, printf1.o(x$fpl$printf1))
<BR><BR>[Stack]<UL><LI>Max Depth = 316<LI>Call Chain = _printf_fp_dec &rArr; _printf_fp_dec_real &rArr; _fp_digits &rArr; _btod_etento &rArr; _btod_emul &rArr; _e2e
</UL>
<BR>[Calls]<UL><LI><a href="#[90]">&gt;&gt;</a>&nbsp;&nbsp;&nbsp;_printf_fp_dec_real (via Veneer)
</UL>
<BR>[Called By]<UL><LI><a href="#[36]">&gt;&gt;</a>&nbsp;&nbsp;&nbsp;_printf_f
</UL>
<P>
<H3>
Local Symbols
</H3>
<P><STRONG><a name="[d1]"></a>AddRoundKey</STRONG> (ARM, 112 bytes, Stack size 0 bytes, aesencriptionwipro.o(i.AddRoundKey))
<BR><BR>[Called By]<UL><LI><a href="#[b2]">&gt;&gt;</a>&nbsp;&nbsp;&nbsp;InvCipher
<LI><a href="#[b5]">&gt;&gt;</a>&nbsp;&nbsp;&nbsp;Cipher
</UL>

<P><STRONG><a name="[b0]"></a>BlockCopy</STRONG> (ARM, 40 bytes, Stack size 0 bytes, aesencriptionwipro.o(i.BlockCopy))
<BR><BR>[Called By]<UL><LI><a href="#[b4]">&gt;&gt;</a>&nbsp;&nbsp;&nbsp;AES128_CBC_encrypt_buffer
<LI><a href="#[af]">&gt;&gt;</a>&nbsp;&nbsp;&nbsp;AES128_CBC_decrypt_buffer
</UL>

<P><STRONG><a name="[b5]"></a>Cipher</STRONG> (ARM, 84 bytes, Stack size 8 bytes, aesencriptionwipro.o(i.Cipher))
<BR><BR>[Stack]<UL><LI>Max Depth = 32<LI>Call Chain = Cipher &rArr; MixColumns
</UL>
<BR>[Calls]<UL><LI><a href="#[d2]">&gt;&gt;</a>&nbsp;&nbsp;&nbsp;SubBytes
<LI><a href="#[d3]">&gt;&gt;</a>&nbsp;&nbsp;&nbsp;ShiftRows
<LI><a href="#[d4]">&gt;&gt;</a>&nbsp;&nbsp;&nbsp;MixColumns
<LI><a href="#[d1]">&gt;&gt;</a>&nbsp;&nbsp;&nbsp;AddRoundKey
</UL>
<BR>[Called By]<UL><LI><a href="#[b4]">&gt;&gt;</a>&nbsp;&nbsp;&nbsp;AES128_CBC_encrypt_buffer
</UL>

<P><STRONG><a name="[b2]"></a>InvCipher</STRONG> (ARM, 84 bytes, Stack size 8 bytes, aesencriptionwipro.o(i.InvCipher))
<BR><BR>[Stack]<UL><LI>Max Depth = 56<LI>Call Chain = InvCipher &rArr; InvMixColumns
</UL>
<BR>[Calls]<UL><LI><a href="#[e5]">&gt;&gt;</a>&nbsp;&nbsp;&nbsp;InvSubBytes
<LI><a href="#[e4]">&gt;&gt;</a>&nbsp;&nbsp;&nbsp;InvShiftRows
<LI><a href="#[e6]">&gt;&gt;</a>&nbsp;&nbsp;&nbsp;InvMixColumns
<LI><a href="#[d1]">&gt;&gt;</a>&nbsp;&nbsp;&nbsp;AddRoundKey
</UL>
<BR>[Called By]<UL><LI><a href="#[af]">&gt;&gt;</a>&nbsp;&nbsp;&nbsp;AES128_CBC_decrypt_buffer
</UL>

<P><STRONG><a name="[e6]"></a>InvMixColumns</STRONG> (ARM, 1736 bytes, Stack size 48 bytes, aesencriptionwipro.o(i.InvMixColumns))
<BR><BR>[Stack]<UL><LI>Max Depth = 48<LI>Call Chain = InvMixColumns
</UL>
<BR>[Calls]<UL><LI><a href="#[e7]">&gt;&gt;</a>&nbsp;&nbsp;&nbsp;xtime
</UL>
<BR>[Called By]<UL><LI><a href="#[b2]">&gt;&gt;</a>&nbsp;&nbsp;&nbsp;InvCipher
</UL>

<P><STRONG><a name="[e4]"></a>InvShiftRows</STRONG> (ARM, 292 bytes, Stack size 0 bytes, aesencriptionwipro.o(i.InvShiftRows))
<BR><BR>[Called By]<UL><LI><a href="#[b2]">&gt;&gt;</a>&nbsp;&nbsp;&nbsp;InvCipher
</UL>

<P><STRONG><a name="[e5]"></a>InvSubBytes</STRONG> (ARM, 96 bytes, Stack size 16 bytes, aesencriptionwipro.o(i.InvSubBytes))
<BR><BR>[Stack]<UL><LI>Max Depth = 16<LI>Call Chain = InvSubBytes
</UL>
<BR>[Calls]<UL><LI><a href="#[e8]">&gt;&gt;</a>&nbsp;&nbsp;&nbsp;getSBoxInvert
</UL>
<BR>[Called By]<UL><LI><a href="#[b2]">&gt;&gt;</a>&nbsp;&nbsp;&nbsp;InvCipher
</UL>

<P><STRONG><a name="[b1]"></a>KeyExpansion</STRONG> (ARM, 508 bytes, Stack size 24 bytes, aesencriptionwipro.o(i.KeyExpansion))
<BR><BR>[Stack]<UL><LI>Max Depth = 24<LI>Call Chain = KeyExpansion
</UL>
<BR>[Calls]<UL><LI><a href="#[e9]">&gt;&gt;</a>&nbsp;&nbsp;&nbsp;getSBoxValue
</UL>
<BR>[Called By]<UL><LI><a href="#[b4]">&gt;&gt;</a>&nbsp;&nbsp;&nbsp;AES128_CBC_encrypt_buffer
<LI><a href="#[af]">&gt;&gt;</a>&nbsp;&nbsp;&nbsp;AES128_CBC_decrypt_buffer
</UL>

<P><STRONG><a name="[d4]"></a>MixColumns</STRONG> (ARM, 444 bytes, Stack size 24 bytes, aesencriptionwipro.o(i.MixColumns))
<BR><BR>[Stack]<UL><LI>Max Depth = 24<LI>Call Chain = MixColumns
</UL>
<BR>[Calls]<UL><LI><a href="#[e7]">&gt;&gt;</a>&nbsp;&nbsp;&nbsp;xtime
</UL>
<BR>[Called By]<UL><LI><a href="#[b5]">&gt;&gt;</a>&nbsp;&nbsp;&nbsp;Cipher
</UL>

<P><STRONG><a name="[d3]"></a>ShiftRows</STRONG> (ARM, 292 bytes, Stack size 0 bytes, aesencriptionwipro.o(i.ShiftRows))
<BR><BR>[Called By]<UL><LI><a href="#[b5]">&gt;&gt;</a>&nbsp;&nbsp;&nbsp;Cipher
</UL>

<P><STRONG><a name="[d2]"></a>SubBytes</STRONG> (ARM, 96 bytes, Stack size 16 bytes, aesencriptionwipro.o(i.SubBytes))
<BR><BR>[Stack]<UL><LI>Max Depth = 16<LI>Call Chain = SubBytes
</UL>
<BR>[Calls]<UL><LI><a href="#[e9]">&gt;&gt;</a>&nbsp;&nbsp;&nbsp;getSBoxValue
</UL>
<BR>[Called By]<UL><LI><a href="#[b5]">&gt;&gt;</a>&nbsp;&nbsp;&nbsp;Cipher
</UL>

<P><STRONG><a name="[b3]"></a>XorWithIv</STRONG> (ARM, 56 bytes, Stack size 0 bytes, aesencriptionwipro.o(i.XorWithIv))
<BR><BR>[Called By]<UL><LI><a href="#[b4]">&gt;&gt;</a>&nbsp;&nbsp;&nbsp;AES128_CBC_encrypt_buffer
<LI><a href="#[af]">&gt;&gt;</a>&nbsp;&nbsp;&nbsp;AES128_CBC_decrypt_buffer
</UL>

<P><STRONG><a name="[e8]"></a>getSBoxInvert</STRONG> (ARM, 16 bytes, Stack size 0 bytes, aesencriptionwipro.o(i.getSBoxInvert))
<BR><BR>[Called By]<UL><LI><a href="#[e5]">&gt;&gt;</a>&nbsp;&nbsp;&nbsp;InvSubBytes
</UL>

<P><STRONG><a name="[e9]"></a>getSBoxValue</STRONG> (ARM, 16 bytes, Stack size 0 bytes, aesencriptionwipro.o(i.getSBoxValue))
<BR><BR>[Called By]<UL><LI><a href="#[d2]">&gt;&gt;</a>&nbsp;&nbsp;&nbsp;SubBytes
<LI><a href="#[b1]">&gt;&gt;</a>&nbsp;&nbsp;&nbsp;KeyExpansion
</UL>

<P><STRONG><a name="[e7]"></a>xtime</STRONG> (ARM, 32 bytes, Stack size 0 bytes, aesencriptionwipro.o(i.xtime))
<BR><BR>[Called By]<UL><LI><a href="#[d4]">&gt;&gt;</a>&nbsp;&nbsp;&nbsp;MixColumns
<LI><a href="#[e6]">&gt;&gt;</a>&nbsp;&nbsp;&nbsp;InvMixColumns
</UL>

<P><STRONG><a name="[2b5]"></a>i2c_lpc_ask_polling_op</STRONG> (ARM, 168 bytes, Stack size 0 bytes, i2c.o(i.i2c_lpc_ask_polling_op))
<BR><BR>[Called By]<UL><LI><a href="#[1ee]">&gt;&gt;</a>&nbsp;&nbsp;&nbsp;send_i2c_cmd
</UL>

<P><STRONG><a name="[1fc]"></a>i2c_lpc_ctrl</STRONG> (ARM, 168 bytes, Stack size 16 bytes, i2c.o(i.i2c_lpc_ctrl))
<BR><BR>[Stack]<UL><LI>Max Depth = 16<LI>Call Chain = i2c_lpc_ctrl
</UL>
<BR>[Calls]<UL><LI><a href="#[1fd]">&gt;&gt;</a>&nbsp;&nbsp;&nbsp;i2c_lpc_stop
</UL>
<BR>[Called By]<UL><LI><a href="#[1ee]">&gt;&gt;</a>&nbsp;&nbsp;&nbsp;send_i2c_cmd
</UL>

<P><STRONG><a name="[1fe]"></a>i2c_lpc_rx_to_buf</STRONG> (ARM, 336 bytes, Stack size 56 bytes, i2c.o(i.i2c_lpc_rx_to_buf))
<BR><BR>[Stack]<UL><LI>Max Depth = 60<LI>Call Chain = i2c_lpc_rx_to_buf &rArr; __aeabi_memclr4
</UL>
<BR>[Calls]<UL><LI><a href="#[9c]">&gt;&gt;</a>&nbsp;&nbsp;&nbsp;__aeabi_memclr4
</UL>
<BR>[Called By]<UL><LI><a href="#[1ee]">&gt;&gt;</a>&nbsp;&nbsp;&nbsp;send_i2c_cmd
</UL>

<P><STRONG><a name="[1fd]"></a>i2c_lpc_stop</STRONG> (ARM, 32 bytes, Stack size 0 bytes, i2c.o(i.i2c_lpc_stop))
<BR><BR>[Called By]<UL><LI><a href="#[1ee]">&gt;&gt;</a>&nbsp;&nbsp;&nbsp;send_i2c_cmd
<LI><a href="#[1fc]">&gt;&gt;</a>&nbsp;&nbsp;&nbsp;i2c_lpc_ctrl
</UL>

<P><STRONG><a name="[2b4]"></a>i2c_lpc_wr_byte</STRONG> (ARM, 48 bytes, Stack size 0 bytes, i2c.o(i.i2c_lpc_wr_byte))
<BR><BR>[Called By]<UL><LI><a href="#[1ee]">&gt;&gt;</a>&nbsp;&nbsp;&nbsp;send_i2c_cmd
</UL>

<P><STRONG><a name="[f3]"></a>led</STRONG> (ARM, 140 bytes, Stack size 0 bytes, timer.o(i.led))
<BR><BR>[Called By]<UL><LI><a href="#[15]">&gt;&gt;</a>&nbsp;&nbsp;&nbsp;TICKER_25us_Handler
</UL>

<P><STRONG><a name="[16c]"></a>set_date</STRONG> (ARM, 504 bytes, Stack size 32 bytes, clock_calndr.o(i.set_date))
<BR><BR>[Stack]<UL><LI>Max Depth = 1080 + Unknown Stack Size
<LI>Call Chain = set_date &rArr; enter_digits &rArr; key1 &rArr;  tcpClienthbTask (Cycle)
</UL>
<BR>[Calls]<UL><LI><a href="#[bf]">&gt;&gt;</a>&nbsp;&nbsp;&nbsp;key1
<LI><a href="#[b7]">&gt;&gt;</a>&nbsp;&nbsp;&nbsp;lcd_show
<LI><a href="#[1bc]">&gt;&gt;</a>&nbsp;&nbsp;&nbsp;lcd_char
<LI><a href="#[d7]">&gt;&gt;</a>&nbsp;&nbsp;&nbsp;enter_digits
<LI><a href="#[2b8]">&gt;&gt;</a>&nbsp;&nbsp;&nbsp;write_year
<LI><a href="#[2b7]">&gt;&gt;</a>&nbsp;&nbsp;&nbsp;write_month
<LI><a href="#[2b6]">&gt;&gt;</a>&nbsp;&nbsp;&nbsp;write_dayofmonth
</UL>
<BR>[Called By]<UL><LI><a href="#[167]">&gt;&gt;</a>&nbsp;&nbsp;&nbsp;date_time1
</UL>

<P><STRONG><a name="[16b]"></a>set_time</STRONG> (ARM, 360 bytes, Stack size 16 bytes, clock_calndr.o(i.set_time))
<BR><BR>[Stack]<UL><LI>Max Depth = 1064 + Unknown Stack Size
<LI>Call Chain = set_time &rArr; enter_digits &rArr; key1 &rArr;  tcpClienthbTask (Cycle)
</UL>
<BR>[Calls]<UL><LI><a href="#[bf]">&gt;&gt;</a>&nbsp;&nbsp;&nbsp;key1
<LI><a href="#[cb]">&gt;&gt;</a>&nbsp;&nbsp;&nbsp;lcd_str
<LI><a href="#[b7]">&gt;&gt;</a>&nbsp;&nbsp;&nbsp;lcd_show
<LI><a href="#[1bc]">&gt;&gt;</a>&nbsp;&nbsp;&nbsp;lcd_char
<LI><a href="#[d7]">&gt;&gt;</a>&nbsp;&nbsp;&nbsp;enter_digits
<LI><a href="#[2bb]">&gt;&gt;</a>&nbsp;&nbsp;&nbsp;write_sec
<LI><a href="#[2ba]">&gt;&gt;</a>&nbsp;&nbsp;&nbsp;write_min
<LI><a href="#[2b9]">&gt;&gt;</a>&nbsp;&nbsp;&nbsp;write_hr
</UL>
<BR>[Called By]<UL><LI><a href="#[167]">&gt;&gt;</a>&nbsp;&nbsp;&nbsp;date_time1
</UL>

<P><STRONG><a name="[83]"></a>_tm_carry</STRONG> (Thumb, 68 bytes, Stack size 16 bytes, mktime.o(.text))
<BR><BR>[Stack]<UL><LI>Max Depth = 24<LI>Call Chain = _tm_carry &rArr; __aeabi_idivmod
</UL>
<BR>[Calls]<UL><LI><a href="#[84]">&gt;&gt;</a>&nbsp;&nbsp;&nbsp;__aeabi_idivmod (via Veneer)
</UL>
<BR>[Called By]<UL><LI><a href="#[85]">&gt;&gt;</a>&nbsp;&nbsp;&nbsp;mktime
</UL>

<P><STRONG><a name="[a8]"></a>__arm_div8</STRONG> (ARM, 0 bytes, Stack size unknown bytes, aeabi_sdiv.o(.text))
<BR><BR>[Called By]<UL><LI><a href="#[9b]">&gt;&gt;</a>&nbsp;&nbsp;&nbsp;__aeabi_uidivmod
</UL>

<P><STRONG><a name="[a7]"></a>__arm_div5</STRONG> (ARM, 0 bytes, Stack size unknown bytes, aeabi_sdiv.o(.text))
<BR><BR>[Called By]<UL><LI><a href="#[9b]">&gt;&gt;</a>&nbsp;&nbsp;&nbsp;__aeabi_uidivmod
</UL>

<P><STRONG><a name="[a6]"></a>__arm_div2</STRONG> (ARM, 0 bytes, Stack size unknown bytes, aeabi_sdiv.o(.text))
<BR><BR>[Called By]<UL><LI><a href="#[9b]">&gt;&gt;</a>&nbsp;&nbsp;&nbsp;__aeabi_uidivmod
</UL>

<P><STRONG><a name="[a9]"></a>__arm_div_large</STRONG> (ARM, 0 bytes, Stack size unknown bytes, aeabi_sdiv.o(.text))
<BR><BR>[Called By]<UL><LI><a href="#[9b]">&gt;&gt;</a>&nbsp;&nbsp;&nbsp;__aeabi_uidivmod
</UL>

<P><STRONG><a name="[8a]"></a>_fp_digits</STRONG> (Thumb, 414 bytes, Stack size 96 bytes, _printf_fp_dec.o(.text))
<BR><BR>[Stack]<UL><LI>Max Depth = 220<LI>Call Chain = _fp_digits &rArr; _btod_etento &rArr; _btod_emul &rArr; _e2e
</UL>
<BR>[Calls]<UL><LI><a href="#[8]">&gt;&gt;</a>&nbsp;&nbsp;&nbsp;__ieee_status (via Veneer)
<LI><a href="#[8e]">&gt;&gt;</a>&nbsp;&nbsp;&nbsp;_btod_emul (via Veneer)
<LI><a href="#[8d]">&gt;&gt;</a>&nbsp;&nbsp;&nbsp;_btod_ediv (via Veneer)
<LI><a href="#[8c]">&gt;&gt;</a>&nbsp;&nbsp;&nbsp;_btod_d2e (via Veneer)
<LI><a href="#[8b]">&gt;&gt;</a>&nbsp;&nbsp;&nbsp;_btod_etento
<LI><a href="#[8f]">&gt;&gt;</a>&nbsp;&nbsp;&nbsp;_ll_udiv10 (via Veneer)
</UL>
<BR>[Called By]<UL><LI><a href="#[90]">&gt;&gt;</a>&nbsp;&nbsp;&nbsp;_printf_fp_dec_real
</UL>

<P><STRONG><a name="[12]"></a>_printf_input_char</STRONG> (Thumb, 10 bytes, Stack size 0 bytes, _printf_char_common.o(.text))
<BR>[Address Reference Count : 1]<UL><LI> _printf_char_common.o(.text)
</UL><P>
<H3>
Undefined Global Symbols
</H3>
<P><STRONG><a name="[a2]"></a>_call_atexit_fns</STRONG> (ARM, 0 bytes, Stack size 0 bytes, UNDEFINED)
<BR><BR>[Called By]<UL><LI><a href="#[52]">&gt;&gt;</a>&nbsp;&nbsp;&nbsp;exit
</UL>

<P><STRONG><a name="[94]"></a>_printf_mbtowc</STRONG> (ARM, 0 bytes, Stack size 0 bytes, UNDEFINED)
<BR><BR>[Called By]<UL><LI><a href="#[93]">&gt;&gt;</a>&nbsp;&nbsp;&nbsp;_printf_cs_common
</UL>

<P><STRONG><a name="[97]"></a>_printf_wc</STRONG> (ARM, 0 bytes, Stack size 0 bytes, UNDEFINED)
<BR><BR>[Called By]<UL><LI><a href="#[96]">&gt;&gt;</a>&nbsp;&nbsp;&nbsp;_printf_lcs_common
</UL>
<HR></body></html>
