Component: ARM Compiler 5.06 update 6 (build 750) Tool: armlink [4d35ed]

==============================================================================

Section Cross References

    startup_lpc23xx.o(STACK) refers (Special) to heapauxi.o(.text) for __use_two_region_memory
    startup_lpc23xx.o(HEAP) refers (Special) to heapauxi.o(.text) for __use_two_region_memory
    startup_lpc23xx.o(RESET) refers (Special) to heapauxi.o(.text) for __use_two_region_memory
    startup_lpc23xx.o(RESET) refers to startup_lpc23xx.o(STACK) for Stack_Top
    startup_lpc23xx.o(RESET) refers to target.o(i.TargetResetInit) for TargetResetInit
    startup_lpc23xx.o(RESET) refers to __main.o(!!!main) for __main
    startup_lpc23xx.o(.text) refers (Special) to heapauxi.o(.text) for __use_two_region_memory
    startup_lpc23xx.o(.text) refers to startup_lpc23xx.o(HEAP) for Heap_Mem
    startup_lpc23xx.o(.text) refers to startup_lpc23xx.o(STACK) for Stack_Mem
    retarget.o(i._sys_exit) refers (Special) to use_no_semi.o(.text) for __use_no_semihosting_swi
    retarget.o(i._ttywrch) refers (Special) to use_no_semi.o(.text) for __use_no_semihosting_swi
    retarget.o(i._ttywrch) refers to debug.o(i.fputc) for fputc
    retarget.o(i._ttywrch) refers to retarget.o(.data) for __stdout
    retarget.o(i.ferror) refers (Special) to use_no_semi.o(.text) for __use_no_semihosting_swi
    retarget.o(i.fgetc) refers (Special) to use_no_semi.o(.text) for __use_no_semihosting_swi
    retarget.o(.data) refers (Special) to use_no_semi.o(.text) for __use_no_semihosting_swi
    debug.o(i.debugDisplayArray) refers to _printf_percent.o(.ARM.Collect$$_printf_percent$$00000000) for _printf_percent
    debug.o(i.debugDisplayArray) refers to _printf_s.o(.ARM.Collect$$_printf_percent$$00000014) for _printf_s
    debug.o(i.debugDisplayArray) refers to _printf_str.o(.text) for _printf_str
    debug.o(i.debugDisplayArray) refers to _printf_pad.o(.text) for _printf_pre_padding
    debug.o(i.debugDisplayArray) refers to _printf_x.o(.ARM.Collect$$_printf_percent$$0000000C) for _printf_x
    debug.o(i.debugDisplayArray) refers to _printf_hex_int_ptr.o(.text) for _printf_longlong_hex
    debug.o(i.debugDisplayArray) refers to __2fprintf.o(.text) for __2fprintf
    target.o(i.TargetResetInit) refers to ticker.o(i.TICKER_Init) for TICKER_Init
    target.o(i.TargetResetInit) refers to ticker.o(i.TICKER_100ms_Init) for TICKER_100ms_Init
    target.o(i.TargetResetInit) refers to uart.o(i.UART0_init) for UART0_init
    target.o(i.TargetResetInit) refers to uart.o(i.UART1_init) for UART1_init
    target.o(i.TargetResetInit) refers to ticker.o(i.lcd_dis) for lcd_dis
    target.o(i.TargetResetInit) refers to ticker.o(i.TICKER_Handler) for TICKER_Handler
    target.o(i.TargetResetInit) refers to ticker.o(i.TICKER_25us_Handler) for TICKER_25us_Handler
    target.o(i.TargetResetInit) refers to uart.o(i.UART0_Handler) for UART0_Handler
    target.o(i.TargetResetInit) refers to uart.o(i.UART1_Handler) for UART1_Handler
    ticker.o(i.Chk_Trigger_Timeout) refers to ticker.o(.data) for TICKER_time
    ticker.o(i.Hex_conveter) refers to toupper.o(.text) for toupper
    ticker.o(i.Hex_conveter) refers to isxdigit.o(.text) for isxdigit
    ticker.o(i.Set_Trigger_Timeout) refers to ticker.o(.data) for TICKER_time
    ticker.o(i.TICKER_100ms_Start) refers to ticker.o(.data) for TICKER_25us_time
    ticker.o(i.TICKER_25us_Handler) refers to ticker.o(.data) for TICKER_25us_time
    ticker.o(i.TICKER_25us_Handler) refers to ticker.o(.bss) for data_w
    ticker.o(i.TICKER_Handler) refers to ticker.o(i.lcd_keypad) for lcd_keypad
    ticker.o(i.TICKER_Handler) refers to aeabi_sdiv.o(.text_udiv) for __aeabi_uidivmod
    ticker.o(i.TICKER_Handler) refers to ticker.o(i.trg) for trg
    ticker.o(i.TICKER_Handler) refers to ticker.o(.data) for uislice
    ticker.o(i.TICKER_Handler) refers to os_port_none.o(.data) for systemTicks
    ticker.o(i.TICKER_Handler) refers to main.o(.data) for glcd_refresh_time
    ticker.o(i.TICKER_Handler) refers to ticker.o(.bss) for g_key_return_time
    ticker.o(i.TICKER_Start) refers to ticker.o(.data) for TICKER_time
    ticker.o(i.buzzer) refers to main.o(.bss) for sys_t
    ticker.o(i.buzzer) refers to ticker.o(.data) for sound_buzzer
    ticker.o(i.chk_timeout) refers to ticker.o(.data) for TICKER_time
    ticker.o(i.lcd_ch) refers to ticker.o(.bss) for lcd_string
    ticker.o(i.lcd_ch) refers to ticker.o(.data) for lcd_changed
    ticker.o(i.lcd_init) refers to main.o(i.delay) for delay
    ticker.o(i.lcd_init) refers to ticker.o(i.lcd_byte) for lcd_byte
    ticker.o(i.lcd_init) refers to ticker.o(.data) for lcd_changed
    ticker.o(i.lcd_init) refers to main.o(.data) for glcd_refresh_time
    ticker.o(i.lcd_init) refers to ticker.o(.bss) for lcd_string
    ticker.o(i.lcd_keypad) refers to ticker.o(i.lcd_byte) for lcd_byte
    ticker.o(i.lcd_keypad) refers to ticker.o(i.kbd_byte) for kbd_byte
    ticker.o(i.lcd_keypad) refers to ticker.o(.data) for uislice
[...]
    0x00018378   0x00018378   0x00000054   Code   RO         6231    .text               c_t.l(h1_free.o)
    0x000183cc   0x000183cc   0x00000008   Ven    RO         6291    .text               c_t.l(isxdigit.o)
    0x000183d4   0x000183d4   0x0000001a   Code   RO         6291    .text               c_t.l(isxdigit.o)
    0x000183ee   0x000183ee   0x00000002   PAD
    0x000183f0   0x000183f0   0x00000008   Ven    RO         6293    .text               c_t.l(toupper.o)
    0x000183f8   0x000183f8   0x00000022   Code   RO         6293    .text               c_t.l(toupper.o)
    0x0001841a   0x0001841a   0x00000002   PAD
    0x0001841c   0x0001841c   0x00000008   Ven    RO         6295    .text               c_t.l(__2fprintf.o)
    0x00018424   0x00018424   0x00000016   Code   RO         6295    .text               c_t.l(__2fprintf.o)
    0x0001843a   0x0001843a   0x00000002   PAD
    0x0001843c   0x0001843c   0x00000008   Ven    RO         6297    .text               c_t.l(__2sprintf.o)
    0x00018444   0x00018444   0x0000002c   Code   RO         6297    .text               c_t.l(__2sprintf.o)
    0x00018470   0x00018470   0x00000056   Code   RO         6309    .text               c_t.l(_printf_pad.o)
    0x000184c6   0x000184c6   0x0000002c   Code   RO         6311    .text               c_t.l(_printf_truncate.o)
    0x000184f2   0x000184f2   0x00000058   Code   RO         6313    .text               c_t.l(_printf_str.o)
    0x0001854a   0x0001854a   0x00000002   PAD
    0x0001854c   0x0001854c   0x00000008   Ven    RO         6315    .text               c_t.l(_printf_dec.o)
    0x00018554   0x00018554   0x00000070   Code   RO         6315    .text               c_t.l(_printf_dec.o)
    0x000185c4   0x000185c4   0x00000008   Ven    RO         6317    .text               c_t.l(_printf_charcount.o)
    0x000185cc   0x000185cc   0x00000026   Code   RO         6317    .text               c_t.l(_printf_charcount.o)
    0x000185f2   0x000185f2   0x00000002   PAD
    0x000185f4   0x000185f4   0x000000c0   Code   RO         6319    .text               c_t.l(_printf_wctomb.o)
    0x000186b4   0x000186b4   0x00000008   Ven    RO         6327    .text               c_t.l(_printf_oct_int.o)
    0x000186bc   0x000186bc   0x00000054   Code   RO         6327    .text               c_t.l(_printf_oct_int.o)
    0x00018710   0x00018710   0x00000008   Ven    RO         6343    .text               c_t.l(_printf_hex_int_ptr.o)
    0x00018718   0x00018718   0x00000088   Code   RO         6343    .text               c_t.l(_printf_hex_int_ptr.o)
    0x000187a0   0x000187a0   0x0000019c   Code   RO         6369    .text               c_t.l(__printf_flags_ss_wp.o)
    0x0001893c   0x0001893c   0x00000008   Ven    RO         6384    .text               c_t.l(atoi.o)
    0x00018944   0x00018944   0x0000001e   Code   RO         6384    .text               c_t.l(atoi.o)
    0x00018962   0x00018962   0x00000002   PAD
    0x00018964   0x00018964   0x00000008   Ven    RO         6386    .text               c_t.l(strchr.o)
    0x0001896c   0x0001896c   0x00000016   Code   RO         6386    .text               c_t.l(strchr.o)
    0x00018982   0x00018982   0x00000002   PAD
    0x00018984   0x00018984   0x00000008   Ven    RO         6388    .text               c_t.l(strncat.o)
    0x0001898c   0x0001898c   0x00000026   Code   RO         6388    .text               c_t.l(strncat.o)
    0x000189b2   0x000189b2   0x00000002   PAD
    0x000189b4   0x000189b4   0x00000008   Ven    RO         6390    .text               c_t.l(strstr.o)
    0x000189bc   0x000189bc   0x0000002a   Code   RO         6390    .text               c_t.l(strstr.o)
    0x000189e6   0x000189e6   0x00000002   PAD
    0x000189e8   0x000189e8   0x00000008   Ven    RO         6392    .text               c_t.l(memcmp.o)
    0x000189f0   0x000189f0   0x00000076   Code   RO         6392    .text               c_t.l(memcmp.o)
    0x00018a66   0x00018a66   0x00000002   PAD
    0x00018a68   0x00018a68   0x00000008   Ven    RO         6394    .text               c_t.l(strcpy.o)
    0x00018a70   0x00018a70   0x00000050   Code   RO         6394    .text               c_t.l(strcpy.o)
    0x00018ac0   0x00018ac0   0x00000008   Ven    RO         6396    .text               c_t.l(strncasecmp.o)
    0x00018ac8   0x00018ac8   0x00000032   Code   RO         6396    .text               c_t.l(strncasecmp.o)
    0x00018afa   0x00018afa   0x00000002   PAD
    0x00018afc   0x00018afc   0x00000008   Ven    RO         6398    .text               c_t.l(strcasecmp.o)
    0x00018b04   0x00018b04   0x0000002a   Code   RO         6398    .text               c_t.l(strcasecmp.o)
    0x00018b2e   0x00018b2e   0x00000002   PAD
    0x00018b30   0x00018b30   0x00000008   Ven    RO         6400    .text               c_t.l(strlen.o)
    0x00018b38   0x00018b38   0x00000044   Code   RO         6400    .text               c_t.l(strlen.o)
    0x00018b7c   0x00018b7c   0x00000008   Ven    RO         6402    .text               c_t.l(strcat.o)
    0x00018b84   0x00018b84   0x00000018   Code   RO         6402    .text               c_t.l(strcat.o)
    0x00018b9c   0x00018b9c   0x000000d4   Code   RO         6404    .text               c_t.l(rt_memcpy.o)
    0x00018c70   0x00018c70   0x000000d4   Code   RO         6406    .text               c_t.l(rt_memmove.o)
    0x00018d44   0x00018d44   0x00000064   Code   RO         6408    .text               c_t.l(rt_memcpy_w.o)
    0x00018da8   0x00018da8   0x00000040   Code   RO         6410    .text               c_t.l(rt_memclr.o)
    0x00018de8   0x00018de8   0x00000004   Ven    RO         6412    .text               c_t.l(rt_memclr_w.o)
    0x00018dec   0x00018dec   0x00000054   Code   RO         6412    .text               c_t.l(rt_memclr_w.o)
    0x00018e40   0x00018e40   0x00000070   Code   RO         6414    .text               c_t.l(strncpy.o)
    0x00018eb0   0x00018eb0   0x000000f4   Code   RO         6416    .text               c_t.l(strcmp.o)
    0x00018fa4   0x00018fa4   0x00000020   Code   RO         6418    .text               c_t.l(uread4.o)
    0x00018fc4   0x00018fc4   0x00000020   Code   RO         6420    .text               c_t.l(uwrite4.o)
    0x00018fe4   0x00018fe4   0x00000008   Ven    RO         6422    .text               c_t.l(localtime.o)
    0x00018fec   0x00018fec   0x00000014   Code   RO         6422    .text               c_t.l(localtime.o)
    0x00019000   0x00019000   0x00000008   Ven    RO         6425    .text               c_t.l(mktime.o)
    0x00019008   0x00019008   0x000001b4   Code   RO         6425    .text               c_t.l(mktime.o)
    0x000191bc   0x000191bc   0x00000004   Ven    RO         6427    .text               c_t.l(aeabi_sdiv.o)
    0x000191c0   0x000191c0   0x00000180   Code   RO         6427    .text               c_t.l(aeabi_sdiv.o)
    0x00019340   0x00019340   0x00000006   Code   RO         6443    .text               c_t.l(heapauxi.o)
    0x00019346   0x00019346   0x00000002   PAD
    0x00019348   0x00019348   0x00000004   Ven    RO         6467    .text               c_t.l(rt_heap_descriptor_intlibspace.o)
    0x0001934c   0x0001934c   0x0000000c   Code   RO         6467    .text               c_t.l(rt_heap_descriptor_intlibspace.o)
    0x00019358   0x00019358   0x00000004   Ven    RO         6472    .text               c_t.l(rt_locale_intlibspace.o)
    0x0001935c   0x0001935c   0x0000000c   Code   RO         6472    .text               c_t.l(rt_locale_intlibspace.o)
    0x00019368   0x00019368   0x00000004   Ven    RO         6477    .text               c_t.l(rt_errno_addr_intlibspace.o)
    0x0001936c   0x0001936c   0x0000000c   Code   RO         6477    .text               c_t.l(rt_errno_addr_intlibspace.o)
    0x00019378   0x00019378   0x00000004   Code   RO         6479    .text               c_t.l(hguard.o)
    0x0001937c   0x0001937c   0x00000094   Code   RO         6481    .text               c_t.l(init_alloc.o)
    0x00019410   0x00019410   0x0000000e   Code   RO         6485    .text               c_t.l(h1_init.o)
    0x0001941e   0x0001941e   0x0000001e   Code   RO         6499    .text               c_t.l(tolower.o)
    0x0001943c   0x0001943c   0x000000ba   Code   RO         6501    .text               c_t.l(_printf_intcommon.o)
    0x000194f6   0x000194f6   0x00000002   PAD
    0x000194f8   0x000194f8   0x00000420   Code   RO         6503    .text               c_t.l(_printf_fp_dec.o)
    0x00019918   0x00019918   0x00000030   Code   RO         6505    .text               c_t.l(_printf_char_common.o)
    0x00019948   0x00019948   0x0000000a   Code   RO         6507    .text               c_t.l(_sputc.o)
    0x00019952   0x00019952   0x00000002   PAD
    0x00019954   0x00019954   0x00000008   Ven    RO         6509    .text               c_t.l(_printf_char.o)
    0x0001995c   0x0001995c   0x00000032   Code   RO         6509    .text               c_t.l(_printf_char.o)
    0x0001998e   0x0001998e   0x00000002   PAD
    0x00019990   0x00019990   0x0000002c   Code   RO         6511    .text               c_t.l(_printf_char_file.o)
    0x000199bc   0x000199bc   0x00000008   Ven    RO         6513    .text               c_t.l(_printf_wchar.o)
    0x000199c4   0x000199c4   0x00000032   Code   RO         6513    .text               c_t.l(_printf_wchar.o)
    0x000199f6   0x000199f6   0x00000002   PAD
    0x000199f8   0x000199f8   0x00000074   Code   RO         6517    .text               c_t.l(strtol.o)
    0x00019a6c   0x00019a6c   0x00000046   Code   RO         6519    .text               c_t.l(_wcrtomb.o)
    0x00019ab2   0x00019ab2   0x00000002   PAD
    0x00019ab4   0x00019ab4   0x00000080   Code   RO         6526    .text               c_t.l(rt_memmove_w.o)
    0x00019b34   0x00019b34   0x000000a0   Code   RO         6529    .text               c_t.l(localtime_internal.o)
    0x00019bd4   0x00019bd4   0x00000004   Ven    RO         6531    .text               c_t.l(rtudiv10.o)
    0x00019bd8   0x00019bd8   0x0000002c   Code   RO         6531    .text               c_t.l(rtudiv10.o)
    0x00019c04   0x00019c04   0x0000000c   Code   RO         6587    .text               c_t.l(libspace.o)
    0x00019c10   0x00019c10   0x00000038   Code   RO         6611    .text               c_t.l(h1_extend.o)
    0x00019c48   0x00019c48   0x00000004   Ven    RO         6615    .text               c_t.l(lludiv10.o)
    0x00019c4c   0x00019c4c   0x000000a0   Code   RO         6615    .text               c_t.l(lludiv10.o)
    0x00019cec   0x00019cec   0x00000090   Code   RO         6617    .text               c_t.l(_printf_fp_infnan.o)
    0x00019d7c   0x00019d7c   0x000000ac   Code   RO         6623    .text               c_t.l(_strtoul.o)
    0x00019e28   0x00019e28   0x000000dc   Code   RO         6625    .text               c_t.l(bigflt0.o)
    0x00019f04   0x00019f04   0x00000010   Code   RO         6653    .text               c_t.l(defsig_rtmem_outer.o)
    0x00019f14   0x00019f14   0x00000060   Code   RO         6669    .text               c_t.l(sys_stackheap_outer.o)
    0x00019f74   0x00019f74   0x0000001e   Code   RO         6675    .text               c_t.l(_chval.o)
    0x00019f92   0x00019f92   0x00000014   Code   RO         6677    .text               c_t.l(exit.o)
    0x00019fa6   0x00019fa6   0x00000010   Code   RO         6679    .text               c_t.l(defsig_exit.o)
    0x00019fb6   0x00019fb6   0x00000002   PAD
    0x00019fb8   0x00019fb8   0x00000054   Code   RO         6685    .text               c_t.l(defsig_rtmem_inner.o)
    0x0001a00c   0x0001a00c   0x00000038   Code   RO         6705    .text               c_t.l(defsig_general.o)
    0x0001a044   0x0001a044   0x00000004   Ven    RO         6428    .text_udiv          c_t.l(aeabi_sdiv.o)
    0x0001a048   0x0001a048   0x00000024   Code   RO         6428    .text_udiv          c_t.l(aeabi_sdiv.o)
    0x0001a06c   0x0001a06c   0x00000004   Ven    RO         6628    CL$$btod_d2e        c_t.l(btod.o)
    0x0001a070   0x0001a070   0x00000038   Code   RO         6628    CL$$btod_d2e        c_t.l(btod.o)
    0x0001a0a8   0x0001a0a8   0x00000054   Code   RO         6630    CL$$btod_d2e_denorm_low  c_t.l(btod.o)
    0x0001a0fc   0x0001a0fc   0x00000068   Code   RO         6629    CL$$btod_d2e_norm_op1  c_t.l(btod.o)
    0x0001a164   0x0001a164   0x0000034c   Code   RO         6638    CL$$btod_div_common  c_t.l(btod.o)
    0x0001a4b0   0x0001a4b0   0x000000f4   Code   RO         6635    CL$$btod_e2e        c_t.l(btod.o)
    0x0001a5a4   0x0001a5a4   0x00000004   Ven    RO         6632    CL$$btod_ediv       c_t.l(btod.o)
    0x0001a5a8   0x0001a5a8   0x00000038   Code   RO         6632    CL$$btod_ediv       c_t.l(btod.o)
    0x0001a5e0   0x0001a5e0   0x00000004   Ven    RO         6631    CL$$btod_emul       c_t.l(btod.o)
    0x0001a5e4   0x0001a5e4   0x00000038   Code   RO         6631    CL$$btod_emul       c_t.l(btod.o)
    0x0001a61c   0x0001a61c   0x00000268   Code   RO         6637    CL$$btod_mult_common  c_t.l(btod.o)
    0x0001a884   0x0001a884   0x0000000c   Ven    RO         6807    Veneer$$Code        anon$$obj.o
    0x0001a890   0x0001a890   0x0000000c   Ven    RO         6808    Veneer$$Code        anon$$obj.o
    0x0001a89c   0x0001a89c   0x0000000c   Ven    RO         6809    Veneer$$Code        anon$$obj.o
    0x0001a8a8   0x0001a8a8   0x000000d8   Code   RO         2168    i.AES128_CBC_decrypt_buffer  aesencriptionwipro.o
    0x0001a980   0x0001a980   0x000000d8   Code   RO         2169    i.AES128_CBC_encrypt_buffer  aesencriptionwipro.o
    0x0001aa58   0x0001aa58   0x00000078   Code   RO         2170    i.AddRoundKey       aesencriptionwipro.o
    0x0001aad0   0x0001aad0   0x00000028   Code   RO         2171    i.BlockCopy         aesencriptionwipro.o
    0x0001aaf8   0x0001aaf8   0x000003b8   Code   RO         1633    i.Check_board       util_menu.o
    0x0001aeb0   0x0001aeb0   0x0000019c   Code   RO         1634    i.Check_cardreader  util_menu.o
    0x0001b04c   0x0001b04c   0x00000990   Code   RO         1635    i.Check_keycontrol  util_menu.o
    0x0001b9dc   0x0001b9dc   0x00000210   Code   RO         1636    i.Check_keypad      util_menu.o
    0x0001bbec   0x0001bbec   0x000002f4   Code   RO         1637    i.Check_output      util_menu.o
    0x0001bee0   0x0001bee0   0x00000054   Code   RO         2172    i.Cipher            aesencriptionwipro.o
    0x0001bf34   0x0001bf34   0x0000011c   Code   RO         1638    i.Curr_Keyid_Position  util_menu.o
    0x0001c050   0x0001c050   0x00000108   Code   RO         2174    i.DecyptPIAMPacket_config  aesencriptionwipro.o
    0x0001c158   0x0001c158   0x00000174   Code   RO         2176    i.EncyptPIAMPacket_config  aesencriptionwipro.o
    0x0001c2cc   0x0001c2cc   0x000000fc   Code   RO         1639    i.Erase_COMM_BLOCK  util_menu.o
    0x0001c3c8   0x0001c3c8   0x000001ec   Code   RO         1640    i.Events_Erase      util_menu.o
    0x0001c5b4   0x0001c5b4   0x0000009c   Code   RO          613    i.Find_card         login_menu.o
    0x0001c650   0x0001c650   0x000001ec   Code   RO         1641    i.Getkey_user       util_menu.o
    0x0001c83c   0x0001c83c   0x00000054   Code   RO         2177    i.InvCipher         aesencriptionwipro.o
    0x0001c890   0x0001c890   0x000006cc   Code   RO         2178    i.InvMixColumns     aesencriptionwipro.o
    0x0001cf5c   0x0001cf5c   0x00000128   Code   RO         2179    i.InvShiftRows      aesencriptionwipro.o
    0x0001d084   0x0001d084   0x00000064   Code   RO         2180    i.InvSubBytes       aesencriptionwipro.o
    0x0001d0e8   0x0001d0e8   0x00000208   Code   RO         2181    i.KeyExpansion      aesencriptionwipro.o
    0x0001d2f0   0x0001d2f0   0x00000124   Code   RO         1642    i.Keys_Enable_Disable  util_menu.o
    0x0001d414   0x0001d414   0x000001c0   Code   RO         2182    i.MixColumns        aesencriptionwipro.o
    0x0001d5d4   0x0001d5d4   0x00000080   Code   RO         1897    i.ReadBytes         m25p16.o
    0x0001d654   0x0001d654   0x000000b8   Code   RO         1900    i.SectorErase       m25p16.o
    0x0001d70c   0x0001d70c   0x00000164   Code   RO         1643    i.Serial_no         util_menu.o
    0x0001d870   0x0001d870   0x00000128   Code   RO         2183    i.ShiftRows         aesencriptionwipro.o
    0x0001d998   0x0001d998   0x00000064   Code   RO         2184    i.SubBytes          aesencriptionwipro.o
    0x0001d9fc   0x0001d9fc   0x00000124   Code   RO         1644    i.System_Identity   util_menu.o
    0x0001db20   0x0001db20   0x0000004c   Code   RO          127    i.TICKER_100ms_Init  ticker.o
    0x0001db6c   0x0001db6c   0x00000024   Code   RO          128    i.TICKER_100ms_Start  ticker.o
    0x0001db90   0x0001db90   0x0000020c   Code   RO          129    i.TICKER_25us_Handler  ticker.o
    0x0001dd9c   0x0001dd9c   0x00000ac0   Code   RO          130    i.TICKER_Handler    ticker.o
    0x0001e85c   0x0001e85c   0x0000004c   Code   RO          131    i.TICKER_Init       ticker.o
    0x0001e8a8   0x0001e8a8   0x00000024   Code   RO          132    i.TICKER_Start      ticker.o
    0x0001e8cc   0x0001e8cc   0x000002fc   Code   RO          108    i.TargetResetInit   target.o
    0x0001ebc8   0x0001ebc8   0x000000b0   Code   RO          293    i.UART0_Handler     uart.o
    0x0001ec78   0x0001ec78   0x00000044   Code   RO          294    i.UART0_init        uart.o
    0x0001ecbc   0x0001ecbc   0x000000d0   Code   RO          295    i.UART1_Handler     uart.o
    0x0001ed8c   0x0001ed8c   0x0000003c   Code   RO          296    i.UART1_init        uart.o
    0x0001edc8   0x0001edc8   0x00000100   Code   RO         1901    i.WrBytes           m25p16.o
    0x0001eec8   0x0001eec8   0x0000003c   Code   RO         1904    i.WriteEn           m25p16.o
    0x0001ef04   0x0001ef04   0x0000002c   Code   RO          614    i.Wrong_entry       login_menu.o
    0x0001ef30   0x0001ef30   0x0000003c   Code   RO         2185    i.XorWithIv         aesencriptionwipro.o
    0x0001ef6c   0x0001ef6c   0x00000002   Code   RO         6307    i.__ARM_common_call_via_r1  c_t.l(__printf.o)
    0x0001ef6e   0x0001ef6e   0x00000002   Code   RO         6323    i.__ARM_common_call_via_r2  c_t.l(_printf_wctomb.o)
    0x0001ef70   0x0001ef70   0x00000002   Code   RO         6521    i.__ARM_common_call_via_r3  c_t.l(_wcrtomb.o)
    0x0001ef72   0x0001ef72   0x00000002   PAD
    0x0001ef74   0x0001ef74   0x00000004   Ven    RO         6666    i.__ARM_fpclassify  m_ts.l(fpclassify.o)
    0x0001ef78   0x0001ef78   0x00000030   Code   RO         6666    i.__ARM_fpclassify  m_ts.l(fpclassify.o)
    0x0001efa8   0x0001efa8   0x0000000e   Code   RO         6362    i._is_digit         c_t.l(__printf_wp.o)
    0x0001efb6   0x0001efb6   0x00000002   PAD
    0x0001efb8   0x0001efb8   0x00000018   Code   RO         2368    i._swap16           endian.o
    0x0001efd0   0x0001efd0   0x00000020   Code   RO         2369    i._swap32           endian.o
    0x0001eff0   0x0001eff0   0x00000004   Ven    RO           11    i._sys_exit         retarget.o
    0x0001eff4   0x0001eff4   0x00000008   Code   RO           11    i._sys_exit         retarget.o
    0x0001effc   0x0001effc   0x00000004   Ven    RO           12    i._ttywrch          retarget.o
    0x0001f000   0x0001f000   0x00000020   Code   RO           12    i._ttywrch          retarget.o
    0x0001f020   0x0001f020   0x000000c0   Code   RO          726    i.add_user          protocol_comm.o
    0x0001f0e0   0x0001f0e0   0x00000064   Code   RO          615    i.alarm_display     login_menu.o
    0x0001f144   0x0001f144   0x00000a98   Code   RO          616    i.alarm_handler     login_menu.o
    0x0001fbdc   0x0001fbdc   0x00000084   Code   RO         3481    i.arpCreateEntry    arp.o
    0x0001fc60   0x0001fc60   0x00000004   Code   RO         3482    i.arpDumpPacket     arp.o
    0x0001fc64   0x0001fc64   0x00000114   Code   RO         3483    i.arpEnqueuePacket  arp.o
    0x0001fd78   0x0001fd78   0x00000058   Code   RO         3484    i.arpFindEntry      arp.o
    0x0001fdd0   0x0001fdd0   0x00000044   Code   RO         3485    i.arpFlushCache     arp.o
    0x0001fe14   0x0001fe14   0x0000004c   Code   RO         3486    i.arpFlushQueuedPackets  arp.o
    0x0001fe60   0x0001fe60   0x00000020   Code   RO         3487    i.arpInit           arp.o
    0x0001fe80   0x0001fe80   0x00000160   Code   RO         3488    i.arpProcessPacket  arp.o
    0x0001ffe0   0x0001ffe0   0x000001bc   Code   RO         3489    i.arpProcessReply   arp.o
    0x0002019c   0x0002019c   0x000000c8   Code   RO         3490    i.arpProcessRequest  arp.o
    0x00020264   0x00020264   0x00000100   Code   RO         3491    i.arpResolve        arp.o
    0x00020364   0x00020364   0x00000068   Code   RO         3493    i.arpSendQueuedPackets  arp.o
    0x000203cc   0x000203cc   0x00000108   Code   RO         3494    i.arpSendReply      arp.o
    0x000204d4   0x000204d4   0x00000134   Code   RO         3495    i.arpSendRequest    arp.o
    0x00020608   0x00020608   0x0000018c   Code   RO         3496    i.arpTick           arp.o
    0x00020794   0x00020794   0x000000e8   Code   RO          617    i.arrow_right_pressed  login_menu.o
    0x0002087c   0x0002087c   0x00000038   Code   RO          133    i.buzzer            ticker.o
    0x000208b4   0x000208b4   0x000000fc   Code   RO         1009    i.check_config_protocol  telnet_server.o
    0x000209b0   0x000209b0   0x0000007c   Code   RO          727    i.check_config_protocol_enc  protocol_comm.o
    0x00020a2c   0x00020a2c   0x0000008c   Code   RO         2295    i.check_config_protocol_hb  tcp_client_hb.o
    0x00020ab8   0x00020ab8   0x000000b8   Code   RO          618    i.check_return_flag  login_menu.o
    0x00020b70   0x00020b70   0x00000074   Code   RO          729    i.check_serial_no_server  protocol_comm.o
    0x00020be4   0x00020be4   0x00000184   Code   RO         1645    i.check_truck_number  util_menu.o
    0x00020d68   0x00020d68   0x00000084   Code   RO          731    i.checkcrc_server   protocol_comm.o
    0x00020dec   0x00020dec   0x0000005c   Code   RO         1010    i.checksum_verification  telnet_server.o
    0x00020e48   0x00020e48   0x0000002c   Code   RO          134    i.chk_timeout       ticker.o
    0x00020e74   0x00020e74   0x00000168   Code   RO         1754    i.cliq_request      key_menu.o
    0x00020fdc   0x00020fdc   0x000005ec   Code   RO          619    i.comm_menu_dis     login_menu.o
    0x000215c8   0x000215c8   0x00000098   Code   RO         1012    i.crc_calculation   telnet_server.o
    0x00021660   0x00021660   0x00000160   Code   RO          733    i.crc_calculation_encrp  protocol_comm.o
    0x000217c0   0x000217c0   0x00000090   Code   RO         1013    i.crc_calculation_fw  telnet_server.o
    0x00021850   0x00021850   0x00000098   Code   RO          735    i.crc_calculation_test  protocol_comm.o
    0x000218e8   0x000218e8   0x000001b8   Code   RO          425    i.create_keyevents  mci_menu.o
    0x00021aa0   0x00021aa0   0x000001e4   Code   RO         1803    i.date_time1        aka_sys.o
    0x00021c84   0x00021c84   0x00000064   Code   RO         1286    i.delay             main.o
    0x00021ce8   0x00021ce8   0x0000009c   Code   RO          736    i.delete_user       protocol_comm.o
    0x00021d84   0x00021d84   0x00000094   Code   RO         6110    i.dhcpAddOption     dhcp_common.o
    0x00021e18   0x00021e18   0x000000d0   Code   RO         5872    i.dhcpClientChangeState  dhcp_client.o
    0x00021ee8   0x00021ee8   0x00000078   Code   RO         5873    i.dhcpClientCheckTimeout  dhcp_client.o
    0x00021f60   0x00021f60   0x00000058   Code   RO         5874    i.dhcpClientComputeElapsedTime  dhcp_client.o
    0x00021fb8   0x00021fb8   0x00000044   Code   RO         5875    i.dhcpClientGetDefaultSettings  dhcp_client.o
    0x00021ffc   0x00021ffc   0x00000124   Code   RO         5877    i.dhcpClientInit    dhcp_client.o
    0x00022120   0x00022120   0x000000a4   Code   RO         5878    i.dhcpClientLinkChangeEvent  dhcp_client.o
    0x000221c4   0x000221c4   0x0000044c   Code   RO         5879    i.dhcpClientParseAck  dhcp_client.o
    0x00022610   0x00022610   0x00000100   Code   RO         5880    i.dhcpClientParseNak  dhcp_client.o
    0x00022710   0x00022710   0x000000d8   Code   RO         5881    i.dhcpClientParseOffer  dhcp_client.o
    0x000227e8   0x000227e8   0x00000150   Code   RO         5882    i.dhcpClientProcessMessage  dhcp_client.o
    0x00022938   0x00022938   0x00000150   Code   RO         5883    i.dhcpClientSendDecline  dhcp_client.o
    0x00022a88   0x00022a88   0x00000180   Code   RO         5884    i.dhcpClientSendDiscover  dhcp_client.o
    0x00022c08   0x00022c08   0x00000218   Code   RO         5885    i.dhcpClientSendRequest  dhcp_client.o
    0x00022e20   0x00022e20   0x0000007c   Code   RO         5886    i.dhcpClientStart   dhcp_client.o
    0x00022e9c   0x00022e9c   0x00000070   Code   RO         5887    i.dhcpClientStateBound  dhcp_client.o
    0x00022f0c   0x00022f0c   0x0000005c   Code   RO         5888    i.dhcpClientStateInit  dhcp_client.o
    0x00022f68   0x00022f68   0x0000005c   Code   RO         5889    i.dhcpClientStateInitReboot  dhcp_client.o
    0x00022fc4   0x00022fc4   0x000000bc   Code   RO         5890    i.dhcpClientStateProbing  dhcp_client.o
    0x00023080   0x00023080   0x000000f0   Code   RO         5891    i.dhcpClientStateRebinding  dhcp_client.o
    0x00023170   0x00023170   0x000000f4   Code   RO         5892    i.dhcpClientStateRebooting  dhcp_client.o
    0x00023264   0x00023264   0x000000d4   Code   RO         5893    i.dhcpClientStateRenewing  dhcp_client.o
    0x00023338   0x00023338   0x000000f4   Code   RO         5894    i.dhcpClientStateRequesting  dhcp_client.o
    0x0002342c   0x0002342c   0x000000ac   Code   RO         5895    i.dhcpClientStateSelecting  dhcp_client.o
    0x000234d8   0x000234d8   0x000000f8   Code   RO         5897    i.dhcpClientTick    dhcp_client.o
    0x000235d0   0x000235d0   0x000003d8   Code   RO         5898    i.dhcpDumpConfig    dhcp_client.o
    0x000239a8   0x000239a8   0x000000b8   Code   RO         6111    i.dhcpGetOption     dhcp_common.o
    0x00023a60   0x00023a60   0x00000104   Code   RO         1646    i.diagnostics       util_menu.o
    0x00023b64   0x00023b64   0x000001fc   Code   RO         5444    i.dnsCompareEncodedName  dns_common.o
    0x00023d60   0x00023d60   0x00000148   Code   RO         5445    i.dnsCompareName    dns_common.o
    0x00023ea8   0x00023ea8   0x00000084   Code   RO         5365    i.dnsCreateEntry    dns_cache.o
    0x00023f2c   0x00023f2c   0x00000044   Code   RO         5366    i.dnsDeleteEntry    dns_cache.o
    0x00023f70   0x00023f70   0x000000dc   Code   RO         5446    i.dnsEncodeName     dns_common.o
    0x0002404c   0x0002404c   0x000000c0   Code   RO         5367    i.dnsFindEntry      dns_cache.o
    0x0002410c   0x0002410c   0x00000058   Code   RO         5368    i.dnsFlushCache     dns_cache.o
    0x00024164   0x00024164   0x00000020   Code   RO         5369    i.dnsInit           dns_cache.o
    0x00024184   0x00024184   0x00000160   Code   RO         5447    i.dnsParseName      dns_common.o
    0x000242e4   0x000242e4   0x000003ac   Code   RO         5417    i.dnsProcessResponse  dns_client.o
    0x00024690   0x00024690   0x00000148   Code   RO         5418    i.dnsResolve        dns_client.o
    0x000247d8   0x000247d8   0x0000021c   Code   RO         5419    i.dnsSendQuery      dns_client.o
    0x000249f4   0x000249f4   0x00000180   Code   RO         5370    i.dnsTick           dns_cache.o
    0x00024b74   0x00024b74   0x00000090   Code   RO         1451    i.dow1              common_func.o
    0x00024c04   0x00024c04   0x0000002c   Code   RO         6134    i.dp83848DisableIrq  dp83848.o
    0x00024c30   0x00024c30   0x00000020   Code   RO         6135    i.dp83848DumpPhyReg  dp83848.o
    0x00024c50   0x00024c50   0x0000002c   Code   RO         6136    i.dp83848EnableIrq  dp83848.o
    0x00024c7c   0x00024c7c   0x00000114   Code   RO         6137    i.dp83848EventHandler  dp83848.o
    0x00024d90   0x00024d90   0x000000a8   Code   RO         6138    i.dp83848Init       dp83848.o
    0x00024e38   0x00024e38   0x00000044   Code   RO         6139    i.dp83848ReadPhyReg  dp83848.o
    0x00024e7c   0x00024e7c   0x00000084   Code   RO         6140    i.dp83848Tick       dp83848.o
    0x00024f00   0x00024f00   0x0000004c   Code   RO         6141    i.dp83848WritePhyReg  dp83848.o
    0x00024f4c   0x00024f4c   0x000009a4   Code   RO         1755    i.emerg_remove_return_key  key_menu.o
    0x000258f0   0x000258f0   0x000000e8   Code   RO         1756    i.emergency_keyaccess  key_menu.o
    0x000259d8   0x000259d8   0x00000384   Code   RO         1486    i.enter_digits      msg_menu.o
    0x00025d5c   0x00025d5c   0x0000002c   Code   RO          426    i.eraseboot_sdcard  mci_menu.o
    0x00025d88   0x00025d88   0x00000078   Code   RO          299    i.error_msg         uart.o
    0x00025e00   0x00025e00   0x000000c4   Code   RO         3298    i.ethAcceptMulticastAddr  ethernet.o
    0x00025ec4   0x00025ec4   0x0000003c   Code   RO         3299    i.ethAllocBuffer    ethernet.o
    0x00025f00   0x00025f00   0x00000070   Code   RO         3300    i.ethCalcCrc        ethernet.o
    0x00025f70   0x00025f70   0x00000100   Code   RO         3301    i.ethCalcCrcEx      ethernet.o
    0x00026070   0x00026070   0x000000c0   Code   RO         3302    i.ethCheckDestAddr  ethernet.o
    0x00026130   0x00026130   0x00000004   Code   RO         3304    i.ethDumpHeader     ethernet.o
    0x00026134   0x00026134   0x00000020   Code   RO         3305    i.ethInit           ethernet.o
    0x00026154   0x00026154   0x00000128   Code   RO         3306    i.ethProcessFrame   ethernet.o
    0x0002627c   0x0002627c   0x00000144   Code   RO         3307    i.ethSendFrame      ethernet.o
    0x000263c0   0x000263c0   0x00000004   Ven    RO           13    i.ferror            retarget.o
    0x000263c4   0x000263c4   0x0000000c   Code   RO           13    i.ferror            retarget.o
    0x000263d0   0x000263d0   0x00000078   Code   RO         1487    i.find_string       msg_menu.o
    0x00026448   0x00026448   0x0000014c   Code   RO         2585    i.formatSystemTime  date_time.o
    0x00026594   0x00026594   0x0000004c   Code   RO         1488    i.format_ip         msg_menu.o
    0x000265e0   0x000265e0   0x00000008   Code   RO           60    i.fputc             debug.o
    0x000265e8   0x000265e8   0x000003e0   Code   RO         1014    i.fw_download_sd    telnet_server.o
    0x000269c8   0x000269c8   0x00000114   Code   RO         1804    i.fw_upload_func    aka_sys.o
    0x00026adc   0x00026adc   0x00000170   Code   RO         5010    i.getHostByName     socket.o
    0x00026c4c   0x00026c4c   0x00000014   Code   RO         2186    i.getSBoxInvert     aesencriptionwipro.o
    0x00026c60   0x00026c60   0x00000014   Code   RO         2187    i.getSBoxValue      aesencriptionwipro.o
    0x00026c74   0x00026c74   0x00000100   Code   RO         1015    i.get_Connection_confiq  telnet_server.o
    0x00026d74   0x00026d74   0x0000027c   Code   RO         1016    i.get_firmware_info  telnet_server.o
    0x00026ff0   0x00026ff0   0x00000040   Code   RO          428    i.get_intvalue      mci_menu.o
    0x00027030   0x00027030   0x00000044   Code   RO         1452    i.get_menu_key      common_func.o
    0x00027074   0x00027074   0x000000fc   Code   RO         1017    i.get_protocol_length  telnet_server.o
    0x00027170   0x00027170   0x000000b0   Code   RO          739    i.get_ticks_value   protocol_comm.o
    0x00027220   0x00027220   0x0000037c   Code   RO         1453    i.get_timestamp     common_func.o
    0x0002759c   0x0002759c   0x00000034   Code   RO         1989    i.greenled_onoff    i2c.o
    0x000275d0   0x000275d0   0x00000098   Code   RO         2188    i.handle_config_protocol_char_aes  aesencriptionwipro.o
    0x00027668   0x00027668   0x000000a4   Code   RO         1018    i.handle_ftp_char   telnet_server.o
    0x0002770c   0x0002770c   0x00000030   Code   RO          300    i.handle_protocol_ble  uart.o
    0x0002773c   0x0002773c   0x00000634   Code   RO         1019    i.handle_protocol_configpacket  telnet_server.o
    0x00027d70   0x00027d70   0x00001598   Code   RO          740    i.handle_protocol_configpacket_enc  protocol_comm.o
    0x00029308   0x00029308   0x00000c98   Code   RO          741    i.handle_protocol_packet1  protocol_comm.o
    0x00029fa0   0x00029fa0   0x00000054   Code   RO          429    i.hex_val           mci_menu.o
    0x00029ff4   0x00029ff4   0x000000b0   Code   RO         1990    i.i2c_lpc_ask_polling_op  i2c.o
    0x0002a0a4   0x0002a0a4   0x000000ac   Code   RO         1991    i.i2c_lpc_ctrl      i2c.o
    0x0002a150   0x0002a150   0x00000098   Code   RO         1992    i.i2c_lpc_init      i2c.o
    0x0002a1e8   0x0002a1e8   0x00000158   Code   RO         1993    i.i2c_lpc_rx_to_buf  i2c.o
    0x0002a340   0x0002a340   0x00000024   Code   RO         1994    i.i2c_lpc_stop      i2c.o
    0x0002a364   0x0002a364   0x00000034   Code   RO         1995    i.i2c_lpc_wr_byte   i2c.o
    0x0002a398   0x0002a398   0x00000004   Code   RO         4063    i.icmpDumpEchoMessage  icmp.o
    0x0002a39c   0x0002a39c   0x00000004   Code   RO         4064    i.icmpDumpErrorMessage  icmp.o
    0x0002a3a0   0x0002a3a0   0x00000004   Code   RO         4065    i.icmpDumpMessage   icmp.o
    0x0002a3a4   0x0002a3a4   0x00000180   Code   RO         4066    i.icmpProcessEchoRequest  icmp.o
    0x0002a524   0x0002a524   0x000000a8   Code   RO         4067    i.icmpProcessMessage  icmp.o
    0x0002a5cc   0x0002a5cc   0x00000224   Code   RO         4068    i.icmpSendErrorMessage  icmp.o
    0x0002a7f0   0x0002a7f0   0x00000004   Code   RO         4105    i.igmpDumpMessage   igmp.o
    0x0002a7f4   0x0002a7f4   0x0000002c   Code   RO         4106    i.igmpInit          igmp.o
    0x0002a820   0x0002a820   0x0000008c   Code   RO         4107    i.igmpJoinGroup     igmp.o
    0x0002a8ac   0x0002a8ac   0x000000e0   Code   RO         4109    i.igmpLinkChangeEvent  igmp.o
    0x0002a98c   0x0002a98c   0x000000d4   Code   RO         4110    i.igmpProcessMessage  igmp.o
    0x0002aa60   0x0002aa60   0x0000011c   Code   RO         4111    i.igmpProcessQueryMessage  igmp.o
    0x0002ab7c   0x0002ab7c   0x00000074   Code   RO         4112    i.igmpProcessReportMessage  igmp.o
    0x0002abf0   0x0002abf0   0x00000024   Code   RO         4113    i.igmpRand          igmp.o
    0x0002ac14   0x0002ac14   0x00000128   Code   RO         4115    i.igmpSendReportMessage  igmp.o
    0x0002ad3c   0x0002ad3c   0x0000008c   Code   RO         4116    i.igmpTick          igmp.o
    0x0002adc8   0x0002adc8   0x0000004c   Code   RO         4254    i.ipAddrToString    ip.o
    0x0002ae14   0x0002ae14   0x00000040   Code   RO         4255    i.ipAllocBuffer     ip.o
    0x0002ae54   0x0002ae54   0x00000068   Code   RO         4256    i.ipCalcChecksum    ip.o
    0x0002aebc   0x0002aebc   0x00000228   Code   RO         4257    i.ipCalcChecksumEx  ip.o
    0x0002b0e4   0x0002b0e4   0x00000084   Code   RO         4259    i.ipCalcUpperLayerChecksumEx  ip.o
    0x0002b168   0x0002b168   0x00000034   Code   RO         4260    i.ipIsUnspecifiedAddr  ip.o
    0x0002b19c   0x0002b19c   0x00000044   Code   RO         4263    i.ipSelectSourceAddr  ip.o
    0x0002b1e0   0x0002b1e0   0x00000054   Code   RO         4264    i.ipSendDatagram    ip.o
    0x0002b234   0x0002b234   0x00000044   Code   RO         4265    i.ipStringToAddr    ip.o
    0x0002b278   0x0002b278   0x00000060   Code   RO         3692    i.ipv4AddrToString  ipv4.o
    0x0002b2d8   0x0002b2d8   0x000000a4   Code   RO         3693    i.ipv4CheckDestAddr  ipv4.o
    0x0002b37c   0x0002b37c   0x00000040   Code   RO         3694    i.ipv4CheckSourceAddr  ipv4.o
    0x0002b3bc   0x0002b3bc   0x00000004   Code   RO         3695    i.ipv4DumpHeader    ipv4.o
    0x0002b3c0   0x0002b3c0   0x00000004   Code   RO         3932    i.ipv4DumpHoleList  ipv4_frag.o
    0x0002b3c4   0x0002b3c4   0x00000024   Code   RO         3933    i.ipv4FindHole      ipv4_frag.o
    0x0002b3e8   0x0002b3e8   0x0000003c   Code   RO         3934    i.ipv4FlushFragQueue  ipv4_frag.o
    0x0002b424   0x0002b424   0x000000e8   Code   RO         3935    i.ipv4FragTick      ipv4_frag.o
    0x0002b50c   0x0002b50c   0x00000160   Code   RO         3936    i.ipv4FragmentDatagram  ipv4_frag.o
    0x0002b66c   0x0002b66c   0x00000078   Code   RO         3696    i.ipv4GetAddrScope  ipv4.o
    0x0002b6e4   0x0002b6e4   0x00000040   Code   RO         3697    i.ipv4GetBroadcastAddr  ipv4.o
    0x0002b724   0x0002b724   0x00000058   Code   RO         3702    i.ipv4Init          ipv4.o
    0x0002b77c   0x0002b77c   0x00000058   Code   RO         3703    i.ipv4IsBroadcastAddr  ipv4.o
    0x0002b7d4   0x0002b7d4   0x000000d8   Code   RO         3704    i.ipv4JoinMulticastGroup  ipv4.o
    0x0002b8ac   0x0002b8ac   0x00000040   Code   RO         3706    i.ipv4LinkChangeEvent  ipv4.o
    0x0002b8ec   0x0002b8ec   0x00000060   Code   RO         3707    i.ipv4MapMulticastAddrToMac  ipv4.o
    0x0002b94c   0x0002b94c   0x000001b8   Code   RO         3708    i.ipv4ProcessDatagram  ipv4.o
    0x0002bb04   0x0002bb04   0x00000194   Code   RO         3709    i.ipv4ProcessPacket  ipv4.o
    0x0002bc98   0x0002bc98   0x00000448   Code   RO         3937    i.ipv4ReassembleDatagram  ipv4_frag.o
    0x0002c0e0   0x0002c0e0   0x000001cc   Code   RO         3938    i.ipv4SearchFragQueue  ipv4_frag.o
    0x0002c2ac   0x0002c2ac   0x00000188   Code   RO         3710    i.ipv4SelectSourceAddr  ipv4.o
    0x0002c434   0x0002c434   0x000000a4   Code   RO         3711    i.ipv4SendDatagram  ipv4.o
    0x0002c4d8   0x0002c4d8   0x00000384   Code   RO         3712    i.ipv4SendPacket    ipv4.o
    0x0002c85c   0x0002c85c   0x00000054   Code   RO         3713    i.ipv4SetDefaultGateway  ipv4.o
    0x0002c8b0   0x0002c8b0   0x0000006c   Code   RO         3714    i.ipv4SetDnsServer  ipv4.o
    0x0002c91c   0x0002c91c   0x00000080   Code   RO         3715    i.ipv4SetHostAddr   ipv4.o
    0x0002c99c   0x0002c99c   0x00000040   Code   RO         3716    i.ipv4SetSubnetMask  ipv4.o
    0x0002c9dc   0x0002c9dc   0x000000e4   Code   RO         3717    i.ipv4StringToAddr  ipv4.o
    0x0002cac0   0x0002cac0   0x00000088   Code   RO          135    i.kbd_byte          ticker.o
    0x0002cb48   0x0002cb48   0x000000a0   Code   RO         1287    i.key1              main.o
    0x0002cbe8   0x0002cbe8   0x000020e4   Code   RO         1758    i.key_remove_return  key_menu.o
    0x0002eccc   0x0002eccc   0x0000003c   Code   RO         1489    i.lcd_back          msg_menu.o
    0x0002ed08   0x0002ed08   0x000000a0   Code   RO          136    i.lcd_byte          ticker.o
    0x0002eda8   0x0002eda8   0x00000094   Code   RO         1490    i.lcd_center        msg_menu.o
    0x0002ee3c   0x0002ee3c   0x00000090   Code   RO          137    i.lcd_ch            ticker.o
    0x0002eecc   0x0002eecc   0x00000044   Code   RO         1491    i.lcd_char          msg_menu.o
    0x0002ef10   0x0002ef10   0x00000020   Code   RO         1492    i.lcd_clr           msg_menu.o
    0x0002ef30   0x0002ef30   0x00000044   Code   RO         1493    i.lcd_delete        msg_menu.o
    0x0002ef74   0x0002ef74   0x00000030   Code   RO          138    i.lcd_dis           ticker.o
    0x0002efa4   0x0002efa4   0x0000001c   Code   RO         1494    i.lcd_forward       msg_menu.o
    0x0002efc0   0x0002efc0   0x000000c8   Code   RO          139    i.lcd_init          ticker.o
    0x0002f088   0x0002f088   0x00000614   Code   RO          140    i.lcd_keypad        ticker.o
    0x0002f69c   0x0002f69c   0x0000003c   Code   RO         1495    i.lcd_show          msg_menu.o
    0x0002f6d8   0x0002f6d8   0x00000060   Code   RO         1496    i.lcd_show_index    msg_menu.o
    0x0002f738   0x0002f738   0x00000070   Code   RO         1497    i.lcd_show_index_int  msg_menu.o
    0x0002f7a8   0x0002f7a8   0x00000070   Code   RO         1498    i.lcd_show_index_str  msg_menu.o
    0x0002f818   0x0002f818   0x00000058   Code   RO         1500    i.lcd_show_str      msg_menu.o
    0x0002f870   0x0002f870   0x00000090   Code   RO         1501    i.lcd_str           msg_menu.o
    0x0002f900   0x0002f900   0x00000030   Code   RO          141    i.lock_on           ticker.o
    0x0002f930   0x0002f930   0x00000070   Code   RO         3087    i.lpc23xxEthCalcCrc  lpc23xx_eth.o
    0x0002f9a0   0x0002f9a0   0x00000030   Code   RO         3088    i.lpc23xxEthDisableIrq  lpc23xx_eth.o
    0x0002f9d0   0x0002f9d0   0x00000030   Code   RO         3089    i.lpc23xxEthEnableIrq  lpc23xx_eth.o
    0x0002fa00   0x0002fa00   0x00000060   Code   RO         3090    i.lpc23xxEthEventHandler  lpc23xx_eth.o
    0x0002fa60   0x0002fa60   0x0000018c   Code   RO         3091    i.lpc23xxEthInit    lpc23xx_eth.o
    0x0002fbec   0x0002fbec   0x000000f0   Code   RO         3092    i.lpc23xxEthInitDesc  lpc23xx_eth.o
    0x0002fcdc   0x0002fcdc   0x00000060   Code   RO         3093    i.lpc23xxEthInitGpio  lpc23xx_eth.o
    0x0002fd3c   0x0002fd3c   0x000000c8   Code   RO         3094    i.lpc23xxEthIrqHandler  lpc23xx_eth.o
    0x0002fe04   0x0002fe04   0x0000006c   Code   RO         3095    i.lpc23xxEthReadPhyReg  lpc23xx_eth.o
    0x0002fe70   0x0002fe70   0x0000009c   Code   RO         3096    i.lpc23xxEthReceivePacket  lpc23xx_eth.o
    0x0002ff0c   0x0002ff0c   0x00000108   Code   RO         3097    i.lpc23xxEthSendPacket  lpc23xx_eth.o
    0x00030014   0x00030014   0x00000098   Code   RO         3098    i.lpc23xxEthSetMulticastFilter  lpc23xx_eth.o
    0x000300ac   0x000300ac   0x00000024   Code   RO         3099    i.lpc23xxEthTick    lpc23xx_eth.o
    0x000300d0   0x000300d0   0x000000a8   Code   RO         3100    i.lpc23xxEthUpdateMacConfig  lpc23xx_eth.o
    0x00030178   0x00030178   0x00000058   Code   RO         3101    i.lpc23xxEthWritePhyReg  lpc23xx_eth.o
    0x000301d0   0x000301d0   0x00000050   Code   RO         3310    i.macAddrToEui64    ethernet.o
    0x00030220   0x00030220   0x00000080   Code   RO         3311    i.macAddrToString   ethernet.o
    0x000302a0   0x000302a0   0x0000185c   Code   RO         1288    i.main              main.o
    0x00031afc   0x00031afc   0x00000128   Code   RO          621    i.main_menu_administrator  login_menu.o
    0x00031c24   0x00031c24   0x00000208   Code   RO         5722    i.mdnsCheckDuplicateRecord  mdns_common.o
    0x00031e2c   0x00031e2c   0x000000a4   Code   RO         5723    i.mdnsCheckSourceAddr  mdns_common.o
    0x00031ed0   0x00031ed0   0x00000278   Code   RO         5724    i.mdnsCompareName   mdns_common.o
    0x00032148   0x00032148   0x000001c0   Code   RO         5725    i.mdnsCompareRecord  mdns_common.o
    0x00032308   0x00032308   0x00000190   Code   RO         5726    i.mdnsCreateMessage  mdns_common.o
    0x00032498   0x00032498   0x00000030   Code   RO         5727    i.mdnsDeleteMessage  mdns_common.o
    0x000324c8   0x000324c8   0x00000114   Code   RO         5728    i.mdnsEncodeName    mdns_common.o
    0x000325dc   0x000325dc   0x00000068   Code   RO         5729    i.mdnsInit          mdns_common.o
    0x00032644   0x00032644   0x000000e0   Code   RO         5730    i.mdnsProcessMessage  mdns_common.o
    0x00032724   0x00032724   0x000001dc   Code   RO         5731    i.mdnsProcessResponse  mdns_common.o
    0x00032900   0x00032900   0x0000017c   Code   RO         5489    i.mdnsResponderAddIpv4AddrRecord  mdns_responder.o
    0x00032a7c   0x00032a7c   0x000001cc   Code   RO         5490    i.mdnsResponderAddIpv4ReversePtrRecord  mdns_responder.o
    0x00032c48   0x00032c48   0x0000000c   Code   RO         5491    i.mdnsResponderAddIpv6AddrRecord  mdns_responder.o
    0x00032c54   0x00032c54   0x0000000c   Code   RO         5492    i.mdnsResponderAddIpv6ReversePtrRecord  mdns_responder.o
    0x00032c60   0x00032c60   0x00000224   Code   RO         5493    i.mdnsResponderAddNsecRecord  mdns_responder.o
    0x00032e84   0x00032e84   0x000000f0   Code   RO         5494    i.mdnsResponderChangeHostname  mdns_responder.o
    0x00032f74   0x00032f74   0x0000006c   Code   RO         5495    i.mdnsResponderChangeState  mdns_responder.o
    0x00032fe0   0x00032fe0   0x000002f0   Code   RO         5496    i.mdnsResponderGenerateAdditionalRecords  mdns_responder.o
    0x000332d0   0x000332d0   0x00000038   Code   RO         5500    i.mdnsResponderLinkChangeEvent  mdns_responder.o
    0x00033308   0x00033308   0x000000f0   Code   RO         5501    i.mdnsResponderParseAnRecord  mdns_responder.o
    0x000333f8   0x000333f8   0x000001a8   Code   RO         5502    i.mdnsResponderParseKnownAnRecord  mdns_responder.o
    0x000335a0   0x000335a0   0x000000ec   Code   RO         5503    i.mdnsResponderParseNsRecord  mdns_responder.o
    0x0003368c   0x0003368c   0x00000264   Code   RO         5504    i.mdnsResponderParseQuestion  mdns_responder.o
    0x000338f0   0x000338f0   0x0000049c   Code   RO         5505    i.mdnsResponderProcessQuery  mdns_responder.o
    0x00033d8c   0x00033d8c   0x00000100   Code   RO         5506    i.mdnsResponderSendAnnouncement  mdns_responder.o
    0x00033e8c   0x00033e8c   0x00000164   Code   RO         5508    i.mdnsResponderSendProbe  mdns_responder.o
    0x00033ff0   0x00033ff0   0x00000074   Code   RO         5510    i.mdnsResponderSetIpv4ReverseName  mdns_responder.o
    0x00034064   0x00034064   0x0000000c   Code   RO         5511    i.mdnsResponderSetIpv6ReverseName  mdns_responder.o
    0x00034070   0x00034070   0x0000003c   Code   RO         5513    i.mdnsResponderStartProbing  mdns_responder.o
    0x000340ac   0x000340ac   0x00000308   Code   RO         5515    i.mdnsResponderTick  mdns_responder.o
    0x000343b4   0x000343b4   0x0000017c   Code   RO         5732    i.mdnsSendMessage   mdns_common.o
    0x00034530   0x00034530   0x00000024   Code   RO         2997    i.memPoolAlloc      net_mem.o
    0x00034554   0x00034554   0x00000018   Code   RO         2998    i.memPoolFree       net_mem.o
    0x0003456c   0x0003456c   0x00000008   Code   RO         3000    i.memPoolInit       net_mem.o
    0x00034574   0x00034574   0x000002cc   Code   RO          623    i.menu_login        login_menu.o
    0x00034840   0x00034840   0x0000009c   Code   RO          624    i.menu_loginuser    login_menu.o
    0x000348dc   0x000348dc   0x000000cc   Code   RO          625    i.myRand            login_menu.o
    0x000349a8   0x000349a8   0x00000188   Code   RO         5836    i.nbnsCompareName   nbns_common.o
    0x00034b30   0x00034b30   0x000000e0   Code   RO         5837    i.nbnsEncodeName    nbns_common.o
    0x00034c10   0x00034c10   0x00000040   Code   RO         5838    i.nbnsInit          nbns_common.o
    0x00034c50   0x00034c50   0x0000016c   Code   RO         5839    i.nbnsParseName     nbns_common.o
    0x00034dbc   0x00034dbc   0x000000e8   Code   RO         5840    i.nbnsProcessMessage  nbns_common.o
    0x00034ea4   0x00034ea4   0x00000114   Code   RO         5818    i.nbnsProcessQuery  nbns_responder.o
    0x00034fb8   0x00034fb8   0x000001e4   Code   RO         5794    i.nbnsProcessResponse  nbns_client.o
    0x0003519c   0x0003519c   0x000000f8   Code   RO         5795    i.nbnsResolve       nbns_client.o
    0x00035294   0x00035294   0x0000018c   Code   RO         5796    i.nbnsSendQuery     nbns_client.o
    0x00035420   0x00035420   0x000001b4   Code   RO         5819    i.nbnsSendResponse  nbns_responder.o
    0x000355d4   0x000355d4   0x00000080   Code   RO         3001    i.netBufferAlloc    net_mem.o
    0x00035654   0x00035654   0x00000060   Code   RO         3002    i.netBufferAppend   net_mem.o
    0x000356b4   0x000356b4   0x0000005c   Code   RO         3003    i.netBufferAt       net_mem.o
    0x00035710   0x00035710   0x00000134   Code   RO         3004    i.netBufferConcat   net_mem.o
    0x00035844   0x00035844   0x000001e4   Code   RO         3005    i.netBufferCopy     net_mem.o
    0x00035a28   0x00035a28   0x00000024   Code   RO         3006    i.netBufferFree     net_mem.o
    0x00035a4c   0x00035a4c   0x00000034   Code   RO         3007    i.netBufferGetLength  net_mem.o
    0x00035a80   0x00035a80   0x000000cc   Code   RO         3008    i.netBufferRead     net_mem.o
    0x00035b4c   0x00035b4c   0x00000164   Code   RO         3009    i.netBufferSetLength  net_mem.o
    0x00035cb0   0x00035cb0   0x000000cc   Code   RO         3010    i.netBufferWrite    net_mem.o
    0x00035d7c   0x00035d7c   0x00000188   Code   RO         2678    i.netConfigInterface  net.o
    0x00035f04   0x00035f04   0x0000000c   Code   RO         2680    i.netGetDefaultInterface  net.o
    0x00035f10   0x00035f10   0x000000d4   Code   RO         2684    i.netGetRand        net.o
    0x00035fe4   0x00035fe4   0x00000030   Code   RO         2685    i.netGetRandRange   net.o
    0x00036014   0x00036014   0x00000228   Code   RO         2686    i.netInit           net.o
    0x0003623c   0x0003623c   0x00000024   Code   RO         2687    i.netInitRand       net.o
    0x00036260   0x00036260   0x00000088   Code   RO         2688    i.netInvokeLinkChangeCallback  net.o
    0x000362e8   0x000362e8   0x00000064   Code   RO         2689    i.netSetDriver      net.o
    0x0003634c   0x0003634c   0x00000054   Code   RO         2692    i.netSetHostname    net.o
    0x000363a0   0x000363a0   0x00000054   Code   RO         2694    i.netSetInterfaceName  net.o
    0x000363f4   0x000363f4   0x00000060   Code   RO         2696    i.netSetMacAddr     net.o
    0x00036454   0x00036454   0x00000048   Code   RO         2698    i.netSetPhyDriver   net.o
    0x0003649c   0x0003649c   0x00000168   Code   RO         2702    i.netTask           net.o
    0x00036604   0x00036604   0x00000320   Code   RO         2703    i.netTick           net.o
    0x00036924   0x00036924   0x00000778   Code   RO         1805    i.network1          aka_sys.o
    0x0003709c   0x0003709c   0x00000114   Code   RO         3191    i.nicNotifyLinkChange  nic.o
    0x000371b0   0x000371b0   0x0000007c   Code   RO         3192    i.nicProcessPacket  nic.o
    0x0003722c   0x0003722c   0x00000094   Code   RO         3193    i.nicSendPacket     nic.o
    0x000372c0   0x000372c0   0x00000060   Code   RO         3194    i.nicSetMulticastFilter  nic.o
    0x00037320   0x00037320   0x00000058   Code   RO         3195    i.nicTick           nic.o
    0x00037378   0x00037378   0x00000178   Code   RO         1806    i.operating_parameter  aka_sys.o
    0x000374f0   0x000374f0   0x00000004   Code   RO         2416    i.osAcquireMutex    os_port_none.o
    0x000374f4   0x000374f4   0x00000020   Code   RO         2417    i.osAllocMem        os_port_none.o
    0x00037514   0x00037514   0x00000014   Code   RO         2418    i.osCreateEvent     os_port_none.o
    0x00037528   0x00037528   0x0000000c   Code   RO         2419    i.osCreateMutex     os_port_none.o
    0x00037534   0x00037534   0x00000018   Code   RO         2421    i.osCreateTask      os_port_none.o
    0x0003754c   0x0003754c   0x00000004   Code   RO         2423    i.osDeleteEvent     os_port_none.o
    0x00037550   0x00037550   0x00000020   Code   RO         2427    i.osFreeMem         os_port_none.o
    0x00037570   0x00037570   0x00000010   Code   RO         2428    i.osGetSystemTime   os_port_none.o
    0x00037580   0x00037580   0x00000004   Code   RO         2430    i.osReleaseMutex    os_port_none.o
    0x00037584   0x00037584   0x0000000c   Code   RO         2432    i.osResetEvent      os_port_none.o
    0x00037590   0x00037590   0x00000004   Code   RO         2433    i.osResumeAllTasks  os_port_none.o
    0x00037594   0x00037594   0x0000000c   Code   RO         2434    i.osSetEvent        os_port_none.o
    0x000375a0   0x000375a0   0x00000014   Code   RO         2435    i.osSetEventFromIsr  os_port_none.o
    0x000375b4   0x000375b4   0x00000004   Code   RO         2437    i.osSuspendAllTasks  os_port_none.o
    0x000375b8   0x000375b8   0x00000028   Code   RO         2439    i.osWaitForEvent    os_port_none.o
    0x000375e0   0x000375e0   0x0000005c   Code   RO          306    i.pchar             uart.o
    0x0003763c   0x0003763c   0x0000011c   Code   RO          742    i.prot_init_event   protocol_comm.o
    0x00037758   0x00037758   0x00000168   Code   RO          743    i.prot_log_event    protocol_comm.o
    0x000378c0   0x000378c0   0x0000002c   Code   RO          307    i.pstr              uart.o
    0x000378ec   0x000378ec   0x0000003c   Code   RO          430    i.read_boot_sd      mci_menu.o
    0x00037928   0x00037928   0x00000280   Code   RO         1502    i.read_code         msg_menu.o
    0x00037ba8   0x00037ba8   0x00000034   Code   RO          431    i.read_comm_sd      mci_menu.o
    0x00037bdc   0x00037bdc   0x0000003c   Code   RO          432    i.read_event_sd     mci_menu.o
    0x00037c18   0x00037c18   0x00000258   Code   RO         1503    i.read_hexavalue    msg_menu.o
    0x00037e70   0x00037e70   0x00000040   Code   RO          433    i.read_key_sd       mci_menu.o
    0x00037eb0   0x00037eb0   0x00000040   Code   RO          434    i.read_keyevents_sd  mci_menu.o
    0x00037ef0   0x00037ef0   0x00000034   Code   RO          435    i.read_mac_sd       mci_menu.o
    0x00037f24   0x00037f24   0x000002a0   Code   RO         1504    i.read_string       msg_menu.o
    0x000381c4   0x000381c4   0x00000034   Code   RO          436    i.read_system_sd    mci_menu.o
    0x000381f8   0x000381f8   0x0000003c   Code   RO          438    i.read_user_sd      mci_menu.o
    0x00038234   0x00038234   0x0000003c   Code   RO          439    i.read_userbkp_sd   mci_menu.o
    0x00038270   0x00038270   0x000001d4   Code   RO          308    i.reader_config     uart.o
    0x00038444   0x00038444   0x00000064   Code   RO         1996    i.red_led_onoff     i2c.o
    0x000384a8   0x000384a8   0x00000134   Code   RO         1997    i.regular_card      i2c.o
    0x000385dc   0x000385dc   0x00000064   Code   RO          142    i.relay             ticker.o
    0x00038640   0x00038640   0x00000088   Code   RO         1505    i.select_menu       msg_menu.o
    0x000386c8   0x000386c8   0x00000110   Code   RO          440    i.self_user_allign  mci_menu.o
    0x000387d8   0x000387d8   0x000000cc   Code   RO         1998    i.send_i2c_cmd      i2c.o
    0x000388a4   0x000388a4   0x0000008c   Code   RO         1020    i.serial_verification  telnet_server.o
    0x00038930   0x00038930   0x0000008c   Code   RO          626    i.service_menu      login_menu.o
    0x000389bc   0x000389bc   0x000001f4   Code   RO         1807    i.set_date          aka_sys.o
    0x00038bb0   0x00038bb0   0x000000d8   Code   RO          744    i.set_date_time     protocol_comm.o
    0x00038c88   0x00038c88   0x000000dc   Code   RO         1808    i.set_ip            aka_sys.o
    0x00038d64   0x00038d64   0x000000e0   Code   RO         1809    i.set_ip1           aka_sys.o
    0x00038e44   0x00038e44   0x00000090   Code   RO         1810    i.set_option        aka_sys.o
    0x00038ed4   0x00038ed4   0x00000100   Code   RO         1811    i.set_port          aka_sys.o
    0x00038fd4   0x00038fd4   0x00000100   Code   RO         1812    i.set_port_cliq     aka_sys.o
    0x000390d4   0x000390d4   0x00000104   Code   RO         1813    i.set_port_tcp      aka_sys.o
    0x000391d8   0x000391d8   0x00000180   Code   RO         1814    i.set_time          aka_sys.o
    0x00039358   0x00039358   0x00000018   Code   RO          143    i.set_timeout       ticker.o
    0x00039370   0x00039370   0x000000b0   Code   RO         1815    i.sets_enable_diable  aka_sys.o
    0x00039420   0x00039420   0x00000054   Code   RO         5012    i.socketBind        socket.o
    0x00039474   0x00039474   0x0000009c   Code   RO         5014    i.socketClose       socket.o
    0x00039510   0x00039510   0x000000fc   Code   RO         5015    i.socketConnect     socket.o
    0x0003960c   0x0003960c   0x0000009c   Code   RO         5019    i.socketInit        socket.o
    0x000396a8   0x000396a8   0x00000060   Code   RO         5020    i.socketListen      socket.o
    0x00039708   0x00039708   0x00000110   Code   RO         5021    i.socketOpen        socket.o
    0x00039818   0x00039818   0x0000003c   Code   RO         5023    i.socketReceive     socket.o
    0x00039854   0x00039854   0x000000f8   Code   RO         5024    i.socketReceiveEx   socket.o
    0x0003994c   0x0003994c   0x00000038   Code   RO         5027    i.socketSend        socket.o
    0x00039984   0x00039984   0x000000c0   Code   RO         5028    i.socketSendTo      socket.o
    0x00039a44   0x00039a44   0x000000c4   Code   RO         1905    i.spi_byte          m25p16.o
    0x00039b08   0x00039b08   0x00000044   Code   RO         1906    i.spi_cs            m25p16.o
    0x00039b4c   0x00039b4c   0x0000007c   Code   RO         2641    i.strSafeCopy       str.o
    0x00039bc8   0x00039bc8   0x0000002c   Code   RO          627    i.strbin_to_dec     login_menu.o
    0x00039bf4   0x00039bf4   0x00000008   Code   RO         1289    i.structure_size    main.o
    0x00039bfc   0x00039bfc   0x000000d4   Code   RO         1647    i.system_restart    util_menu.o
    0x00039cd0   0x00039cd0   0x00000204   Code   RO         1816    i.system_setup      aka_sys.o
    0x00039ed4   0x00039ed4   0x000000d4   Code   RO         4402    i.tcpAbort          tcp.o
    0x00039fa8   0x00039fa8   0x0000027c   Code   RO         4403    i.tcpAccept         tcp.o
    0x0003a224   0x0003a224   0x000000fc   Code   RO         4635    i.tcpAddOption      tcp_misc.o
    0x0003a320   0x0003a320   0x00000054   Code   RO         4636    i.tcpChangeState    tcp_misc.o
    0x0003a374   0x0003a374   0x000002f4   Code   RO         4637    i.tcpCheckAck       tcp_misc.o
    0x0003a668   0x0003a668   0x0000016c   Code   RO         4638    i.tcpCheckSequenceNumber  tcp_misc.o
    0x0003a7d4   0x0003a7d4   0x000000a4   Code   RO         4639    i.tcpCheckSyn       tcp_misc.o
    0x0003a878   0x0003a878   0x0000002c   Code   RO         2296    i.tcpClientChangeState  tcp_client_hb.o
    0x0003a8a4   0x0003a8a4   0x0000002c   Code   RO         2064    i.tcpClientChangeeventState  tcp_client_event.o
    0x0003a8d0   0x0003a8d0   0x00000050   Code   RO         2297    i.tcpClientInit     tcp_client_hb.o
    0x0003a920   0x0003a920   0x00000024   Code   RO         2298    i.tcpClientStateClose  tcp_client_hb.o
    0x0003a944   0x0003a944   0x00000164   Code   RO         2299    i.tcpClientStateConnect  tcp_client_hb.o
    0x0003aaa8   0x0003aaa8   0x00000310   Code   RO         2300    i.tcpClientStateInit  tcp_client_hb.o
    0x0003adb8   0x0003adb8   0x00000218   Code   RO         2301    i.tcpClientStateSend  tcp_client_hb.o
    0x0003afd0   0x0003afd0   0x00000238   Code   RO         2302    i.tcpClientStatereceive  tcp_client_hb.o
    0x0003b208   0x0003b208   0x0000006c   Code   RO         2303    i.tcpClientStatewait  tcp_client_hb.o
    0x0003b274   0x0003b274   0x00000054   Code   RO         2065    i.tcpClient_eventInit  tcp_client_event.o
    0x0003b2c8   0x0003b2c8   0x00000470   Code   RO         2066    i.tcpClienteventStateClose  tcp_client_event.o
    0x0003b738   0x0003b738   0x00000118   Code   RO         2067    i.tcpClienteventStateConnect  tcp_client_event.o
    0x0003b850   0x0003b850   0x000001c0   Code   RO         2068    i.tcpClienteventStateInit  tcp_client_event.o
    0x0003ba10   0x0003ba10   0x00000364   Code   RO         2069    i.tcpClienteventStateSend  tcp_client_event.o
    0x0003bd74   0x0003bd74   0x00000328   Code   RO         2070    i.tcpClienteventStatereceive  tcp_client_event.o
    0x0003c09c   0x0003c09c   0x00000094   Code   RO         2071    i.tcpClienteventTask  tcp_client_event.o
    0x0003c130   0x0003c130   0x000000a4   Code   RO         2304    i.tcpClienthbTask   tcp_client_hb.o
    0x0003c1d4   0x0003c1d4   0x00000118   Code   RO         4640    i.tcpComputeRto     tcp_misc.o
    0x0003c2ec   0x0003c2ec   0x00000170   Code   RO         4404    i.tcpConnect        tcp.o
    0x0003c45c   0x0003c45c   0x00000038   Code   RO         4641    i.tcpDeleteControlBlock  tcp_misc.o
    0x0003c494   0x0003c494   0x00000004   Code   RO         4642    i.tcpDumpHeader     tcp_misc.o
    0x0003c498   0x0003c498   0x00000048   Code   RO         4643    i.tcpFastLossRecovery  tcp_misc.o
    0x0003c4e0   0x0003c4e0   0x0000008c   Code   RO         4644    i.tcpFastRecovery   tcp_misc.o
    0x0003c56c   0x0003c56c   0x00000074   Code   RO         4645    i.tcpFastRetransmit  tcp_misc.o
    0x0003c5e0   0x0003c5e0   0x00000044   Code   RO         4646    i.tcpFlushRetransmitQueue  tcp_misc.o
    0x0003c624   0x0003c624   0x0000003c   Code   RO         4647    i.tcpFlushSynQueue  tcp_misc.o
    0x0003c660   0x0003c660   0x0000006c   Code   RO         4405    i.tcpGetDynamicPort  tcp.o
    0x0003c6cc   0x0003c6cc   0x000000c0   Code   RO         4648    i.tcpGetOption      tcp_misc.o
    0x0003c78c   0x0003c78c   0x0000002c   Code   RO         4406    i.tcpGetState       tcp.o
    0x0003c7b8   0x0003c7b8   0x00000014   Code   RO         4407    i.tcpInit           tcp.o
    0x0003c7cc   0x0003c7cc   0x00000074   Code   RO         4649    i.tcpIsDuplicateAck  tcp_misc.o
    0x0003c840   0x0003c840   0x0000009c   Code   RO         4408    i.tcpKillOldestConnection  tcp.o
    0x0003c8dc   0x0003c8dc   0x0000006c   Code   RO         4409    i.tcpListen         tcp.o
    0x0003c948   0x0003c948   0x000002a0   Code   RO         4650    i.tcpNagleAlgo      tcp_misc.o
    0x0003cbe8   0x0003cbe8   0x000004c0   Code   RO         4488    i.tcpProcessSegment  tcp_fsm.o
    0x0003d0a8   0x0003d0a8   0x00000150   Code   RO         4651    i.tcpProcessSegmentData  tcp_misc.o
    0x0003d1f8   0x0003d1f8   0x00000098   Code   RO         4652    i.tcpReadRxBuffer   tcp_misc.o
    0x0003d290   0x0003d290   0x000000a8   Code   RO         4653    i.tcpReadTxBuffer   tcp_misc.o
    0x0003d338   0x0003d338   0x000002ac   Code   RO         4410    i.tcpReceive        tcp.o
    0x0003d5e4   0x0003d5e4   0x00000128   Code   RO         4654    i.tcpRetransmitSegment  tcp_misc.o
    0x0003d70c   0x0003d70c   0x000001f4   Code   RO         4411    i.tcpSend           tcp.o
    0x0003d900   0x0003d900   0x00000224   Code   RO         4655    i.tcpSendResetSegment  tcp_misc.o
    0x0003db24   0x0003db24   0x00000364   Code   RO         4656    i.tcpSendSegment    tcp_misc.o
    0x0003de88   0x0003de88   0x000000b0   Code   RO         4489    i.tcpStateCloseWait  tcp_fsm.o
    0x0003df38   0x0003df38   0x00000040   Code   RO         4490    i.tcpStateClosed    tcp_fsm.o
    0x0003df78   0x0003df78   0x000000c4   Code   RO         4491    i.tcpStateClosing   tcp_fsm.o
    0x0003e03c   0x0003e03c   0x00000138   Code   RO         4492    i.tcpStateEstablished  tcp_fsm.o
    0x0003e174   0x0003e174   0x0000017c   Code   RO         4493    i.tcpStateFinWait1  tcp_fsm.o
    0x0003e2f0   0x0003e2f0   0x0000012c   Code   RO         4494    i.tcpStateFinWait2  tcp_fsm.o
    0x0003e41c   0x0003e41c   0x000000a8   Code   RO         4495    i.tcpStateLastAck   tcp_fsm.o
    0x0003e4c4   0x0003e4c4   0x000001c8   Code   RO         4496    i.tcpStateListen    tcp_fsm.o
    0x0003e68c   0x0003e68c   0x00000130   Code   RO         4497    i.tcpStateSynReceived  tcp_fsm.o
    0x0003e7bc   0x0003e7bc   0x0000025c   Code   RO         4498    i.tcpStateSynSent   tcp_fsm.o
    0x0003ea18   0x0003ea18   0x000000e0   Code   RO         4499    i.tcpStateTimeWait  tcp_fsm.o
    0x0003eaf8   0x0003eaf8   0x000003c0   Code   RO         4821    i.tcpTick           tcp_timer.o
    0x0003eeb8   0x0003eeb8   0x00000048   Code   RO         4822    i.tcpTimerElapsed   tcp_timer.o
    0x0003ef00   0x0003ef00   0x0000000c   Code   RO         4824    i.tcpTimerRunning   tcp_timer.o
    0x0003ef0c   0x0003ef0c   0x00000028   Code   RO         4825    i.tcpTimerStart     tcp_timer.o
    0x0003ef34   0x0003ef34   0x0000000c   Code   RO         4826    i.tcpTimerStop      tcp_timer.o
    0x0003ef40   0x0003ef40   0x000002cc   Code   RO         4657    i.tcpUpdateEvents   tcp_misc.o
    0x0003f20c   0x0003f20c   0x000000c4   Code   RO         4658    i.tcpUpdateReceiveWindow  tcp_misc.o
    0x0003f2d0   0x0003f2d0   0x000000e8   Code   RO         4659    i.tcpUpdateRetransmitQueue  tcp_misc.o
    0x0003f3b8   0x0003f3b8   0x00000134   Code   RO         4660    i.tcpUpdateSackBlocks  tcp_misc.o
    0x0003f4ec   0x0003f4ec   0x0000016c   Code   RO         4661    i.tcpUpdateSendWindow  tcp_misc.o
    0x0003f658   0x0003f658   0x0000006c   Code   RO         4662    i.tcpWaitForEvents  tcp_misc.o
    0x0003f6c4   0x0003f6c4   0x000000b0   Code   RO         4663    i.tcpWriteRxBuffer  tcp_misc.o
    0x0003f774   0x0003f774   0x00000098   Code   RO         4664    i.tcpWriteTxBuffer  tcp_misc.o
    0x0003f80c   0x0003f80c   0x00000028   Code   RO         2072    i.tcpconfig_client_protocol_send  tcp_client_event.o
    0x0003f834   0x0003f834   0x0000009c   Code   RO         1021    i.tcpconfig_protocol_send  telnet_server.o
    0x0003f8d0   0x0003f8d0   0x000000dc   Code   RO         1022    i.telnetServerInit  telnet_server.o
    0x0003f9ac   0x0003f9ac   0x000001e4   Code   RO         1023    i.telnetServerStateExecute  telnet_server.o
    0x0003fb90   0x0003fb90   0x00000088   Code   RO         1024    i.telnetServerStateListen  telnet_server.o
    0x0003fc18   0x0003fc18   0x00000174   Code   RO         1025    i.telnetServerStateReceive  telnet_server.o
    0x0003fd8c   0x0003fd8c   0x000001d0   Code   RO         1026    i.telnetServerStateSend  telnet_server.o
    0x0003ff5c   0x0003ff5c   0x0000009c   Code   RO         1027    i.telnetServerTask  telnet_server.o
    0x0003fff8   0x0003fff8   0x00000064   Code   RO         1028    i.telnetserverclose  telnet_server.o
    0x0004005c   0x0004005c   0x000000c0   Code   RO         1029    i.telnetserverwait  telnet_server.o
    0x0004011c   0x0004011c   0x000000c8   Code   RO          144    i.trg               ticker.o
    0x000401e4   0x000401e4   0x0000029c   Code   RO         1648    i.truck_details     util_menu.o
    0x00040480   0x00040480   0x00000044   Code   RO         4866    i.udpAllocBuffer    udp.o
    0x000404c4   0x000404c4   0x00000088   Code   RO         4867    i.udpAttachRxCallback  udp.o
    0x0004054c   0x0004054c   0x00000080   Code   RO         4868    i.udpDetachRxCallback  udp.o
    0x000405cc   0x000405cc   0x00000004   Code   RO         4869    i.udpDumpHeader     udp.o
    0x000405d0   0x000405d0   0x0000006c   Code   RO         4870    i.udpGetDynamicPort  udp.o
    0x0004063c   0x0004063c   0x0000004c   Code   RO         4871    i.udpInit           udp.o
    0x00040688   0x00040688   0x000000f0   Code   RO         4872    i.udpInvokeRxCallback  udp.o
    0x00040778   0x00040778   0x00000328   Code   RO         4873    i.udpProcessDatagram  udp.o
    0x00040aa0   0x00040aa0   0x00000104   Code   RO         4874    i.udpReceiveDatagram  udp.o
    0x00040ba4   0x00040ba4   0x000000b0   Code   RO         4875    i.udpSendDatagram   udp.o
    0x00040c54   0x00040c54   0x000001a4   Code   RO         4876    i.udpSendDatagramEx  udp.o
    0x00040df8   0x00040df8   0x000000a0   Code   RO         4877    i.udpUpdateEvents   udp.o
    0x00040e98   0x00040e98   0x0000034c   Code   RO          745    i.update_key_log    protocol_comm.o
    0x000411e4   0x000411e4   0x00000430   Code   RO         1649    i.utilities         util_menu.o
    0x00041614   0x00041614   0x000001c4   Code   RO          441    i.view_mac_address  mci_menu.o
    0x000417d8   0x000417d8   0x0000003c   Code   RO          442    i.write_boot_sd     mci_menu.o
    0x00041814   0x00041814   0x0000003c   Code   RO          443    i.write_comm_sd     mci_menu.o
    0x00041850   0x00041850   0x00000040   Code   RO          444    i.write_event_sd    mci_menu.o
    0x00041890   0x00041890   0x00000068   Code   RO          445    i.write_key_sd      mci_menu.o
    0x000418f8   0x000418f8   0x00000068   Code   RO          446    i.write_keyevents_sd  mci_menu.o
    0x00041960   0x00041960   0x0000003c   Code   RO          447    i.write_mac_sd      mci_menu.o
    0x0004199c   0x0004199c   0x00000058   Code   RO          448    i.write_system_sd   mci_menu.o
    0x000419f4   0x000419f4   0x0000003c   Code   RO          450    i.write_user_sd     mci_menu.o
    0x00041a30   0x00041a30   0x0000003c   Code   RO          451    i.write_userbkp_sd  mci_menu.o
    0x00041a6c   0x00041a6c   0x000002a0   Code   RO          452    i.writedefaults_sdcard  mci_menu.o
    0x00041d0c   0x00041d0c   0x00000020   Code   RO         2189    i.xtime             aesencriptionwipro.o
    0x00041d2c   0x00041d2c   0x00000004   Ven    RO         6524    locale$$code        c_t.l(lc_ctype_c.o)
    0x00041d30   0x00041d30   0x00000050   Code   RO         6524    locale$$code        c_t.l(lc_ctype_c.o)
    0x00041d80   0x00041d80   0x00000004   Ven    RO         6651    locale$$code        c_t.l(lc_numeric_c.o)
    0x00041d84   0x00041d84   0x00000050   Code   RO         6651    locale$$code        c_t.l(lc_numeric_c.o)
    0x00041dd4   0x00041dd4   0x000002e0   Code   RO         6448    x$fpl$ddiv          fz_ts.l(ddiv.o)
    0x000420b4   0x000420b4   0x00000058   Code   RO         6452    x$fpl$dflt          fz_ts.l(dflt_noclz.o)
    0x0004210c   0x0004210c   0x0000000c   Code   RO         6451    x$fpl$dfltu         fz_ts.l(dflt_noclz.o)
    0x00042118   0x00042118   0x000000c0   Code   RO         6580    x$fpl$dnaninf       fz_ts.l(dnaninf.o)
    0x000421d8   0x000421d8   0x00000010   Code   RO         6582    x$fpl$dretinf       fz_ts.l(dretinf.o)
    0x000421e8   0x000421e8   0x00000004   Ven    RO         6664    x$fpl$ieeestatus    fz_ts.l(istatus.o)
    0x000421ec   0x000421ec   0x00000008   Code   RO         6664    x$fpl$ieeestatus    fz_ts.l(istatus.o)
    0x000421f4   0x000421f4   0x00000004   Code   RO         6455    x$fpl$printf1       fz_ts.l(printf1.o)
    0x000421f8   0x000421f8   0x00000000   Code   RO         6584    x$fpl$usenofp       fz_ts.l(usenofp.o)
    0x000421f8   0x000421f8   0x00000010   Data   RO          146    .constdata          ticker.o
    0x00042208   0x00042208   0x00000096   Data   RO          310    .constdata          uart.o
    0x0004229e   0x0004229e   0x0000028d   Data   RO          747    .constdata          protocol_comm.o
    0x0004252b   0x0004252b   0x00000001   PAD
    0x0004252c   0x0004252c   0x00000018   Data   RO         1031    .constdata          telnet_server.o
    0x00042544   0x00042544   0x00000032   Data   RO         1506    .constdata          msg_menu.o
    0x00042576   0x00042576   0x00001ea8   Data   RO         1620    .constdata          display_msg.o
    0x0004441e   0x0004441e   0x00000002   PAD
    0x00044420   0x00044420   0x00000020   Data   RO         1650    .constdata          util_menu.o
    0x00044440   0x00044440   0x00000002   Data   RO         2000    .constdata          i2c.o
    0x00044442   0x00044442   0x000002ff   Data   RO         2191    .constdata          aesencriptionwipro.o
    0x00044741   0x00044741   0x00000003   PAD
    0x00044744   0x00044744   0x00000040   Data   RO         3103    .constdata          lpc23xx_eth.o
    0x00044784   0x00044784   0x00000054   Data   RO         3314    .constdata          ethernet.o
    0x000447d8   0x000447d8   0x00000010   Data   RO         4266    .constdata          ip.o
    0x000447e8   0x000447e8   0x00000007   Data   RO         5899    .constdata          dhcp_client.o
    0x000447ef   0x000447ef   0x00000001   PAD
    0x000447f0   0x000447f0   0x00000014   Data   RO         6143    .constdata          dp83848.o
    0x00044804   0x00044804   0x00000008   Data   RO         6320    .constdata          c_t.l(_printf_wctomb.o)
    0x0004480c   0x0004480c   0x00000028   Data   RO         6344    .constdata          c_t.l(_printf_hex_int_ptr.o)
    0x00044834   0x00044834   0x00000011   Data   RO         6370    .constdata          c_t.l(__printf_flags_ss_wp.o)
    0x00044845   0x00044845   0x0000000c   Data   RO         6528    .constdata          c_t.l(_monlen.o)
    0x00044851   0x00044851   0x00000003   PAD
    0x00044854   0x00044854   0x00000094   Data   RO         6626    .constdata          c_t.l(bigflt0.o)
    0x000448e8   0x000448e8   0x00000060   Data   RO         5900    .conststring        dhcp_client.o
    0x00044948   0x00044948   0x00000040   Data   RO         6751    Region$$Table       anon$$obj.o
    0x00044988   0x00044988   0x00000110   Data   RO         6523    locale$$data        c_t.l(lc_ctype_c.o)
    0x00044a98   0x00044a98   0x0000001c   Data   RO         6650    locale$$data        c_t.l(lc_numeric_c.o)


    Execution Region RW_IRAM1 (Exec base: 0x40000000, Load base: 0x00044ac0, Size: 0x00007e70, Max: 0x00008000, ABSOLUTE, COMPRESSED[0x00000040])

    Exec Addr    Load Addr    Size         Type   Attr      Idx    E Section Name        Object

    0x40000000   COMPRESSED   0x0000000c   Data   RW           15    .data               retarget.o
    0x4000000c   COMPRESSED   0x000000b4   Data   RW          147    .data               ticker.o
    0x400000c0   COMPRESSED   0x0000000e   Data   RW          311    .data               uart.o
    0x400000ce   COMPRESSED   0x00000002   PAD
    0x400000d0   COMPRESSED   0x00000021   Data   RW          629    .data               login_menu.o
    0x400000f1   COMPRESSED   0x00000003   PAD
    0x400000f4   COMPRESSED   0x00000023   Data   RW          748    .data               protocol_comm.o
    0x40000117   COMPRESSED   0x00000001   PAD
    0x40000118   COMPRESSED   0x00000028   Data   RW         1032    .data               telnet_server.o
    0x40000140   COMPRESSED   0x0000008e   Data   RW         1291    .data               main.o
    0x400001ce   COMPRESSED   0x00000002   PAD
    0x400001d0   COMPRESSED   0x00000008   Data   RW         1454    .data               common_func.o
    0x400001d8   COMPRESSED   0x00000008   Data   RW         1507    .data               msg_menu.o
    0x400001e0   COMPRESSED   0x00000038   Data   RW         2074    .data               tcp_client_event.o
    0x40000218   COMPRESSED   0x0000000c   Data   RW         2192    .data               aesencriptionwipro.o
    0x40000224   COMPRESSED   0x00000024   Data   RW         2306    .data               tcp_client_hb.o
    0x40000248   COMPRESSED   0x00000004   Data   RW         2441    .data               os_port_none.o
    0x4000024c   COMPRESSED   0x0000001c   Data   RW         2705    .data               net.o
    0x40000268   COMPRESSED   0x00000004   Data   RW         3196    .data               nic.o
    0x4000026c   COMPRESSED   0x00000004   Data   RW         3497    .data               arp.o
    0x40000270   COMPRESSED   0x00000004   Data   RW         3939    .data               ipv4_frag.o
    0x40000274   COMPRESSED   0x00000004   Data   RW         4117    .data               igmp.o
    0x40000278   COMPRESSED   0x00000001   Data   RW         4267    .data               ip.o
    0x40000279   COMPRESSED   0x00000003   PAD
    0x4000027c   COMPRESSED   0x00000006   Data   RW         4413    .data               tcp.o
    0x40000282   COMPRESSED   0x00000002   PAD
    0x40000284   COMPRESSED   0x00000008   Data   RW         4879    .data               udp.o
    0x4000028c   COMPRESSED   0x00000004   Data   RW         5372    .data               dns_cache.o
    0x40000290   COMPRESSED   0x00000004   Data   RW         5516    .data               mdns_responder.o
    0x40000294   COMPRESSED   0x00000028   Data   RW         5901    .data               dhcp_client.o
    0x400002bc        -       0x00000276   Zero   RW          145    .bss                ticker.o
    0x40000532        -       0x00000100   Zero   RW          453    .bss                mci_menu.o
    0x40000632   COMPRESSED   0x00000002   PAD
    0x40000634        -       0x00001038   Zero   RW          746    .bss                protocol_comm.o
    0x4000166c        -       0x00000212   Zero   RW         1030    .bss                telnet_server.o
    0x4000187e   COMPRESSED   0x00000002   PAD
    0x40001880        -       0x0000066f   Zero   RW         1290    .bss                main.o
    0x40001eef        -       0x00000038   Zero   RW         1999    .bss                i2c.o
    0x40001f27        -       0x00000212   Zero   RW         2073    .bss                tcp_client_event.o
    0x40002139        -       0x000000b0   Zero   RW         2190    .bss                aesencriptionwipro.o
    0x400021e9        -       0x00000212   Zero   RW         2305    .bss                tcp_client_hb.o
    0x400023fb        -       0x00000040   Zero   RW         2588    .bss                date_time.o
    0x4000243b   COMPRESSED   0x00000001   PAD
    0x4000243c        -       0x000003d4   Zero   RW         2704    .bss                net.o
    0x40002810        -       0x0000002a   Zero   RW         3313    .bss                ethernet.o
    0x4000283a        -       0x00000010   Zero   RW         3718    .bss                ipv4.o
    0x4000284a   COMPRESSED   0x00000002   PAD
    0x4000284c        -       0x000000a0   Zero   RW         4878    .bss                udp.o
    0x400028ec        -       0x00000d38   Zero   RW         5034    .bss                socket.o
    0x40003624        -       0x000001a0   Zero   RW         5371    .bss                dns_cache.o
    0x400037c4        -       0x00000020   Zero   RW         6142    .bss                dp83848.o
    0x400037e4        -       0x0000002c   Zero   RW         6423    .bss                c_t.l(localtime.o)
    0x40003810        -       0x00000060   Zero   RW         6588    .bss                c_t.l(libspace.o)
    0x40003870        -       0x00004000   Zero   RW            2    HEAP                startup_lpc23xx.o
    0x40007870        -       0x00000600   Zero   RW            1    STACK               startup_lpc23xx.o


    Execution Region RW_IRAM2 (Exec base: 0x7fe00000, Load base: 0x00044ab4, Size: 0x00002460, Max: 0x00004000, ABSOLUTE)

    Exec Addr    Load Addr    Size         Type   Attr      Idx    E Section Name        Object

    0x7fe00000   0x00044ab4   0x0000000c   Data   RW         3104    .data               lpc23xx_eth.o
    0x7fe0000c   0x00044ac0   0x00000004   PAD
    0x7fe00010        -       0x00002450   Zero   RW         3102    .bss                lpc23xx_eth.o


==============================================================================

Image component sizes


      Code (inc. data)   RO Data    RW Data    ZI Data      Debug   Object Name

      5180        304        767         12        176      12650   aesencriptionwipro.o
      5984        432          0          0          0      11207   aka_sys.o
      3000         44          0          4          0      33312   arp.o
      1104        132          0          8          0       2722   common_func.o
       332         72          0          0         64       2272   date_time.o
         8          0          0          0          0       2838   debug.o
      7056        412        103         40          0      29899   dhcp_client.o
       332          0          0          0          0       2084   dhcp_common.o
         0          0       7848          0          0        580   display_msg.o
       896         20          0          4        416       5551   dns_cache.o
      1808        108          0          0          0       4085   dns_client.o
      1408          0          0          0          0       4908   dns_common.o
         0          0          0          0          0        924   dns_debug.o
       840         52         20          0         32       5524   dp83848.o
        56          0          0          0          0        932   endian.o
      1680         56         84          0         42      21734   ethernet.o
      1596         76          2          0         56       6379   i2c.o
      1112          0          0          0          0       5216   icmp.o
      1496         20          0          4          0       8381   igmp.o
      1200          4         16          1          0      17367   ip.o
      3976         64          0          0         16      31401   ipv4.o
      2240         16          0          4          0      22875   ipv4_frag.o
     11480        852          0          0          0       9603   key_menu.o
      6500        384          0         33          0      10445   login_menu.o
      2208        156         64         12       9296      16923   lpc23xx_eth.o
       892         12          0          0          0       4163   m25p16.o
      6504        984          0        142       1647      50448   main.o
      3212        364          0          0        256      13782   mci_menu.o
      3672         32          0          0          0      10848   mdns_common.o
      6836        164          0          4          0      29154   mdns_responder.o
      4160        168         50          8          0      25885   msg_menu.o
      1128         16          0          0          0       3392   nbns_client.o
      1276          4          0          0          0       5107   nbns_common.o
       712          0          0          0          0       2662   nbns_responder.o
      2984        208          0         28        980      34943   net.o
      2028          0          0          0          0       9981   net_mem.o
       732         16          0          4          0      19620   nic.o
       240          4          0          4          0       8502   os_port_none.o
     11856       1552        653         35       4152      30399   protocol_comm.o
        52          4          0         12          0       7526   retarget.o
      1940         48          0          0       3384      13104   socket.o
       220         56          0          0      17920        560   startup_lpc23xx.o
       124          0          0          0          0       1082   str.o
       764         60          0          0          0       2964   target.o
      2836         28          0          6          0      14492   tcp.o
      3856        736          0         56        530       8445   tcp_client_event.o
      2816        588          0         36        530       7147   tcp_client_hb.o
      4400         12          0          0          0      26454   tcp_fsm.o
      8016         12          0          0          0      24357   tcp_misc.o
      1096          8          0          0          0       3809   tcp_timer.o
      6948        936         24         40        530      59772   telnet_server.o
      6216        332         16        180        630      15196   ticker.o
      1284        128        150         14          0       5740   uart.o
      2584         52          0          8        160      26260   udp.o
     10156        896         32          0          0      14164   util_menu.o

    ----------------------------------------------------------------------
    161080      10636       9900        712      40828     749770   Object Totals
        48         12         64          0          0          0   (incl. Generated)
         0          0          7         13         11          0   (incl. Padding)

    ----------------------------------------------------------------------

      Code (inc. data)   RO Data    RW Data    ZI Data      Debug   Library Member Name

        30          0          0          0          0         84   __2fprintf.o
        52          4          0          0          0         84   __2sprintf.o
        92          0          0          0          0          0   __dczerorl2.o
         8          0          0          0          0         68   __main.o
         2          0          0          0          0         60   __printf.o
       412          6         17          0          0         92   __printf_flags_ss_wp.o
        14          0          0          0          0         60   __printf_wp.o
         0          0          0          0          0          0   __rtentry.o
        44          4          0          0          0          0   __rtentry2.o
         8          0          0          0          0          0   __rtentry4.o
        60          8          0          0          0          0   __scatter.o
        40          0          0          0          0          0   __scatter_copy.o
        44          0          0          0          0          0   __scatter_zi.o
        30          0          0          0          0         60   _chval.o
         0          0         12          0          0          0   _monlen.o
         8          0          0          0          0          0   _printf_c.o
        58          0          0          0          0        112   _printf_char.o
        48          4          0          0          0         96   _printf_char_common.o
        44          6          0          0          0         88   _printf_char_file.o
        46          0          0          0          0         60   _printf_charcount.o
         8          0          0          0          0          0   _printf_d.o
       120         18          0          0          0         88   _printf_dec.o
         8          0          0          0          0          0   _printf_f.o
      1056         12          0          0          0        188   _printf_fp_dec.o
       144         16          0          0          0         88   _printf_fp_infnan.o
       144          6         40          0          0        144   _printf_hex_int_ptr.o
         8          0          0          0          0          0   _printf_i.o
       186          0          0          0          0         96   _printf_intcommon.o
        12          0          0          0          0          0   _printf_l.o
         8          0          0          0          0          0   _printf_lc.o
         8          0          0          0          0          0   _printf_n.o
         8          0          0          0          0          0   _printf_o.o
        92          8          0          0          0         84   _printf_oct_int.o
         8          0          0          0          0          0   _printf_p.o
        86          0          0          0          0        116   _printf_pad.o
         4          0          0          0          0          0   _printf_percent.o
         8          0          0          0          0          0   _printf_percent_end.o
         8          0          0          0          0          0   _printf_s.o
        88          0          0          0          0         84   _printf_str.o
        44          0          0          0          0         76   _printf_truncate.o
         8          0          0          0          0          0   _printf_u.o
        58          0          0          0          0        112   _printf_wchar.o
       194          4          8          0          0        156   _printf_wctomb.o
         8          0          0          0          0          0   _printf_x.o
        10          0          0          0          0         60   _sputc.o
       172          0          0          0          0         96   _strtoul.o
        72          0          0          0          0        148   _wcrtomb.o
       428          0          0          0          0        148   aeabi_sdiv.o
        38          0          0          0          0         84   atoi.o
       220          6        148          0          0         96   bigflt0.o
      2072        128          0          0          0        700   btod.o
        16          0          0          0          0         80   defsig_exit.o
        56          0          0          0          0         84   defsig_general.o
        84         58          0          0          0         80   defsig_rtmem_inner.o
        16          0          0          0          0         80   defsig_rtmem_outer.o
        20          0          0          0          0         80   exit.o
       118          0          0          0          0        116   h1_alloc.o
        56          0          0          0          0         80   h1_extend.o
        92          0          0          0          0        100   h1_free.o
        14          0          0          0          0         76   h1_init.o
         6          0          0          0          0        136   heapauxi.o
         4          0          0          0          0        120   hguard.o
       148          0          0          0          0        192   init_alloc.o
        34          0          0          0          0         80   isxdigit.o
        84          8        272          0          0         92   lc_ctype_c.o
        84          8         28          0          0         92   lc_numeric_c.o
        10          0          0          0          0          0   libinit.o
        48          0          0          0          0          0   libinit2.o
        12          0          0          0          0          0   libshutdown.o
         6          0          0          0          0          0   libshutdown2.o
        12          4          0          0         96         68   libspace.o
       164          0          0          0          0         96   lludiv10.o
        28          6          0          0         44         80   localtime.o
       160         14          0          0          0         84   localtime_internal.o
         0          0          0          0          0          0   maybetermalloc1.o
       126          0          0          0          0         72   memcmp.o
       444         16          0          0          0        136   mktime.o
        28          4          0          0          0         84   rt_ctype_table.o
        16          4          0          0          0         68   rt_errno_addr_intlibspace.o
        16          4          0          0          0         68   rt_heap_descriptor_intlibspace.o
        16          4          0          0          0         68   rt_locale_intlibspace.o
        64          0          0          0          0         68   rt_memclr.o
        88          0          0          0          0         80   rt_memclr_w.o
       212          0          0          0          0         68   rt_memcpy.o
       100          0          0          0          0         80   rt_memcpy_w.o
       212          0          0          0          0         68   rt_memmove.o
       128          0          0          0          0         80   rt_memmove_w.o
         8          0          0          0          0          0   rtexit.o
        12          0          0          0          0          0   rtexit2.o
        48          0          0          0          0         68   rtudiv10.o
        50          0          0          0          0         88   strcasecmp.o
        32          0          0          0          0         60   strcat.o
        30          0          0          0          0         60   strchr.o
       244          4          0          0          0         80   strcmp.o
        88          6          0          0          0         76   strcpy.o
        76          4          0          0          0         76   strlen.o
        58          0          0          0          0         88   strncasecmp.o
        46          0          0          0          0         72   strncat.o
       112          4          0          0          0         84   strncpy.o
        50          0          0          0          0         72   strstr.o
       116          4          0          0          0         92   strtol.o
        96          0          0          0          0         80   sys_stackheap_outer.o
        30          0          0          0          0         80   tolower.o
        42          0          0          0          0         80   toupper.o
        32          0          0          0          0         68   uread4.o
         4          0          0          0          0         68   use_no_semi.o
        32          0          0          0          0         68   uwrite4.o
       736        140          0          0          0        228   ddiv.o
       100          0          0          0          0        136   dflt_noclz.o
       192          0          0          0          0        108   dnaninf.o
        16          0          0          0          0         68   dretinf.o
        12          0          0          0          0         68   istatus.o
         4          0          0          0          0         68   printf1.o
         0          0          0          0          0          0   usenofp.o
        52          0          0          0          0         68   fpclassify.o

    ----------------------------------------------------------------------
     11456        522        528          0        140       8288   Library Totals
        48          0          3          0          0          0   (incl. Padding)

    ----------------------------------------------------------------------

      Code (inc. data)   RO Data    RW Data    ZI Data      Debug   Library Name

     10296        382        525          0        140       7544   c_t.l
      1060        140          0          0          0        676   fz_ts.l
        52          0          0          0          0         68   m_ts.l

    ----------------------------------------------------------------------
     11456        522        528          0        140       8288   Library Totals

    ----------------------------------------------------------------------

==============================================================================


      Code (inc. data)   RO Data    RW Data    ZI Data      Debug   

    172536      11158      10428        712      40968     726338   Grand Totals
    172536      11158      10428         76      40968     726338   ELF Image Totals (compressed)
    172536      11158      10428         76          0          0   ROM Totals

==============================================================================

    Total RO  Size (Code + RO Data)               182964 ( 178.68kB)
    Total RW  Size (RW Data + ZI Data)             41680 (  40.70kB)
    Total ROM Size (Code + RO Data + RW Data)     183040 ( 178.75kB)

==============================================================================

