Component: ARM Compiler 5.06 update 6 (build 750) Tool: armlink [4d35ed]

==============================================================================

Section Cross References

    startup_lpc23xx.o(STACK) refers (Special) to heapauxi.o(.text) for __use_two_region_memory
    startup_lpc23xx.o(HEAP) refers (Special) to heapauxi.o(.text) for __use_two_region_memory
    startup_lpc23xx.o(RESET) refers (Special) to heapauxi.o(.text) for __use_two_region_memory
    startup_lpc23xx.o(RESET) refers to startup_lpc23xx.o(STACK) for Stack_Top
    startup_lpc23xx.o(RESET) refers to target.o(i.TargetResetInit) for TargetResetInit
    startup_lpc23xx.o(RESET) refers to __main.o(!!!main) for __main
    startup_lpc23xx.o(.text) refers (Special) to heapauxi.o(.text) for __use_two_region_memory
    startup_lpc23xx.o(.text) refers to startup_lpc23xx.o(HEAP) for Heap_Mem
    startup_lpc23xx.o(.text) refers to startup_lpc23xx.o(STACK) for Stack_Mem
    retarget.o(i._sys_exit) refers (Special) to use_no_semi.o(.text) for __use_no_semihosting_swi
    retarget.o(i._ttywrch) refers (Special) to use_no_semi.o(.text) for __use_no_semihosting_swi
    retarget.o(i._ttywrch) refers to debug.o(i.fputc) for fputc
    retarget.o(i._ttywrch) refers to retarget.o(.data) for __stdout
    retarget.o(i.ferror) refers (Special) to use_no_semi.o(.text) for __use_no_semihosting_swi
    retarget.o(i.fgetc) refers (Special) to use_no_semi.o(.text) for __use_no_semihosting_swi
    retarget.o(.data) refers (Special) to use_no_semi.o(.text) for __use_no_semihosting_swi
    target.o(i.TargetResetInit) refers to timer.o(i.TICKER_Init) for TICKER_Init
    target.o(i.TargetResetInit) refers to timer.o(i.TICKER_100ms_Init) for TICKER_100ms_Init
    target.o(i.TargetResetInit) refers to uart.o(i.UART0_init) for UART0_init
    target.o(i.TargetResetInit) refers to uart.o(i.UART1_init) for UART1_init
    target.o(i.TargetResetInit) refers to rtc.o(i.rtc_init) for rtc_init
    target.o(i.TargetResetInit) refers to adc.o(i.adc_init) for adc_init
    target.o(i.TargetResetInit) refers to door.o(i.lock_on) for lock_on
    target.o(i.TargetResetInit) refers to lcd.o(i.lcd_dis) for lcd_dis
    target.o(i.TargetResetInit) refers to timer.o(i.TICKER_Handler) for TICKER_Handler
    target.o(i.TargetResetInit) refers to timer.o(i.TICKER_25us_Handler) for TICKER_25us_Handler
    target.o(i.TargetResetInit) refers to uart.o(i.UART0_Handler) for UART0_Handler
    target.o(i.TargetResetInit) refers to uart.o(i.UART1_Handler) for UART1_Handler
    mci_menu.o(i.create_keyevents) refers to _printf_percent.o(.ARM.Collect$$_printf_percent$$00000000) for _printf_percent
    mci_menu.o(i.create_keyevents) refers to _printf_d.o(.ARM.Collect$$_printf_percent$$00000009) for _printf_d
    mci_menu.o(i.create_keyevents) refers to _printf_dec.o(.text) for _printf_int_dec
    mci_menu.o(i.create_keyevents) refers to eeprom.o(i.SectorErase) for SectorErase
    mci_menu.o(i.create_keyevents) refers to uart.o(i.pstr) for pstr
    mci_menu.o(i.create_keyevents) refers to __2sprintf.o(.text) for __2sprintf
    mci_menu.o(i.create_keyevents) refers to mci_menu.o(i.write_keyevents_sd) for write_keyevents_sd
    mci_menu.o(i.create_keyevents) refers to keypad.o(.data) for i_button_read
    mci_menu.o(i.create_keyevents) refers to protocol_comm.o(.bss) for key_events_t
    mci_menu.o(i.create_keyevents) refers to login_menu.o(.data) for ginstaller_code
    mci_menu.o(i.create_keyevents) refers to keypad.o(.bss) for ibutton_value
    mci_menu.o(i.create_keyevents) refers to main.o(.data) for max_keys_available
    mci_menu.o(i.delete_backup_sector) refers to eeprom.o(i.SectorErase) for SectorErase
    mci_menu.o(i.delete_user_sector) refers to eeprom.o(i.SectorErase) for SectorErase
    mci_menu.o(i.eraseboot_sdcard) refers to eeprom.o(i.SectorErase) for SectorErase
    mci_menu.o(i.get_intvalue) refers to mci_menu.o(i.hex_val) for hex_val
    mci_menu.o(i.hex_val) refers to toupper.o(.text) for toupper
    mci_menu.o(i.hex_val) refers to isxdigit.o(.text) for isxdigit
    mci_menu.o(i.hex_val) refers to mci_menu.o(.bss) for writevalue
    mci_menu.o(i.read_boot_sd) refers to eeprom.o(i.ReadBytes) for ReadBytes
    mci_menu.o(i.read_boot_sd) refers to rt_memcpy.o(.text) for __aeabi_memcpy
    mci_menu.o(i.read_boot_sd) refers to mci_menu.o(.bss) for writevalue
    mci_menu.o(i.read_boot_sd) refers to protocol_comm.o(.bss) for Boot_memBlock_t
    mci_menu.o(i.read_comm_sd) refers to eeprom.o(i.ReadBytes) for ReadBytes
    mci_menu.o(i.read_comm_sd) refers to rt_memcpy.o(.text) for __aeabi_memcpy
    mci_menu.o(i.read_comm_sd) refers to mci_menu.o(.bss) for writevalue
    mci_menu.o(i.read_comm_sd) refers to main.o(.bss) for comm_t
    mci_menu.o(i.read_event_sd) refers to eeprom.o(i.ReadBytes) for ReadBytes
    mci_menu.o(i.read_event_sd) refers to rt_memcpy.o(.text) for __aeabi_memcpy
    mci_menu.o(i.read_event_sd) refers to mci_menu.o(.bss) for writevalue
[...]
    0x00003950   0x00003950   0x00000164   Code   RO         1378    i.Customer_ID       util_menu.o
    0x00003ab4   0x00003ab4   0x000000b0   Code   RO         1728    i.DecyptPIAMPacket  aesencriptionwipro.o
    0x00003b64   0x00003b64   0x000000fc   Code   RO         1729    i.DecyptPIAMPacket_hb  aesencriptionwipro.o
    0x00003c60   0x00003c60   0x00000168   Code   RO         1730    i.EncyptPIAMPacket  aesencriptionwipro.o
    0x00003dc8   0x00003dc8   0x000000fc   Code   RO         1731    i.EncyptPIAMPacket_hb  aesencriptionwipro.o
    0x00003ec4   0x00003ec4   0x0000009c   Code   RO          426    i.Find_card         login_menu.o
    0x00003f60   0x00003f60   0x00000054   Code   RO         1732    i.InvCipher         aesencriptionwipro.o
    0x00003fb4   0x00003fb4   0x000006cc   Code   RO         1733    i.InvMixColumns     aesencriptionwipro.o
    0x00004680   0x00004680   0x00000128   Code   RO         1734    i.InvShiftRows      aesencriptionwipro.o
    0x000047a8   0x000047a8   0x00000064   Code   RO         1735    i.InvSubBytes       aesencriptionwipro.o
    0x0000480c   0x0000480c   0x00000208   Code   RO         1736    i.KeyExpansion      aesencriptionwipro.o
    0x00004a14   0x00004a14   0x000001c0   Code   RO         1737    i.MixColumns        aesencriptionwipro.o
    0x00004bd4   0x00004bd4   0x00000080   Code   RO         7471    i.ReadBytes         eeprom.o
    0x00004c54   0x00004c54   0x000000b8   Code   RO         7474    i.SectorErase       eeprom.o
    0x00004d0c   0x00004d0c   0x0000016c   Code   RO         1380    i.Serial_no         util_menu.o
    0x00004e78   0x00004e78   0x00000018   Code   RO         7139    i.Set_Trigger_Timeout  timer.o
    0x00004e90   0x00004e90   0x00000128   Code   RO         1738    i.ShiftRows         aesencriptionwipro.o
    0x00004fb8   0x00004fb8   0x00000064   Code   RO         1739    i.SubBytes          aesencriptionwipro.o
    0x0000501c   0x0000501c   0x00000120   Code   RO         1381    i.System_Identity   util_menu.o
    0x0000513c   0x0000513c   0x0000004c   Code   RO         7140    i.TICKER_100ms_Init  timer.o
    0x00005188   0x00005188   0x00000024   Code   RO         7141    i.TICKER_100ms_Start  timer.o
    0x000051ac   0x000051ac   0x000006f4   Code   RO         7142    i.TICKER_25us_Handler  timer.o
    0x000058a0   0x000058a0   0x000003bc   Code   RO         7143    i.TICKER_Handler    timer.o
    0x00005c5c   0x00005c5c   0x00000078   Code   RO         7144    i.TICKER_Init       timer.o
    0x00005cd4   0x00005cd4   0x00000024   Code   RO         7145    i.TICKER_Start      timer.o
    0x00005cf8   0x00005cf8   0x000002e4   Code   RO          118    i.TargetResetInit   target.o
    0x00005fdc   0x00005fdc   0x000000d0   Code   RO         7321    i.UART0_Handler     uart.o
    0x000060ac   0x000060ac   0x000000dc   Code   RO         7322    i.UART0_init        uart.o
    0x00006188   0x00006188   0x000000d0   Code   RO         7323    i.UART1_Handler     uart.o
    0x00006258   0x00006258   0x000000dc   Code   RO         7324    i.UART1_init        uart.o
    0x00006334   0x00006334   0x00000100   Code   RO         7475    i.WrBytes           eeprom.o
    0x00006434   0x00006434   0x0000003c   Code   RO         7478    i.WriteEn           eeprom.o
    0x00006470   0x00006470   0x0000002c   Code   RO          427    i.Wrong_entry       login_menu.o
    0x0000649c   0x0000649c   0x0000003c   Code   RO         1740    i.XorWithIv         aesencriptionwipro.o
    0x000064d8   0x000064d8   0x00000002   Code   RO         7930    i.__ARM_common_call_via_r1  c_t.l(__printf.o)
    0x000064da   0x000064da   0x00000002   Code   RO         7946    i.__ARM_common_call_via_r2  c_t.l(_printf_wctomb.o)
    0x000064dc   0x000064dc   0x00000002   Code   RO         8144    i.__ARM_common_call_via_r3  c_t.l(_wcrtomb.o)
    0x000064de   0x000064de   0x00000002   PAD
    0x000064e0   0x000064e0   0x00000004   Ven    RO         8287    i.__ARM_fpclassify  m_ts.l(fpclassify.o)
    0x000064e4   0x000064e4   0x00000030   Code   RO         8287    i.__ARM_fpclassify  m_ts.l(fpclassify.o)
    0x00006514   0x00006514   0x0000000e   Code   RO         7985    i._is_digit         c_t.l(__printf_wp.o)
    0x00006522   0x00006522   0x00000002   PAD
    0x00006524   0x00006524   0x00000004   Ven    RO           11    i._sys_exit         retarget.o
    0x00006528   0x00006528   0x00000008   Code   RO           11    i._sys_exit         retarget.o
    0x00006530   0x00006530   0x00000004   Ven    RO           12    i._ttywrch          retarget.o
    0x00006534   0x00006534   0x00000020   Code   RO           12    i._ttywrch          retarget.o
    0x00006554   0x00006554   0x00000040   Code   RO         7666    i.ac_voltage        ac_dc_volt.o
    0x00006594   0x00006594   0x0000002c   Code   RO         7114    i.adc_init          adc.o
    0x000065c0   0x000065c0   0x00000370   Code   RO         2062    i.add_enrollment    bio.o
    0x00006930   0x00006930   0x000003b0   Code   RO         2064    i.add_enrollment_user  bio.o
    0x00006ce0   0x00006ce0   0x00000084   Code   RO          547    i.add_task          protocol_comm.o
    0x00006d64   0x00006d64   0x00000548   Code   RO         1464    i.addnewkeys        key_menu.o
    0x000072ac   0x000072ac   0x00000a70   Code   RO          429    i.alarm_handler     login_menu.o
    0x00007d1c   0x00007d1c   0x00000124   Code   RO         2065    i.arm_trigger_value  bio.o
    0x00007e40   0x00007e40   0x00000094   Code   RO         3415    i.arpCreateEntry    arp.o
    0x00007ed4   0x00007ed4   0x00000004   Code   RO         3416    i.arpDumpPacket     arp.o
    0x00007ed8   0x00007ed8   0x00000130   Code   RO         3417    i.arpEnqueuePacket  arp.o
    0x00008008   0x00008008   0x00000058   Code   RO         3418    i.arpFindEntry      arp.o
    0x00008060   0x00008060   0x00000044   Code   RO         3419    i.arpFlushCache     arp.o
    0x000080a4   0x000080a4   0x0000004c   Code   RO         3420    i.arpFlushQueuedPackets  arp.o
    0x000080f0   0x000080f0   0x00000020   Code   RO         3421    i.arpInit           arp.o
    0x00008110   0x00008110   0x00000184   Code   RO         3422    i.arpProcessPacket  arp.o
    0x00008294   0x00008294   0x000001bc   Code   RO         3423    i.arpProcessReply   arp.o
    0x00008450   0x00008450   0x0000010c   Code   RO         3424    i.arpProcessRequest  arp.o
    0x0000855c   0x0000855c   0x00000100   Code   RO         3425    i.arpResolve        arp.o
    0x0000865c   0x0000865c   0x00000138   Code   RO         3426    i.arpSendProbe      arp.o
    0x00008794   0x00008794   0x00000090   Code   RO         3427    i.arpSendQueuedPackets  arp.o
    0x00008824   0x00008824   0x00000138   Code   RO         3428    i.arpSendReply      arp.o
    0x0000895c   0x0000895c   0x00000158   Code   RO         3429    i.arpSendRequest    arp.o
    0x00008ab4   0x00008ab4   0x0000018c   Code   RO         3430    i.arpTick           arp.o
    0x00008c40   0x00008c40   0x00000134   Code   RO          430    i.arrow_right_pressed  login_menu.o
    0x00008d74   0x00008d74   0x000001c0   Code   RO         2066    i.bio_verification  bio.o
    0x00008f34   0x00008f34   0x00000058   Code   RO         1687    i.ble_door_open     ble_commn.o
    0x00008f8c   0x00008f8c   0x00000060   Code   RO         1688    i.ble_invalid_login  ble_commn.o
    0x00008fec   0x00008fec   0x00000058   Code   RO         1689    i.ble_login_success  ble_commn.o
    0x00009044   0x00009044   0x0000009c   Code   RO         1690    i.ble_serial_no     ble_commn.o
    0x000090e0   0x000090e0   0x000001a8   Code   RO         1691    i.ble_task_select   ble_commn.o
    0x00009288   0x00009288   0x00000078   Code   RO          431    i.ble_user_key_no   login_menu.o
    0x00009300   0x00009300   0x000000f4   Code   RO          432    i.ble_user_key_status  login_menu.o
    0x000093f4   0x000093f4   0x00000038   Code   RO         7684    i.buzzer            buzzer.o
    0x0000942c   0x0000942c   0x00000014   Code   RO         7685    i.buzzer_Off        buzzer.o
    0x00009440   0x00009440   0x00000014   Code   RO         7686    i.buzzer_On         buzzer.o
    0x00009454   0x00009454   0x00000108   Code   RO         2068    i.chage_bioflag     bio.o
    0x0000955c   0x0000955c   0x0000012c   Code   RO         2070    i.check_biomtric    bio.o
    0x00009688   0x00009688   0x000000fc   Code   RO          788    i.check_config_protocol  telnet_server.o
    0x00009784   0x00009784   0x000000ac   Code   RO         1953    i.check_config_protocol_fw  tcp_client_fw.o
    0x00009830   0x00009830   0x00000078   Code   RO         1844    i.check_config_receive  tcp_client_hb.o
    0x000098a8   0x000098a8   0x00000174   Code   RO         1592    i.check_event_receive  tcp_client_event.o
    0x00009a1c   0x00009a1c   0x000000c0   Code   RO         1845    i.check_serial_no_server  tcp_client_hb.o
    0x00009adc   0x00009adc   0x000001e0   Code   RO         2071    i.check_status_lumi  bio.o
    0x00009cbc   0x00009cbc   0x0000006c   Code   RO         2072    i.check_user_bio    bio.o
    0x00009d28   0x00009d28   0x000000b4   Code   RO         1846    i.checkcrc_server   tcp_client_hb.o
    0x00009ddc   0x00009ddc   0x0000005c   Code   RO          789    i.checksum_verification  telnet_server.o
    0x00009e38   0x00009e38   0x000000b4   Code   RO         1593    i.checksum_verification_event  tcp_client_event.o
    0x00009eec   0x00009eec   0x0000002c   Code   RO         7146    i.chk_timeout       timer.o
    0x00009f18   0x00009f18   0x0000004c   Code   RO         2026    i.clear_keyposition  task_management.o
    0x00009f64   0x00009f64   0x000000dc   Code   RO         1271    i.compare_date      common_func.o
    0x0000a040   0x0000a040   0x00000098   Code   RO          791    i.crc_calculation   telnet_server.o
    0x0000a0d8   0x0000a0d8   0x000001a8   Code   RO         1847    i.crc_calculation_client  tcp_client_hb.o
    0x0000a280   0x0000a280   0x00000090   Code   RO         1594    i.crc_calculation_client_event  tcp_client_event.o
    0x0000a310   0x0000a310   0x00000090   Code   RO          792    i.crc_calculation_fw  telnet_server.o
    0x0000a3a0   0x0000a3a0   0x000001b8   Code   RO         2073    i.create_database   bio.o
    0x0000a558   0x0000a558   0x00000370   Code   RO          181    i.create_keyevents  mci_menu.o
    0x0000a8c8   0x0000a8c8   0x000001e4   Code   RO         7708    i.date_time1        clock_calndr.o
    0x0000aaac   0x0000aaac   0x00000040   Code   RO         7667    i.dc_voltage        ac_dc_volt.o
    0x0000aaec   0x0000aaec   0x0000005c   Code   RO         1095    i.delay             main.o
    0x0000ab48   0x0000ab48   0x00000104   Code   RO         2074    i.delete_alluser    bio.o
    0x0000ac4c   0x0000ac4c   0x00000038   Code   RO          182    i.delete_backup_sector  mci_menu.o
    0x0000ac84   0x0000ac84   0x000001ac   Code   RO         2075    i.delete_database   bio.o
    0x0000ae30   0x0000ae30   0x00000398   Code   RO         2076    i.delete_enrollment  bio.o
    0x0000b1c8   0x0000b1c8   0x00000068   Code   RO          548    i.delete_task       protocol_comm.o
    0x0000b230   0x0000b230   0x000000a4   Code   RO          549    i.delete_user       protocol_comm.o
    0x0000b2d4   0x0000b2d4   0x00000060   Code   RO         2077    i.delete_user_details  bio.o
    0x0000b334   0x0000b334   0x00000038   Code   RO          183    i.delete_user_sector  mci_menu.o
    0x0000b36c   0x0000b36c   0x000001d8   Code   RO         2078    i.delete_userrecord  bio.o
    0x0000b544   0x0000b544   0x000000e8   Code   RO         6191    i.dhcpAddOption     dhcp_common.o
    0x0000b62c   0x0000b62c   0x00000074   Code   RO         6621    i.dhcpClientChangeState  dhcp_client_misc.o
    0x0000b6a0   0x0000b6a0   0x00000078   Code   RO         6622    i.dhcpClientCheckTimeout  dhcp_client_misc.o
    0x0000b718   0x0000b718   0x00000058   Code   RO         6623    i.dhcpClientComputeElapsedTime  dhcp_client_misc.o
    0x0000b770   0x0000b770   0x000002d0   Code   RO         6624    i.dhcpClientDumpConfig  dhcp_client_misc.o
    0x0000ba40   0x0000ba40   0x00000040   Code   RO         6155    i.dhcpClientGetDefaultSettings  dhcp_client.o
    0x0000ba80   0x0000ba80   0x00000074   Code   RO         6157    i.dhcpClientInit    dhcp_client.o
    0x0000baf4   0x0000baf4   0x00000098   Code   RO         6625    i.dhcpClientLinkChangeEvent  dhcp_client_misc.o
    0x0000bb8c   0x0000bb8c   0x000004e8   Code   RO         6626    i.dhcpClientParseAck  dhcp_client_misc.o
    0x0000c074   0x0000c074   0x0000012c   Code   RO         6627    i.dhcpClientParseNak  dhcp_client_misc.o
    0x0000c1a0   0x0000c1a0   0x0000010c   Code   RO         6628    i.dhcpClientParseOffer  dhcp_client_misc.o
    0x0000c2ac   0x0000c2ac   0x0000014c   Code   RO         6629    i.dhcpClientProcessMessage  dhcp_client_misc.o
    0x0000c3f8   0x0000c3f8   0x00000084   Code   RO         6630    i.dhcpClientResetConfig  dhcp_client_misc.o
    0x0000c47c   0x0000c47c   0x000001fc   Code   RO         6631    i.dhcpClientSendDecline  dhcp_client_misc.o
    0x0000c678   0x0000c678   0x000001fc   Code   RO         6632    i.dhcpClientSendDiscover  dhcp_client_misc.o
    0x0000c874   0x0000c874   0x000002e0   Code   RO         6633    i.dhcpClientSendRequest  dhcp_client_misc.o
    0x0000cb54   0x0000cb54   0x00000090   Code   RO         6158    i.dhcpClientStart   dhcp_client.o
    0x0000cbe4   0x0000cbe4   0x00000070   Code   RO         6919    i.dhcpClientStateBound  dhcp_client_fsm.o
    0x0000cc54   0x0000cc54   0x0000005c   Code   RO         6920    i.dhcpClientStateInit  dhcp_client_fsm.o
    0x0000ccb0   0x0000ccb0   0x0000005c   Code   RO         6921    i.dhcpClientStateInitReboot  dhcp_client_fsm.o
    0x0000cd0c   0x0000cd0c   0x000000d8   Code   RO         6922    i.dhcpClientStateProbing  dhcp_client_fsm.o
    0x0000cde4   0x0000cde4   0x000000e8   Code   RO         6923    i.dhcpClientStateRebinding  dhcp_client_fsm.o
    0x0000cecc   0x0000cecc   0x000000f4   Code   RO         6924    i.dhcpClientStateRebooting  dhcp_client_fsm.o
    0x0000cfc0   0x0000cfc0   0x000000d4   Code   RO         6925    i.dhcpClientStateRenewing  dhcp_client_fsm.o
    0x0000d094   0x0000d094   0x000000f4   Code   RO         6926    i.dhcpClientStateRequesting  dhcp_client_fsm.o
    0x0000d188   0x0000d188   0x000000ac   Code   RO         6927    i.dhcpClientStateSelecting  dhcp_client_fsm.o
    0x0000d234   0x0000d234   0x000000f0   Code   RO         6634    i.dhcpClientTick    dhcp_client_misc.o
    0x0000d324   0x0000d324   0x000000ac   Code   RO         6192    i.dhcpGetOption     dhcp_common.o
    0x0000d3d0   0x0000d3d0   0x000000f4   Code   RO         1382    i.diagnostics       util_menu.o
    0x0000d4c4   0x0000d4c4   0x000001fc   Code   RO         5606    i.dnsCompareEncodedName  dns_common.o
    0x0000d6c0   0x0000d6c0   0x00000148   Code   RO         5607    i.dnsCompareName    dns_common.o
    0x0000d808   0x0000d808   0x00000094   Code   RO         5530    i.dnsCreateEntry    dns_cache.o
    0x0000d89c   0x0000d89c   0x00000044   Code   RO         5531    i.dnsDeleteEntry    dns_cache.o
    0x0000d8e0   0x0000d8e0   0x000000dc   Code   RO         5608    i.dnsEncodeName     dns_common.o
    0x0000d9bc   0x0000d9bc   0x000000c0   Code   RO         5532    i.dnsFindEntry      dns_cache.o
    0x0000da7c   0x0000da7c   0x00000058   Code   RO         5533    i.dnsFlushCache     dns_cache.o
    0x0000dad4   0x0000dad4   0x00000020   Code   RO         5534    i.dnsInit           dns_cache.o
    0x0000daf4   0x0000daf4   0x00000160   Code   RO         5609    i.dnsParseName      dns_common.o
    0x0000dc54   0x0000dc54   0x00000368   Code   RO         5579    i.dnsProcessResponse  dns_client.o
    0x0000dfbc   0x0000dfbc   0x00000148   Code   RO         5580    i.dnsResolve        dns_client.o
    0x0000e104   0x0000e104   0x00000208   Code   RO         5581    i.dnsSendQuery      dns_client.o
    0x0000e30c   0x0000e30c   0x00000180   Code   RO         5535    i.dnsTick           dns_cache.o
    0x0000e48c   0x0000e48c   0x00000090   Code   RO         1273    i.dow1              common_func.o
    0x0000e51c   0x0000e51c   0x0000002c   Code   RO         6254    i.dp83848DisableIrq  dp83848_driver.o
    0x0000e548   0x0000e548   0x00000020   Code   RO         6255    i.dp83848DumpPhyReg  dp83848_driver.o
    0x0000e568   0x0000e568   0x0000002c   Code   RO         6256    i.dp83848EnableIrq  dp83848_driver.o
    0x0000e594   0x0000e594   0x000000c0   Code   RO         6257    i.dp83848EventHandler  dp83848_driver.o
    0x0000e654   0x0000e654   0x000000c8   Code   RO         6258    i.dp83848Init       dp83848_driver.o
    0x0000e71c   0x0000e71c   0x00000068   Code   RO         6259    i.dp83848ReadPhyReg  dp83848_driver.o
    0x0000e784   0x0000e784   0x00000084   Code   RO         6260    i.dp83848Tick       dp83848_driver.o
    0x0000e808   0x0000e808   0x00000068   Code   RO         6261    i.dp83848WritePhyReg  dp83848_driver.o
    0x0000e870   0x0000e870   0x00000a4c   Code   RO         1465    i.emerg_remove_return_key  key_menu.o
    0x0000f2bc   0x0000f2bc   0x000000e4   Code   RO         1466    i.emergency_keyaccess  key_menu.o
    0x0000f3a0   0x0000f3a0   0x00000384   Code   RO         1314    i.enter_digits      msg_menu.o
    0x0000f724   0x0000f724   0x0000002c   Code   RO          184    i.eraseboot_sdcard  mci_menu.o
    0x0000f750   0x0000f750   0x000000c4   Code   RO         3210    i.ethAcceptMacAddr  ethernet.o
    0x0000f814   0x0000f814   0x0000003c   Code   RO         3211    i.ethAllocBuffer    ethernet.o
    0x0000f850   0x0000f850   0x00000070   Code   RO         6721    i.ethCalcCrc        ethernet_misc.o
    0x0000f8c0   0x0000f8c0   0x00000100   Code   RO         6722    i.ethCalcCrcEx      ethernet_misc.o
    0x0000f9c0   0x0000f9c0   0x000000a8   Code   RO         6723    i.ethCheckCrc       ethernet_misc.o
    0x0000fa68   0x0000fa68   0x000000cc   Code   RO         6724    i.ethCheckDestAddr  ethernet_misc.o
    0x0000fb34   0x0000fb34   0x000000ac   Code   RO         3214    i.ethDropMacAddr    ethernet.o
    0x0000fbe0   0x0000fbe0   0x00000004   Code   RO         3215    i.ethDumpHeader     ethernet.o
    0x0000fbe4   0x0000fbe4   0x00000020   Code   RO         3216    i.ethInit           ethernet.o
    0x0000fc04   0x0000fc04   0x00000060   Code   RO         6727    i.ethPadFrame       ethernet_misc.o
    0x0000fc64   0x0000fc64   0x000001b4   Code   RO         3217    i.ethProcessFrame   ethernet.o
    0x0000fe18   0x0000fe18   0x000001a0   Code   RO         3218    i.ethSendFrame      ethernet.o
    0x0000ffb8   0x0000ffb8   0x00000064   Code   RO         6729    i.ethUpdateErrorStats  ethernet_misc.o
    0x0001001c   0x0001001c   0x00000034   Code   RO         6730    i.ethUpdateInStats  ethernet_misc.o
    0x00010050   0x00010050   0x00000038   Code   RO         6731    i.ethUpdateOutStats  ethernet_misc.o
    0x00010088   0x00010088   0x00000004   Ven    RO           13    i.ferror            retarget.o
    0x0001008c   0x0001008c   0x0000000c   Code   RO           13    i.ferror            retarget.o
    0x00010098   0x00010098   0x00000078   Code   RO         7545    i.find_string       lcd.o
    0x00010110   0x00010110   0x00000074   Code   RO          433    i.find_user_sd      login_menu.o
    0x00010184   0x00010184   0x00000074   Code   RO          434    i.find_user_sd1     login_menu.o
    0x000101f8   0x000101f8   0x00000158   Code   RO         2079    i.finger_module_menu  bio.o
    0x00010350   0x00010350   0x0000004c   Code   RO         1315    i.format_ip         msg_menu.o
    0x0001039c   0x0001039c   0x00000008   Code   RO           60    i.fputc             debug.o
    0x000103a4   0x000103a4   0x000003bc   Code   RO          793    i.fw_download_sd    telnet_server.o
    0x00010760   0x00010760   0x00000110   Code   RO         1514    i.fw_upload_func    aka_sys.o
    0x00010870   0x00010870   0x00000194   Code   RO         5100    i.getHostByName     socket.o
    0x00010a04   0x00010a04   0x00000014   Code   RO         1741    i.getSBoxInvert     aesencriptionwipro.o
    0x00010a18   0x00010a18   0x00000014   Code   RO         1742    i.getSBoxValue      aesencriptionwipro.o
    0x00010a2c   0x00010a2c   0x00000100   Code   RO          794    i.get_Connection_confiq  telnet_server.o
    0x00010b2c   0x00010b2c   0x0000000c   Code   RO         7009    i.get_block_value   i2c.o
    0x00010b38   0x00010b38   0x00000060   Code   RO         7709    i.get_doy_dow       clock_calndr.o
    0x00010b98   0x00010b98   0x00000288   Code   RO          795    i.get_firmware_info  telnet_server.o
    0x00010e20   0x00010e20   0x0000000c   Code   RO         7010    i.get_i2c_value     i2c.o
    0x00010e2c   0x00010e2c   0x00000040   Code   RO          185    i.get_intvalue      mci_menu.o
    0x00010e6c   0x00010e6c   0x000000e8   Code   RO         2080    i.get_length        bio.o
    0x00010f54   0x00010f54   0x00000044   Code   RO         1274    i.get_menu_key      common_func.o
    0x00010f98   0x00010f98   0x00000048   Code   RO         1275    i.get_menu_key1     common_func.o
    0x00010fe0   0x00010fe0   0x000000fc   Code   RO          796    i.get_protocol_length  telnet_server.o
    0x000110dc   0x000110dc   0x00000060   Code   RO         7710    i.get_sec_time_value  clock_calndr.o
    0x0001113c   0x0001113c   0x00000068   Code   RO         7711    i.get_ticks_value   clock_calndr.o
    0x000111a4   0x000111a4   0x0000037c   Code   RO         1276    i.get_timestamp     common_func.o
    0x00011520   0x00011520   0x000001ec   Code   RO         2081    i.getresult_identy  bio.o
    0x0001170c   0x0001170c   0x00000030   Code   RO         7429    i.greenled_onoff    led.o
    0x0001173c   0x0001173c   0x000000a4   Code   RO          797    i.handle_ftp_char   telnet_server.o
    0x000117e0   0x000117e0   0x000001ec   Code   RO         1848    i.handle_hb_protocol_packet  tcp_client_hb.o
    0x000119cc   0x000119cc   0x0000018c   Code   RO         7327    i.handle_protocol_ble  uart.o
    0x00011b58   0x00011b58   0x00000634   Code   RO          798    i.handle_protocol_configpacket  telnet_server.o
    0x0001218c   0x0001218c   0x000027bc   Code   RO         1849    i.handle_protocol_configpacket_event  tcp_client_hb.o
    0x00014948   0x00014948   0x00000208   Code   RO         1595    i.handle_protocol_packet  tcp_client_event.o
    0x00014b50   0x00014b50   0x00000034   Code   RO         7328    i.handle_protocol_uart0  uart.o
    0x00014b84   0x00014b84   0x00000054   Code   RO          186    i.hex_val           mci_menu.o
    0x00014bd8   0x00014bd8   0x000000b0   Code   RO         7011    i.i2c_lpc_ask_polling_op  i2c.o
    0x00014c88   0x00014c88   0x000000ac   Code   RO         7012    i.i2c_lpc_ctrl      i2c.o
    0x00014d34   0x00014d34   0x00000098   Code   RO         7013    i.i2c_lpc_init      i2c.o
    0x00014dcc   0x00014dcc   0x00000158   Code   RO         7014    i.i2c_lpc_rx_to_buf  i2c.o
    0x00014f24   0x00014f24   0x00000024   Code   RO         7015    i.i2c_lpc_stop      i2c.o
    0x00014f48   0x00014f48   0x00000034   Code   RO         7016    i.i2c_lpc_wr_byte   i2c.o
    0x00014f7c   0x00014f7c   0x00000004   Code   RO         4080    i.icmpDumpEchoMessage  icmp.o
    0x00014f80   0x00014f80   0x00000004   Code   RO         4081    i.icmpDumpErrorMessage  icmp.o
    0x00014f84   0x00014f84   0x00000004   Code   RO         4082    i.icmpDumpMessage   icmp.o
    0x00014f88   0x00014f88   0x00000230   Code   RO         4083    i.icmpProcessEchoRequest  icmp.o
    0x000151b8   0x000151b8   0x000000b0   Code   RO         4084    i.icmpProcessMessage  icmp.o
    0x00015268   0x00015268   0x00000200   Code   RO         4085    i.icmpSendErrorMessage  icmp.o
    0x00015468   0x00015468   0x000000b8   Code   RO         4086    i.icmpUpdateInStats  icmp.o
    0x00015520   0x00015520   0x000000b8   Code   RO         4087    i.icmpUpdateOutStats  icmp.o
    0x000155d8   0x000155d8   0x0000004c   Code   RO         4205    i.ipAddrToString    ip.o
    0x00015624   0x00015624   0x00000040   Code   RO         4206    i.ipAllocBuffer     ip.o
    0x00015664   0x00015664   0x00000108   Code   RO         4207    i.ipCalcChecksum    ip.o
    0x0001576c   0x0001576c   0x00000114   Code   RO         4208    i.ipCalcChecksumEx  ip.o
    0x00015880   0x00015880   0x00000064   Code   RO         4210    i.ipCalcUpperLayerChecksumEx  ip.o
    0x000158e4   0x000158e4   0x0000003c   Code   RO         4212    i.ipIsMulticastAddr  ip.o
    0x00015920   0x00015920   0x00000034   Code   RO         4213    i.ipIsUnspecifiedAddr  ip.o
    0x00015954   0x00015954   0x0000004c   Code   RO         4216    i.ipSelectSourceAddr  ip.o
    0x000159a0   0x000159a0   0x00000054   Code   RO         4217    i.ipSendDatagram    ip.o
    0x000159f4   0x000159f4   0x0000004c   Code   RO         4218    i.ipStringToAddr    ip.o
    0x00015a40   0x00015a40   0x00000068   Code   RO         6799    i.ipv4AddRouterAlertOption  ipv4_misc.o
    0x00015aa8   0x00015aa8   0x00000060   Code   RO         3645    i.ipv4AddrToString  ipv4.o
    0x00015b08   0x00015b08   0x000000cc   Code   RO         6800    i.ipv4CheckDestAddr  ipv4_misc.o
    0x00015bd4   0x00015bd4   0x00000040   Code   RO         6801    i.ipv4CheckSourceAddr  ipv4_misc.o
    0x00015c14   0x00015c14   0x00000004   Code   RO         3646    i.ipv4DumpHeader    ipv4.o
    0x00015c18   0x00015c18   0x00000004   Code   RO         3913    i.ipv4DumpHoleList  ipv4_frag.o
    0x00015c1c   0x00015c1c   0x00000024   Code   RO         3914    i.ipv4FindHole      ipv4_frag.o
    0x00015c40   0x00015c40   0x0000003c   Code   RO         3915    i.ipv4FlushFragQueue  ipv4_frag.o
    0x00015c7c   0x00015c7c   0x000000e8   Code   RO         3916    i.ipv4FragTick      ipv4_frag.o
    0x00015d64   0x00015d64   0x00000150   Code   RO         3917    i.ipv4FragmentDatagram  ipv4_frag.o
    0x00015eb4   0x00015eb4   0x00000078   Code   RO         6802    i.ipv4GetAddrScope  ipv4_misc.o
    0x00015f2c   0x00015f2c   0x00000040   Code   RO         6803    i.ipv4GetBroadcastAddr  ipv4_misc.o
    0x00015f6c   0x00015f6c   0x00000050   Code   RO         6804    i.ipv4GetPrefixLength  ipv4_misc.o
    0x00015fbc   0x00015fbc   0x00000074   Code   RO         3654    i.ipv4Init          ipv4.o
    0x00016030   0x00016030   0x00000090   Code   RO         6805    i.ipv4IsBroadcastAddr  ipv4_misc.o
    0x000160c0   0x000160c0   0x0000009c   Code   RO         6806    i.ipv4IsLocalHostAddr  ipv4_misc.o
    0x0001615c   0x0001615c   0x00000064   Code   RO         6807    i.ipv4IsOnLink      ipv4_misc.o
    0x000161c0   0x000161c0   0x00000058   Code   RO         6808    i.ipv4IsTentativeAddr  ipv4_misc.o
    0x00016218   0x00016218   0x0000010c   Code   RO         3655    i.ipv4JoinMulticastGroup  ipv4.o
    0x00016324   0x00016324   0x00000044   Code   RO         3657    i.ipv4LinkChangeEvent  ipv4.o
    0x00016368   0x00016368   0x00000060   Code   RO         6809    i.ipv4MapMulticastAddrToMac  ipv4_misc.o
    0x000163c8   0x000163c8   0x000001a8   Code   RO         3658    i.ipv4ProcessDatagram  ipv4.o
    0x00016570   0x00016570   0x00000204   Code   RO         3659    i.ipv4ProcessPacket  ipv4.o
    0x00016774   0x00016774   0x00000438   Code   RO         3918    i.ipv4ReassembleDatagram  ipv4_frag.o
    0x00016bac   0x00016bac   0x000001cc   Code   RO         3919    i.ipv4SearchFragQueue  ipv4_frag.o
    0x00016d78   0x00016d78   0x00000070   Code   RO         6810    i.ipv4SelectDefaultGateway  ipv4_misc.o
    0x00016de8   0x00016de8   0x00000274   Code   RO         6811    i.ipv4SelectSourceAddr  ipv4_misc.o
    0x0001705c   0x0001705c   0x00000098   Code   RO         3660    i.ipv4SendDatagram  ipv4.o
    0x000170f4   0x000170f4   0x00000404   Code   RO         3661    i.ipv4SendPacket    ipv4.o
    0x000174f8   0x000174f8   0x00000024   Code   RO         3662    i.ipv4SetDefaultGateway  ipv4.o
    0x0001751c   0x0001751c   0x00000078   Code   RO         3663    i.ipv4SetDefaultGatewayEx  ipv4.o
    0x00017594   0x00017594   0x00000070   Code   RO         3664    i.ipv4SetDnsServer  ipv4.o
    0x00017604   0x00017604   0x00000024   Code   RO         3665    i.ipv4SetHostAddr   ipv4.o
    0x00017628   0x00017628   0x000000a4   Code   RO         3666    i.ipv4SetHostAddrEx  ipv4.o
    0x000176cc   0x000176cc   0x00000024   Code   RO         3667    i.ipv4SetSubnetMask  ipv4.o
    0x000176f0   0x000176f0   0x00000064   Code   RO         3668    i.ipv4SetSubnetMaskEx  ipv4.o
    0x00017754   0x00017754   0x000000e4   Code   RO         3669    i.ipv4StringToAddr  ipv4.o
    0x00017838   0x00017838   0x00000054   Code   RO         6813    i.ipv4UpdateErrorStats  ipv4_misc.o
    0x0001788c   0x0001788c   0x00000030   Code   RO         6814    i.ipv4UpdateInStats  ipv4_misc.o
    0x000178bc   0x000178bc   0x00000030   Code   RO         6815    i.ipv4UpdateOutStats  ipv4_misc.o
    0x000178ec   0x000178ec   0x00000088   Code   RO         7800    i.kbd_byte          keypad.o
    0x00017974   0x00017974   0x00000098   Code   RO         1096    i.key1              main.o
    0x00017a0c   0x00017a0c   0x000008cc   Code   RO         1467    i.key_check_2       key_menu.o
    0x000182d8   0x000182d8   0x0000003c   Code   RO         7546    i.lcd_back          lcd.o
    0x00018314   0x00018314   0x000000a0   Code   RO         7547    i.lcd_byte          lcd.o
    0x000183b4   0x000183b4   0x00000094   Code   RO         7548    i.lcd_center        lcd.o
    0x00018448   0x00018448   0x00000090   Code   RO         7549    i.lcd_ch            lcd.o
    0x000184d8   0x000184d8   0x00000044   Code   RO         7550    i.lcd_char          lcd.o
    0x0001851c   0x0001851c   0x00000020   Code   RO         7551    i.lcd_clr           lcd.o
    0x0001853c   0x0001853c   0x00000044   Code   RO         7552    i.lcd_delete        lcd.o
    0x00018580   0x00018580   0x00000030   Code   RO         7553    i.lcd_dis           lcd.o
    0x000185b0   0x000185b0   0x0000001c   Code   RO         7554    i.lcd_forward       lcd.o
    0x000185cc   0x000185cc   0x000000c8   Code   RO         7555    i.lcd_init          lcd.o
    0x00018694   0x00018694   0x00000674   Code   RO         7801    i.lcd_keypad        keypad.o
    0x00018d08   0x00018d08   0x0000003c   Code   RO         7556    i.lcd_show          lcd.o
    0x00018d44   0x00018d44   0x00000060   Code   RO         7557    i.lcd_show_index    lcd.o
    0x00018da4   0x00018da4   0x00000070   Code   RO         7558    i.lcd_show_index_int  lcd.o
    0x00018e14   0x00018e14   0x00000070   Code   RO         7559    i.lcd_show_index_str  lcd.o
    0x00018e84   0x00018e84   0x00000058   Code   RO         7561    i.lcd_show_str      lcd.o
    0x00018edc   0x00018edc   0x00000090   Code   RO         7562    i.lcd_str           lcd.o
    0x00018f6c   0x00018f6c   0x0000009c   Code   RO         7147    i.led               timer.o
    0x00019008   0x00019008   0x00000030   Code   RO         7776    i.lock_on           door.o
    0x00019038   0x00019038   0x00000070   Code   RO         6314    i.lpc23xxEthCalcCrc  lpc23xx_eth_driver.o
    0x000190a8   0x000190a8   0x00000060   Code   RO         6315    i.lpc23xxEthDisableIrq  lpc23xx_eth_driver.o
    0x00019108   0x00019108   0x00000060   Code   RO         6316    i.lpc23xxEthEnableIrq  lpc23xx_eth_driver.o
    0x00019168   0x00019168   0x00000068   Code   RO         6317    i.lpc23xxEthEventHandler  lpc23xx_eth_driver.o
    0x000191d0   0x000191d0   0x000001c4   Code   RO         6318    i.lpc23xxEthInit    lpc23xx_eth_driver.o
    0x00019394   0x00019394   0x000000f0   Code   RO         6319    i.lpc23xxEthInitDesc  lpc23xx_eth_driver.o
    0x00019484   0x00019484   0x00000060   Code   RO         6320    i.lpc23xxEthInitGpio  lpc23xx_eth_driver.o
    0x000194e4   0x000194e4   0x000000c8   Code   RO         6321    i.lpc23xxEthIrqHandler  lpc23xx_eth_driver.o
    0x000195ac   0x000195ac   0x00000084   Code   RO         6322    i.lpc23xxEthReadPhyReg  lpc23xx_eth_driver.o
    0x00019630   0x00019630   0x000000bc   Code   RO         6323    i.lpc23xxEthReceivePacket  lpc23xx_eth_driver.o
    0x000196ec   0x000196ec   0x0000010c   Code   RO         6324    i.lpc23xxEthSendPacket  lpc23xx_eth_driver.o
    0x000197f8   0x000197f8   0x00000054   Code   RO         6325    i.lpc23xxEthTick    lpc23xx_eth_driver.o
    0x0001984c   0x0001984c   0x000000b4   Code   RO         6326    i.lpc23xxEthUpdateMacAddrFilter  lpc23xx_eth_driver.o
    0x00019900   0x00019900   0x000000a8   Code   RO         6327    i.lpc23xxEthUpdateMacConfig  lpc23xx_eth_driver.o
    0x000199a8   0x000199a8   0x00000068   Code   RO         6328    i.lpc23xxEthWritePhyReg  lpc23xx_eth_driver.o
    0x00019a10   0x00019a10   0x00000050   Code   RO         3221    i.macAddrToEui64    ethernet.o
    0x00019a60   0x00019a60   0x00000080   Code   RO         3222    i.macAddrToString   ethernet.o
    0x00019ae0   0x00019ae0   0x000013fc   Code   RO         1097    i.main              main.o
    0x0001aedc   0x0001aedc   0x00000158   Code   RO          435    i.main_menu_administrator  login_menu.o
    0x0001b034   0x0001b034   0x0000052c   Code   RO         2027    i.main_menu_user_task  task_management.o
    0x0001b560   0x0001b560   0x00000208   Code   RO         5912    i.mdnsCheckDuplicateRecord  mdns_common.o
    0x0001b768   0x0001b768   0x000000a0   Code   RO         5913    i.mdnsCheckSourceAddr  mdns_common.o
    0x0001b808   0x0001b808   0x00000278   Code   RO         5914    i.mdnsCompareName   mdns_common.o
    0x0001ba80   0x0001ba80   0x000001c0   Code   RO         5915    i.mdnsCompareRecord  mdns_common.o
    0x0001bc40   0x0001bc40   0x00000190   Code   RO         5916    i.mdnsCreateMessage  mdns_common.o
    0x0001bdd0   0x0001bdd0   0x00000030   Code   RO         5917    i.mdnsDeleteMessage  mdns_common.o
    0x0001be00   0x0001be00   0x00000114   Code   RO         5918    i.mdnsEncodeName    mdns_common.o
    0x0001bf14   0x0001bf14   0x00000068   Code   RO         5919    i.mdnsInit          mdns_common.o
    0x0001bf7c   0x0001bf7c   0x000000e0   Code   RO         5920    i.mdnsProcessMessage  mdns_common.o
    0x0001c05c   0x0001c05c   0x000001dc   Code   RO         5921    i.mdnsProcessResponse  mdns_common.o
    0x0001c238   0x0001c238   0x00000180   Code   RO         5651    i.mdnsResponderAddIpv4AddrRecord  mdns_responder.o
    0x0001c3b8   0x0001c3b8   0x000001d0   Code   RO         5652    i.mdnsResponderAddIpv4ReversePtrRecord  mdns_responder.o
    0x0001c588   0x0001c588   0x0000000c   Code   RO         5653    i.mdnsResponderAddIpv6AddrRecord  mdns_responder.o
    0x0001c594   0x0001c594   0x0000000c   Code   RO         5654    i.mdnsResponderAddIpv6ReversePtrRecord  mdns_responder.o
    0x0001c5a0   0x0001c5a0   0x00000228   Code   RO         5655    i.mdnsResponderAddNsecRecord  mdns_responder.o
    0x0001c7c8   0x0001c7c8   0x000000f0   Code   RO         5656    i.mdnsResponderChangeHostname  mdns_responder.o
    0x0001c8b8   0x0001c8b8   0x0000006c   Code   RO         5657    i.mdnsResponderChangeState  mdns_responder.o
    0x0001c924   0x0001c924   0x000002f0   Code   RO         5658    i.mdnsResponderGenerateAdditionalRecords  mdns_responder.o
    0x0001cc14   0x0001cc14   0x00000038   Code   RO         5662    i.mdnsResponderLinkChangeEvent  mdns_responder.o
    0x0001cc4c   0x0001cc4c   0x000000f0   Code   RO         5663    i.mdnsResponderParseAnRecord  mdns_responder.o
    0x0001cd3c   0x0001cd3c   0x000001a8   Code   RO         5664    i.mdnsResponderParseKnownAnRecord  mdns_responder.o
    0x0001cee4   0x0001cee4   0x000000ec   Code   RO         5665    i.mdnsResponderParseNsRecord  mdns_responder.o
    0x0001cfd0   0x0001cfd0   0x00000264   Code   RO         5666    i.mdnsResponderParseQuestion  mdns_responder.o
    0x0001d234   0x0001d234   0x0000049c   Code   RO         5667    i.mdnsResponderProcessQuery  mdns_responder.o
    0x0001d6d0   0x0001d6d0   0x00000100   Code   RO         5668    i.mdnsResponderSendAnnouncement  mdns_responder.o
    0x0001d7d0   0x0001d7d0   0x00000164   Code   RO         5670    i.mdnsResponderSendProbe  mdns_responder.o
    0x0001d934   0x0001d934   0x00000074   Code   RO         5672    i.mdnsResponderSetIpv4ReverseName  mdns_responder.o
    0x0001d9a8   0x0001d9a8   0x0000000c   Code   RO         5673    i.mdnsResponderSetIpv6ReverseName  mdns_responder.o
    0x0001d9b4   0x0001d9b4   0x0000003c   Code   RO         5675    i.mdnsResponderStartProbing  mdns_responder.o
    0x0001d9f0   0x0001d9f0   0x00000314   Code   RO         5677    i.mdnsResponderTick  mdns_responder.o
    0x0001dd04   0x0001dd04   0x000001d8   Code   RO         5922    i.mdnsSendMessage   mdns_common.o
    0x0001dedc   0x0001dedc   0x00000024   Code   RO         2955    i.memPoolAlloc      net_mem.o
    0x0001df00   0x0001df00   0x00000018   Code   RO         2956    i.memPoolFree       net_mem.o
    0x0001df18   0x0001df18   0x00000008   Code   RO         2958    i.memPoolInit       net_mem.o
    0x0001df20   0x0001df20   0x0000058c   Code   RO          436    i.menu_login        login_menu.o
    0x0001e4ac   0x0001e4ac   0x00000068   Code   RO          437    i.menu_loginuser    login_menu.o
    0x0001e514   0x0001e514   0x000000e8   Code   RO          552    i.modify_user       protocol_comm.o
    0x0001e5fc   0x0001e5fc   0x00000a34   Code   RO         2028    i.multiple_task_access  task_management.o
    0x0001f030   0x0001f030   0x000000cc   Code   RO          438    i.myRand            login_menu.o
    0x0001f0fc   0x0001f0fc   0x00000188   Code   RO         6119    i.nbnsCompareName   nbns_common.o
    0x0001f284   0x0001f284   0x000000e0   Code   RO         6120    i.nbnsEncodeName    nbns_common.o
    0x0001f364   0x0001f364   0x00000040   Code   RO         6121    i.nbnsInit          nbns_common.o
    0x0001f3a4   0x0001f3a4   0x0000016c   Code   RO         6122    i.nbnsParseName     nbns_common.o
    0x0001f510   0x0001f510   0x000000e8   Code   RO         6123    i.nbnsProcessMessage  nbns_common.o
    0x0001f5f8   0x0001f5f8   0x00000114   Code   RO         6101    i.nbnsProcessQuery  nbns_responder.o
    0x0001f70c   0x0001f70c   0x000001e4   Code   RO         6077    i.nbnsProcessResponse  nbns_client.o
    0x0001f8f0   0x0001f8f0   0x000000f8   Code   RO         6078    i.nbnsResolve       nbns_client.o
    0x0001f9e8   0x0001f9e8   0x000001a0   Code   RO         6079    i.nbnsSendQuery     nbns_client.o
    0x0001fb88   0x0001fb88   0x000001d4   Code   RO         6102    i.nbnsSendResponse  nbns_responder.o
    0x0001fd5c   0x0001fd5c   0x00000080   Code   RO         2959    i.netBufferAlloc    net_mem.o
    0x0001fddc   0x0001fddc   0x00000060   Code   RO         2960    i.netBufferAppend   net_mem.o
    0x0001fe3c   0x0001fe3c   0x0000005c   Code   RO         2961    i.netBufferAt       net_mem.o
    0x0001fe98   0x0001fe98   0x00000134   Code   RO         2962    i.netBufferConcat   net_mem.o
    0x0001ffcc   0x0001ffcc   0x000001e4   Code   RO         2963    i.netBufferCopy     net_mem.o
    0x000201b0   0x000201b0   0x00000024   Code   RO         2964    i.netBufferFree     net_mem.o
    0x000201d4   0x000201d4   0x00000034   Code   RO         2965    i.netBufferGetLength  net_mem.o
    0x00020208   0x00020208   0x000000cc   Code   RO         2966    i.netBufferRead     net_mem.o
    0x000202d4   0x000202d4   0x00000164   Code   RO         2967    i.netBufferSetLength  net_mem.o
    0x00020438   0x00020438   0x000000cc   Code   RO         2968    i.netBufferWrite    net_mem.o
    0x00020504   0x00020504   0x00000174   Code   RO         2589    i.netConfigInterface  net.o
    0x00020678   0x00020678   0x0000000c   Code   RO         2590    i.netGetDefaultInterface  net.o
    0x00020684   0x00020684   0x00000044   Code   RO         6422    i.netGetRand        net_misc.o
    0x000206c8   0x000206c8   0x0000013c   Code   RO         6423    i.netGetRandBit     net_misc.o
    0x00020804   0x00020804   0x00000044   Code   RO         6425    i.netGetRandRange   net_misc.o
    0x00020848   0x00020848   0x000001f8   Code   RO         2594    i.netInit           net.o
    0x00020a40   0x00020a40   0x00000118   Code   RO         6426    i.netInitRand       net_misc.o
    0x00020b58   0x00020b58   0x00000134   Code   RO         6427    i.netProcessLinkChange  net_misc.o
    0x00020c8c   0x00020c8c   0x00000048   Code   RO         2596    i.netSetDriver      net.o
    0x00020cd4   0x00020cd4   0x00000054   Code   RO         2599    i.netSetHostname    net.o
    0x00020d28   0x00020d28   0x00000054   Code   RO         2601    i.netSetInterfaceName  net.o
    0x00020d7c   0x00020d7c   0x00000060   Code   RO         2603    i.netSetMacAddr     net.o
    0x00020ddc   0x00020ddc   0x00000048   Code   RO         2606    i.netSetPhyDriver   net.o
    0x00020e24   0x00020e24   0x00000028   Code   RO         6428    i.netStartTimer     net_misc.o
    0x00020e4c   0x00020e4c   0x0000000c   Code   RO         6429    i.netStopTimer      net_misc.o
    0x00020e58   0x00020e58   0x000001b0   Code   RO         2616    i.netTask           net.o
    0x00021008   0x00021008   0x00000304   Code   RO         6430    i.netTick           net_misc.o
    0x0002130c   0x0002130c   0x00000040   Code   RO         6431    i.netTimerExpired   net_misc.o
    0x0002134c   0x0002134c   0x0000000c   Code   RO         6432    i.netTimerRunning   net_misc.o
    0x00021358   0x00021358   0x00000798   Code   RO         1515    i.network1          aka_sys.o
    0x00021af0   0x00021af0   0x00000004   Code   RO         3045    i.nicGetLogicalInterface  nic.o
    0x00021af4   0x00021af4   0x00000004   Code   RO         3046    i.nicGetPhysicalInterface  nic.o
    0x00021af8   0x00021af8   0x0000000c   Code   RO         3047    i.nicGetSwitchPort  nic.o
    0x00021b04   0x00021b04   0x0000001c   Code   RO         3050    i.nicIsParentInterface  nic.o
    0x00021b20   0x00021b20   0x000000e4   Code   RO         3051    i.nicNotifyLinkChange  nic.o
    0x00021c04   0x00021c04   0x00000090   Code   RO         3052    i.nicProcessPacket  nic.o
    0x00021c94   0x00021c94   0x000000ec   Code   RO         3053    i.nicSendPacket     nic.o
    0x00021d80   0x00021d80   0x00000064   Code   RO         3054    i.nicTick           nic.o
    0x00021de4   0x00021de4   0x00000074   Code   RO         3055    i.nicUpdateMacAddrFilter  nic.o
    0x00021e58   0x00021e58   0x00000160   Code   RO         1516    i.operating_parameter  aka_sys.o
    0x00021fb8   0x00021fb8   0x00000004   Code   RO         2268    i.osAcquireMutex    os_port_none.o
    0x00021fbc   0x00021fbc   0x00000020   Code   RO         2269    i.osAllocMem        os_port_none.o
    0x00021fdc   0x00021fdc   0x00000014   Code   RO         2270    i.osCreateEvent     os_port_none.o
    0x00021ff0   0x00021ff0   0x0000000c   Code   RO         2271    i.osCreateMutex     os_port_none.o
    0x00021ffc   0x00021ffc   0x00000018   Code   RO         2273    i.osCreateTask      os_port_none.o
    0x00022014   0x00022014   0x00000004   Code   RO         2275    i.osDeleteEvent     os_port_none.o
    0x00022018   0x00022018   0x00000020   Code   RO         2279    i.osFreeMem         os_port_none.o
    0x00022038   0x00022038   0x00000010   Code   RO         2280    i.osGetSystemTime   os_port_none.o
    0x00022048   0x00022048   0x00000004   Code   RO         2282    i.osReleaseMutex    os_port_none.o
    0x0002204c   0x0002204c   0x0000000c   Code   RO         2284    i.osResetEvent      os_port_none.o
    0x00022058   0x00022058   0x00000004   Code   RO         2285    i.osResumeAllTasks  os_port_none.o
    0x0002205c   0x0002205c   0x0000000c   Code   RO         2286    i.osSetEvent        os_port_none.o
    0x00022068   0x00022068   0x00000014   Code   RO         2287    i.osSetEventFromIsr  os_port_none.o
    0x0002207c   0x0002207c   0x00000004   Code   RO         2289    i.osSuspendAllTasks  os_port_none.o
    0x00022080   0x00022080   0x00000028   Code   RO         2291    i.osWaitForEvent    os_port_none.o
    0x000220a8   0x000220a8   0x0000005c   Code   RO         7329    i.p1char            uart.o
    0x00022104   0x00022104   0x0000002c   Code   RO         7330    i.p1str             uart.o
    0x00022130   0x00022130   0x0000005c   Code   RO         7333    i.pchar             uart.o
    0x0002218c   0x0002218c   0x000000e0   Code   RO          553    i.prot_init_event   protocol_comm.o
    0x0002226c   0x0002226c   0x000000ec   Code   RO          554    i.prot_log_event    protocol_comm.o
    0x00022358   0x00022358   0x000000dc   Code   RO         2082    i.protocol_verification  bio.o
    0x00022434   0x00022434   0x0000002c   Code   RO         7334    i.pstr              uart.o
    0x00022460   0x00022460   0x00000034   Code   RO         7115    i.read_ac_adc_ch    adc.o
    0x00022494   0x00022494   0x0000003c   Code   RO          187    i.read_boot_sd      mci_menu.o
    0x000224d0   0x000224d0   0x000002f8   Code   RO         1316    i.read_code         msg_menu.o
    0x000227c8   0x000227c8   0x00000034   Code   RO          188    i.read_comm_sd      mci_menu.o
    0x000227fc   0x000227fc   0x00000014   Code   RO         7223    i.read_dayofmonth   rtc.o
    0x00022810   0x00022810   0x00000034   Code   RO         7116    i.read_dc_adc_ch    adc.o
    0x00022844   0x00022844   0x0000003c   Code   RO          189    i.read_event_sd     mci_menu.o
    0x00022880   0x00022880   0x00000258   Code   RO         1317    i.read_hexavalue    msg_menu.o
    0x00022ad8   0x00022ad8   0x00000014   Code   RO         7224    i.read_hr           rtc.o
    0x00022aec   0x00022aec   0x00000040   Code   RO          190    i.read_key_sd       mci_menu.o
    0x00022b2c   0x00022b2c   0x00000040   Code   RO          191    i.read_keyevents_sd  mci_menu.o
    0x00022b6c   0x00022b6c   0x00000034   Code   RO          192    i.read_mac_sd       mci_menu.o
    0x00022ba0   0x00022ba0   0x00000014   Code   RO         7225    i.read_min          rtc.o
    0x00022bb4   0x00022bb4   0x00000014   Code   RO         7226    i.read_month        rtc.o
    0x00022bc8   0x00022bc8   0x00000014   Code   RO         7227    i.read_sec          rtc.o
    0x00022bdc   0x00022bdc   0x000002a0   Code   RO         1318    i.read_string       msg_menu.o
    0x00022e7c   0x00022e7c   0x00000034   Code   RO          193    i.read_system_sd    mci_menu.o
    0x00022eb0   0x00022eb0   0x0000003c   Code   RO          194    i.read_task_sd      mci_menu.o
    0x00022eec   0x00022eec   0x00000078   Code   RO          555    i.read_task_status  protocol_comm.o
    0x00022f64   0x00022f64   0x0000003c   Code   RO          195    i.read_taskbkp_sd   mci_menu.o
    0x00022fa0   0x00022fa0   0x0000003c   Code   RO          197    i.read_user_sd      mci_menu.o
    0x00022fdc   0x00022fdc   0x00000060   Code   RO          556    i.read_user_status  protocol_comm.o
    0x0002303c   0x0002303c   0x0000003c   Code   RO          198    i.read_userbkp_sd   mci_menu.o
    0x00023078   0x00023078   0x00000018   Code   RO         7229    i.read_year         rtc.o
    0x00023090   0x00023090   0x00000060   Code   RO         7430    i.red_led_onoff     led.o
    0x000230f0   0x000230f0   0x000000f4   Code   RO         1468    i.register_keys     key_menu.o
    0x000231e4   0x000231e4   0x00000128   Code   RO         7447    i.regular_card      rfid.o
    0x0002330c   0x0002330c   0x00000064   Code   RO         7777    i.relay             door.o
    0x00023370   0x00023370   0x00000014   Code   RO         7230    i.rtc_init          rtc.o
    0x00023384   0x00023384   0x00000080   Code   RO         2083    i.save_user_details  bio.o
    0x00023404   0x00023404   0x00000290   Code   RO         2085    i.search_userenroll  bio.o
    0x00023694   0x00023694   0x00000088   Code   RO         1319    i.select_menu       msg_menu.o
    0x0002371c   0x0002371c   0x000000ec   Code   RO          200    i.self_user_allign  mci_menu.o
    0x00023808   0x00023808   0x00000114   Code   RO          201    i.self_user_allign_bio  mci_menu.o
    0x0002391c   0x0002391c   0x000000dc   Code   RO          202    i.selftask_allign   mci_menu.o
    0x000239f8   0x000239f8   0x00000018   Code   RO         2086    i.send_biometric    bio.o
    0x00023a10   0x00023a10   0x0000002c   Code   RO         7335    i.send_bledata      uart.o
    0x00023a3c   0x00023a3c   0x000000cc   Code   RO         7017    i.send_i2c_cmd      i2c.o
    0x00023b08   0x00023b08   0x00000310   Code   RO         2087    i.send_lumidign_command  bio.o
    0x00023e18   0x00023e18   0x0000008c   Code   RO          799    i.serial_verification  telnet_server.o
    0x00023ea4   0x00023ea4   0x0000008c   Code   RO          439    i.service_menu      login_menu.o
    0x00023f30   0x00023f30   0x00000184   Code   RO         2089    i.set_command       bio.o
    0x000240b4   0x000240b4   0x000001f8   Code   RO         7712    i.set_date          clock_calndr.o
    0x000242ac   0x000242ac   0x00000074   Code   RO         7713    i.set_date_time     clock_calndr.o
    0x00024320   0x00024320   0x000000dc   Code   RO         1517    i.set_ip            aka_sys.o
    0x000243fc   0x000243fc   0x000000e0   Code   RO         1518    i.set_ip1           aka_sys.o
    0x000244dc   0x000244dc   0x00000090   Code   RO         1519    i.set_option        aka_sys.o
    0x0002456c   0x0002456c   0x00000100   Code   RO         1520    i.set_port          aka_sys.o
    0x0002466c   0x0002466c   0x00000100   Code   RO         1521    i.set_port_cliq     aka_sys.o
    0x0002476c   0x0002476c   0x00000104   Code   RO         1522    i.set_port_hb       aka_sys.o
    0x00024870   0x00024870   0x00000104   Code   RO         1523    i.set_port_tcp      aka_sys.o
    0x00024974   0x00024974   0x0000017c   Code   RO         7714    i.set_time          clock_calndr.o
    0x00024af0   0x00024af0   0x00000018   Code   RO         7148    i.set_timeout       timer.o
    0x00024b08   0x00024b08   0x0000017c   Code   RO         2091    i.set_workdb        bio.o
    0x00024c84   0x00024c84   0x000000fc   Code   RO         6979    i.socketAllocate    socket_misc.o
    0x00024d80   0x00024d80   0x00000054   Code   RO         5102    i.socketBind        socket.o
    0x00024dd4   0x00024dd4   0x0000009c   Code   RO         5103    i.socketClose       socket.o
    0x00024e70   0x00024e70   0x000000b4   Code   RO         5104    i.socketConnect     socket.o
    0x00024f24   0x00024f24   0x00000098   Code   RO         5109    i.socketInit        socket.o
    0x00024fbc   0x00024fbc   0x00000060   Code   RO         5110    i.socketListen      socket.o
    0x0002501c   0x0002501c   0x0000003c   Code   RO         5111    i.socketOpen        socket.o
    0x00025058   0x00025058   0x0000003c   Code   RO         5113    i.socketReceive     socket.o
    0x00025094   0x00025094   0x00000160   Code   RO         5114    i.socketReceiveEx   socket.o
    0x000251f4   0x000251f4   0x00000038   Code   RO         5117    i.socketSend        socket.o
    0x0002522c   0x0002522c   0x0000010c   Code   RO         5119    i.socketSendTo      socket.o
    0x00025338   0x00025338   0x000000c4   Code   RO         7066    i.spi_byte          spi.o
    0x000253fc   0x000253fc   0x00000044   Code   RO         7067    i.spi_cs            spi.o
    0x00025440   0x00025440   0x0000007c   Code   RO         2499    i.strSafeCopy       str.o
    0x000254bc   0x000254bc   0x000000f8   Code   RO         1098    i.structure_size    main.o
    0x000255b4   0x000255b4   0x00000018   Code   RO         2540    i.swapInt16         cpu_endian.o
    0x000255cc   0x000255cc   0x00000020   Code   RO         2541    i.swapInt32         cpu_endian.o
    0x000255ec   0x000255ec   0x000000a0   Code   RO         1383    i.system_restart    util_menu.o
    0x0002568c   0x0002568c   0x00000148   Code   RO         1525    i.system_setup      aka_sys.o
    0x000257d4   0x000257d4   0x000000c0   Code   RO         4393    i.tcpAbort          tcp.o
    0x00025894   0x00025894   0x000002a0   Code   RO         4394    i.tcpAccept         tcp.o
    0x00025b34   0x00025b34   0x00000100   Code   RO         4665    i.tcpAddOption      tcp_misc.o
    0x00025c34   0x00025c34   0x00000054   Code   RO         4666    i.tcpChangeState    tcp_misc.o
    0x00025c88   0x00025c88   0x000002f4   Code   RO         4667    i.tcpCheckAck       tcp_misc.o
    0x00025f7c   0x00025f7c   0x00000038   Code   RO         4869    i.tcpCheckFinWait2Timer  tcp_timer.o
    0x00025fb4   0x00025fb4   0x00000004   Code   RO         4870    i.tcpCheckKeepAliveTimer  tcp_timer.o
    0x00025fb8   0x00025fb8   0x00000154   Code   RO         4871    i.tcpCheckOverrideTimer  tcp_timer.o
    0x0002610c   0x0002610c   0x000000d0   Code   RO         4872    i.tcpCheckPersistTimer  tcp_timer.o
    0x000261dc   0x000261dc   0x0000012c   Code   RO         4873    i.tcpCheckRetransmitTimer  tcp_timer.o
    0x00026308   0x00026308   0x00000188   Code   RO         4668    i.tcpCheckSeqNum    tcp_misc.o
    0x00026490   0x00026490   0x00000090   Code   RO         4669    i.tcpCheckSyn       tcp_misc.o
    0x00026520   0x00026520   0x00000054   Code   RO         4874    i.tcpCheckTimeWaitTimer  tcp_timer.o
    0x00026574   0x00026574   0x0000002c   Code   RO         1850    i.tcpClientChangeState  tcp_client_hb.o
    0x000265a0   0x000265a0   0x0000002c   Code   RO         1954    i.tcpClientChangeStatefw  tcp_client_fw.o
    0x000265cc   0x000265cc   0x0000002c   Code   RO         1596    i.tcpClientChangeeventState  tcp_client_event.o
    0x000265f8   0x000265f8   0x00000040   Code   RO         1851    i.tcpClientInit     tcp_client_hb.o
    0x00026638   0x00026638   0x00000068   Code   RO         1852    i.tcpClientStateClose  tcp_client_hb.o
    0x000266a0   0x000266a0   0x000002cc   Code   RO         1853    i.tcpClientStateConnect  tcp_client_hb.o
    0x0002696c   0x0002696c   0x00000064   Code   RO         1854    i.tcpClientStateInit  tcp_client_hb.o
    0x000269d0   0x000269d0   0x00000230   Code   RO         1855    i.tcpClientStateSend  tcp_client_hb.o
    0x00026c00   0x00026c00   0x00000024   Code   RO         1955    i.tcpClientStatefwClose  tcp_client_fw.o
    0x00026c24   0x00026c24   0x0000016c   Code   RO         1956    i.tcpClientStatefwConnect  tcp_client_fw.o
    0x00026d90   0x00026d90   0x000001c4   Code   RO         1957    i.tcpClientStatefwInit  tcp_client_fw.o
    0x00026f54   0x00026f54   0x00000274   Code   RO         1958    i.tcpClientStatefwSend  tcp_client_fw.o
    0x000271c8   0x000271c8   0x000002a4   Code   RO         1959    i.tcpClientStatefwreceive  tcp_client_fw.o
    0x0002746c   0x0002746c   0x00000044   Code   RO         1960    i.tcpClientStatefwwait  tcp_client_fw.o
    0x000274b0   0x000274b0   0x000000b4   Code   RO         1856    i.tcpClientStateopenwait  tcp_client_hb.o
    0x00027564   0x00027564   0x000001cc   Code   RO         1857    i.tcpClientStatereceive  tcp_client_hb.o
    0x00027730   0x00027730   0x00000044   Code   RO         1597    i.tcpClient_eventInit  tcp_client_event.o
    0x00027774   0x00027774   0x00000024   Code   RO         1598    i.tcpClienteventStateClose  tcp_client_event.o
    0x00027798   0x00027798   0x00000108   Code   RO         1599    i.tcpClienteventStateConnect  tcp_client_event.o
    0x000278a0   0x000278a0   0x00000310   Code   RO         1600    i.tcpClienteventStateInit  tcp_client_event.o
    0x00027bb0   0x00027bb0   0x00000354   Code   RO         1601    i.tcpClienteventStateSend  tcp_client_event.o
    0x00027f04   0x00027f04   0x000001c8   Code   RO         1602    i.tcpClienteventStatereceive  tcp_client_event.o
    0x000280cc   0x000280cc   0x000000b0   Code   RO         1603    i.tcpClienteventTask  tcp_client_event.o
    0x0002817c   0x0002817c   0x00000040   Code   RO         1961    i.tcpClientfwInit   tcp_client_fw.o
    0x000281bc   0x000281bc   0x000000a4   Code   RO         1962    i.tcpClientfwTask   tcp_client_fw.o
    0x00028260   0x00028260   0x000000a4   Code   RO         1859    i.tcpClienthbTask   tcp_client_hb.o
    0x00028304   0x00028304   0x00000118   Code   RO         4670    i.tcpComputeRto     tcp_misc.o
    0x0002841c   0x0002841c   0x00000200   Code   RO         4395    i.tcpConnect        tcp.o
    0x0002861c   0x0002861c   0x00000038   Code   RO         4671    i.tcpDeleteControlBlock  tcp_misc.o
    0x00028654   0x00028654   0x00000004   Code   RO         4672    i.tcpDumpHeader     tcp_misc.o
    0x00028658   0x00028658   0x00000048   Code   RO         4673    i.tcpFastLossRecovery  tcp_misc.o
    0x000286a0   0x000286a0   0x0000008c   Code   RO         4674    i.tcpFastRecovery   tcp_misc.o
    0x0002872c   0x0002872c   0x00000074   Code   RO         4675    i.tcpFastRetransmit  tcp_misc.o
    0x000287a0   0x000287a0   0x00000044   Code   RO         4676    i.tcpFlushRetransmitQueue  tcp_misc.o
    0x000287e4   0x000287e4   0x0000003c   Code   RO         4677    i.tcpFlushSynQueue  tcp_misc.o
    0x00028820   0x00028820   0x00000020   Code   RO         4678    i.tcpGenerateInitialSeqNum  tcp_misc.o
    0x00028840   0x00028840   0x0000006c   Code   RO         4396    i.tcpGetDynamicPort  tcp.o
    0x000288ac   0x000288ac   0x000000c4   Code   RO         4679    i.tcpGetOption      tcp_misc.o
    0x00028970   0x00028970   0x0000002c   Code   RO         4397    i.tcpGetState       tcp.o
    0x0002899c   0x0002899c   0x00000014   Code   RO         4398    i.tcpInit           tcp.o
    0x000289b0   0x000289b0   0x00000074   Code   RO         4680    i.tcpIsDuplicateAck  tcp_misc.o
    0x00028a24   0x00028a24   0x0000008c   Code   RO         4681    i.tcpIsDuplicateSyn  tcp_misc.o
    0x00028ab0   0x00028ab0   0x000000a8   Code   RO         4399    i.tcpKillOldestConnection  tcp.o
    0x00028b58   0x00028b58   0x0000006c   Code   RO         4400    i.tcpListen         tcp.o
    0x00028bc4   0x00028bc4   0x0000029c   Code   RO         4682    i.tcpNagleAlgo      tcp_misc.o
    0x00028e60   0x00028e60   0x000004cc   Code   RO         4486    i.tcpProcessSegment  tcp_fsm.o
    0x0002932c   0x0002932c   0x00000150   Code   RO         4683    i.tcpProcessSegmentData  tcp_misc.o
    0x0002947c   0x0002947c   0x00000098   Code   RO         4684    i.tcpReadRxBuffer   tcp_misc.o
    0x00029514   0x00029514   0x000000a8   Code   RO         4685    i.tcpReadTxBuffer   tcp_misc.o
    0x000295bc   0x000295bc   0x000002a8   Code   RO         4401    i.tcpReceive        tcp.o
    0x00029864   0x00029864   0x00000238   Code   RO         4686    i.tcpRejectSegment  tcp_misc.o
    0x00029a9c   0x00029a9c   0x0000014c   Code   RO         4687    i.tcpRetransmitSegment  tcp_misc.o
    0x00029be8   0x00029be8   0x000001f4   Code   RO         4402    i.tcpSend           tcp.o
    0x00029ddc   0x00029ddc   0x0000007c   Code   RO         4688    i.tcpSendResetSegment  tcp_misc.o
    0x00029e58   0x00029e58   0x0000038c   Code   RO         4689    i.tcpSendSegment    tcp_misc.o
    0x0002a1e4   0x0002a1e4   0x000000b0   Code   RO         4487    i.tcpStateCloseWait  tcp_fsm.o
    0x0002a294   0x0002a294   0x00000040   Code   RO         4488    i.tcpStateClosed    tcp_fsm.o
    0x0002a2d4   0x0002a2d4   0x000000c4   Code   RO         4489    i.tcpStateClosing   tcp_fsm.o
    0x0002a398   0x0002a398   0x00000138   Code   RO         4490    i.tcpStateEstablished  tcp_fsm.o
    0x0002a4d0   0x0002a4d0   0x0000017c   Code   RO         4491    i.tcpStateFinWait1  tcp_fsm.o
    0x0002a64c   0x0002a64c   0x0000012c   Code   RO         4492    i.tcpStateFinWait2  tcp_fsm.o
    0x0002a778   0x0002a778   0x000000a8   Code   RO         4493    i.tcpStateLastAck   tcp_fsm.o
    0x0002a820   0x0002a820   0x000001f0   Code   RO         4494    i.tcpStateListen    tcp_fsm.o
    0x0002aa10   0x0002aa10   0x0000011c   Code   RO         4495    i.tcpStateSynReceived  tcp_fsm.o
    0x0002ab2c   0x0002ab2c   0x00000248   Code   RO         4496    i.tcpStateSynSent   tcp_fsm.o
    0x0002ad74   0x0002ad74   0x000000e0   Code   RO         4497    i.tcpStateTimeWait  tcp_fsm.o
    0x0002ae54   0x0002ae54   0x0000007c   Code   RO         4875    i.tcpTick           tcp_timer.o
    0x0002aed0   0x0002aed0   0x000002d8   Code   RO         4690    i.tcpUpdateEvents   tcp_misc.o
    0x0002b1a8   0x0002b1a8   0x000000c4   Code   RO         4691    i.tcpUpdateReceiveWindow  tcp_misc.o
    0x0002b26c   0x0002b26c   0x000000e8   Code   RO         4692    i.tcpUpdateRetransmitQueue  tcp_misc.o
    0x0002b354   0x0002b354   0x00000134   Code   RO         4693    i.tcpUpdateSackBlocks  tcp_misc.o
    0x0002b488   0x0002b488   0x0000016c   Code   RO         4694    i.tcpUpdateSendWindow  tcp_misc.o
    0x0002b5f4   0x0002b5f4   0x0000006c   Code   RO         4695    i.tcpWaitForEvents  tcp_misc.o
    0x0002b660   0x0002b660   0x000000b0   Code   RO         4696    i.tcpWriteRxBuffer  tcp_misc.o
    0x0002b710   0x0002b710   0x00000098   Code   RO         4697    i.tcpWriteTxBuffer  tcp_misc.o
    0x0002b7a8   0x0002b7a8   0x0000009c   Code   RO          800    i.tcpconfig_protocol_send  telnet_server.o
    0x0002b844   0x0002b844   0x000000dc   Code   RO          801    i.telnetServerInit  telnet_server.o
    0x0002b920   0x0002b920   0x000001e4   Code   RO          802    i.telnetServerStateExecute  telnet_server.o
    0x0002bb04   0x0002bb04   0x00000088   Code   RO          803    i.telnetServerStateListen  telnet_server.o
    0x0002bb8c   0x0002bb8c   0x00000174   Code   RO          804    i.telnetServerStateReceive  telnet_server.o
    0x0002bd00   0x0002bd00   0x000001d0   Code   RO          805    i.telnetServerStateSend  telnet_server.o
    0x0002bed0   0x0002bed0   0x0000009c   Code   RO          806    i.telnetServerTask  telnet_server.o
    0x0002bf6c   0x0002bf6c   0x00000064   Code   RO          807    i.telnetserverclose  telnet_server.o
    0x0002bfd0   0x0002bfd0   0x000000c0   Code   RO          808    i.telnetserverwait  telnet_server.o
    0x0002c090   0x0002c090   0x00000578   Code   RO         1469    i.total_register    key_menu.o
    0x0002c608   0x0002c608   0x000000c8   Code   RO         7778    i.trg               door.o
    0x0002c6d0   0x0002c6d0   0x00000044   Code   RO         4920    i.udpAllocBuffer    udp.o
    0x0002c714   0x0002c714   0x00000070   Code   RO         4921    i.udpAttachRxCallback  udp.o
    0x0002c784   0x0002c784   0x00000068   Code   RO         4922    i.udpDetachRxCallback  udp.o
    0x0002c7ec   0x0002c7ec   0x00000004   Code   RO         4923    i.udpDumpHeader     udp.o
    0x0002c7f0   0x0002c7f0   0x0000006c   Code   RO         4924    i.udpGetDynamicPort  udp.o
    0x0002c85c   0x0002c85c   0x00000030   Code   RO         4925    i.udpInit           udp.o
    0x0002c88c   0x0002c88c   0x000000c4   Code   RO         4926    i.udpInvokeRxCallback  udp.o
    0x0002c950   0x0002c950   0x00000354   Code   RO         4927    i.udpProcessDatagram  udp.o
    0x0002cca4   0x0002cca4   0x0000011c   Code   RO         4928    i.udpReceiveDatagram  udp.o
    0x0002cdc0   0x0002cdc0   0x000001d8   Code   RO         4929    i.udpSendBuffer     udp.o
    0x0002cf98   0x0002cf98   0x00000134   Code   RO         4930    i.udpSendDatagram   udp.o
    0x0002d0cc   0x0002d0cc   0x000000a0   Code   RO         4931    i.udpUpdateEvents   udp.o
    0x0002d16c   0x0002d16c   0x0000019c   Code   RO          557    i.update_key_log    protocol_comm.o
    0x0002d308   0x0002d308   0x00003250   Code   RO         2029    i.user_mykee_task   task_management.o
    0x00030558   0x00030558   0x00000118   Code   RO         1384    i.utilities         util_menu.o
    0x00030670   0x00030670   0x0000003c   Code   RO         7715    i.verify_date_time  clock_calndr.o
    0x000306ac   0x000306ac   0x000000e0   Code   RO         2093    i.verify_identity   bio.o
    0x0003078c   0x0003078c   0x000001c4   Code   RO          203    i.view_mac_address  mci_menu.o
    0x00030950   0x00030950   0x0000002c   Code   RO         7090    i.wdt_2S_Init       wdt.o
    0x0003097c   0x0003097c   0x0000002c   Code   RO         7091    i.wdt_3S_Init       wdt.o
    0x000309a8   0x000309a8   0x00000018   Code   RO         7092    i.wdt_reset_feed    wdt.o
    0x000309c0   0x000309c0   0x0000003c   Code   RO          204    i.write_boot_sd     mci_menu.o
    0x000309fc   0x000309fc   0x0000003c   Code   RO          205    i.write_comm_sd     mci_menu.o
    0x00030a38   0x00030a38   0x00000010   Code   RO         7231    i.write_dayofmonth  rtc.o
    0x00030a48   0x00030a48   0x00000040   Code   RO          206    i.write_event_sd    mci_menu.o
    0x00030a88   0x00030a88   0x00000010   Code   RO         7232    i.write_hr          rtc.o
    0x00030a98   0x00030a98   0x00000068   Code   RO          207    i.write_key_sd      mci_menu.o
    0x00030b00   0x00030b00   0x00000068   Code   RO          208    i.write_keyevents_sd  mci_menu.o
    0x00030b68   0x00030b68   0x0000003c   Code   RO          209    i.write_mac_sd      mci_menu.o
    0x00030ba4   0x00030ba4   0x00000010   Code   RO         7233    i.write_min         rtc.o
    0x00030bb4   0x00030bb4   0x00000010   Code   RO         7234    i.write_month       rtc.o
    0x00030bc4   0x00030bc4   0x00000010   Code   RO         7235    i.write_sec         rtc.o
    0x00030bd4   0x00030bd4   0x00000058   Code   RO          210    i.write_system_sd   mci_menu.o
    0x00030c2c   0x00030c2c   0x0000003c   Code   RO          211    i.write_task_sd     mci_menu.o
    0x00030c68   0x00030c68   0x0000003c   Code   RO          212    i.write_taskbkp_sd  mci_menu.o
    0x00030ca4   0x00030ca4   0x0000003c   Code   RO          214    i.write_user_sd     mci_menu.o
    0x00030ce0   0x00030ce0   0x0000003c   Code   RO          215    i.write_userbkp_sd  mci_menu.o
    0x00030d1c   0x00030d1c   0x00000010   Code   RO         7236    i.write_year        rtc.o
    0x00030d2c   0x00030d2c   0x000002ac   Code   RO          217    i.writedefaults_sdcard  mci_menu.o
    0x00030fd8   0x00030fd8   0x00000690   Code   RO         2030    i.wrong_unauth_key_check  task_management.o
    0x00031668   0x00031668   0x00000020   Code   RO         1743    i.xtime             aesencriptionwipro.o
    0x00031688   0x00031688   0x00000004   Ven    RO         8147    locale$$code        c_t.l(lc_ctype_c.o)
    0x0003168c   0x0003168c   0x00000050   Code   RO         8147    locale$$code        c_t.l(lc_ctype_c.o)
    0x000316dc   0x000316dc   0x00000004   Ven    RO         8272    locale$$code        c_t.l(lc_numeric_c.o)
    0x000316e0   0x000316e0   0x00000050   Code   RO         8272    locale$$code        c_t.l(lc_numeric_c.o)
    0x00031730   0x00031730   0x000002e0   Code   RO         8071    x$fpl$ddiv          fz_ts.l(ddiv.o)
    0x00031a10   0x00031a10   0x00000058   Code   RO         8075    x$fpl$dflt          fz_ts.l(dflt_noclz.o)
    0x00031a68   0x00031a68   0x0000000c   Code   RO         8074    x$fpl$dfltu         fz_ts.l(dflt_noclz.o)
    0x00031a74   0x00031a74   0x000000c0   Code   RO         8201    x$fpl$dnaninf       fz_ts.l(dnaninf.o)
    0x00031b34   0x00031b34   0x00000010   Code   RO         8203    x$fpl$dretinf       fz_ts.l(dretinf.o)
    0x00031b44   0x00031b44   0x00000004   Ven    RO         8285    x$fpl$ieeestatus    fz_ts.l(istatus.o)
    0x00031b48   0x00031b48   0x00000008   Code   RO         8285    x$fpl$ieeestatus    fz_ts.l(istatus.o)
    0x00031b50   0x00031b50   0x00000004   Code   RO         8078    x$fpl$printf1       fz_ts.l(printf1.o)
    0x00031b54   0x00031b54   0x00000000   Code   RO         8205    x$fpl$usenofp       fz_ts.l(usenofp.o)
    0x00031b54   0x00031b54   0x00000200   Data   RO          559    .constdata          protocol_comm.o
    0x00031d54   0x00031d54   0x00000018   Data   RO          810    .constdata          telnet_server.o
    0x00031d6c   0x00031d6c   0x00000032   Data   RO         1320    .constdata          msg_menu.o
    0x00031d9e   0x00031d9e   0x00001d70   Data   RO         1359    .constdata          display_msg.o
    0x00033b0e   0x00033b0e   0x00000002   PAD
    0x00033b10   0x00033b10   0x00000020   Data   RO         1385    .constdata          util_menu.o
    0x00033b30   0x00033b30   0x000002ff   Data   RO         1745    .constdata          aesencriptionwipro.o
    0x00033e2f   0x00033e2f   0x00000140   Data   RO         2094    .constdata          bio.o
    0x00033f6f   0x00033f6f   0x00000014   Data   RO         3225    .constdata          ethernet.o
    0x00033f83   0x00033f83   0x00000001   PAD
    0x00033f84   0x00033f84   0x00000010   Data   RO         4219    .constdata          ip.o
    0x00033f94   0x00033f94   0x00000038   Data   RO         5134    .constdata          socket.o
    0x00033fcc   0x00033fcc   0x00000014   Data   RO         6262    .constdata          dp83848_driver.o
    0x00033fe0   0x00033fe0   0x00000040   Data   RO         6330    .constdata          lpc23xx_eth_driver.o
    0x00034020   0x00034020   0x00000025   Data   RO         6433    .constdata          net_misc.o
    0x00034045   0x00034045   0x00000007   Data   RO         6635    .constdata          dhcp_client_misc.o
    0x0003404c   0x0003404c   0x00000040   Data   RO         6732    .constdata          ethernet_misc.o
    0x0003408c   0x0003408c   0x00000002   Data   RO         7449    .constdata          rfid.o
    0x0003408e   0x0003408e   0x00000010   Data   RO         7803    .constdata          keypad.o
    0x0003409e   0x0003409e   0x00000002   PAD
    0x000340a0   0x000340a0   0x00000008   Data   RO         7943    .constdata          c_t.l(_printf_wctomb.o)
    0x000340a8   0x000340a8   0x00000028   Data   RO         7967    .constdata          c_t.l(_printf_hex_int_ptr.o)
    0x000340d0   0x000340d0   0x00000011   Data   RO         7993    .constdata          c_t.l(__printf_flags_ss_wp.o)
    0x000340e1   0x000340e1   0x0000000c   Data   RO         8149    .constdata          c_t.l(_monlen.o)
    0x000340ed   0x000340ed   0x00000003   PAD
    0x000340f0   0x000340f0   0x00000094   Data   RO         8247    .constdata          c_t.l(bigflt0.o)
    0x00034184   0x00034184   0x00000040   Data   RO         8372    Region$$Table       anon$$obj.o
    0x000341c4   0x000341c4   0x00000110   Data   RO         8146    locale$$data        c_t.l(lc_ctype_c.o)
    0x000342d4   0x000342d4   0x0000001c   Data   RO         8271    locale$$data        c_t.l(lc_numeric_c.o)


    Execution Region RW_IRAM1 (Exec base: 0x40000000, Load base: 0x000342fc, Size: 0x00007810, Max: 0x00008000, ABSOLUTE, COMPRESSED[0x00000028])

    Exec Addr    Load Addr    Size         Type   Attr      Idx    E Section Name        Object

    0x40000000   COMPRESSED   0x0000000c   Data   RW           15    .data               retarget.o
    0x4000000c   COMPRESSED   0x00000031   Data   RW          442    .data               login_menu.o
    0x4000003d   COMPRESSED   0x00000003   PAD
    0x40000040   COMPRESSED   0x0000002b   Data   RW          560    .data               protocol_comm.o
    0x4000006b   COMPRESSED   0x00000001   PAD
    0x4000006c   COMPRESSED   0x00000028   Data   RW          811    .data               telnet_server.o
    0x40000094   COMPRESSED   0x00000063   Data   RW         1101    .data               main.o
    0x400000f7   COMPRESSED   0x00000001   PAD
    0x400000f8   COMPRESSED   0x00000008   Data   RW         1277    .data               common_func.o
    0x40000100   COMPRESSED   0x00000008   Data   RW         1471    .data               key_menu.o
    0x40000108   COMPRESSED   0x0000002c   Data   RW         1606    .data               tcp_client_event.o
    0x40000134   COMPRESSED   0x0000000c   Data   RW         1746    .data               aesencriptionwipro.o
    0x40000140   COMPRESSED   0x00000016   Data   RW         1861    .data               tcp_client_hb.o
    0x40000156   COMPRESSED   0x00000002   PAD
    0x40000158   COMPRESSED   0x00000024   Data   RW         1964    .data               tcp_client_fw.o
    0x4000017c   COMPRESSED   0x00000086   Data   RW         2095    .data               bio.o
    0x40000202   COMPRESSED   0x00000002   PAD
    0x40000204   COMPRESSED   0x00000004   Data   RW         2293    .data               os_port_none.o
    0x40000208   COMPRESSED   0x00000004   Data   RW         3056    .data               nic.o
    0x4000020c   COMPRESSED   0x00000004   Data   RW         3431    .data               arp.o
    0x40000210   COMPRESSED   0x00000004   Data   RW         3920    .data               ipv4_frag.o
    0x40000214   COMPRESSED   0x00000001   Data   RW         4220    .data               ip.o
    0x40000215   COMPRESSED   0x00000003   PAD
    0x40000218   COMPRESSED   0x00000006   Data   RW         4404    .data               tcp.o
    0x4000021e   COMPRESSED   0x00000002   Data   RW         4933    .data               udp.o
    0x40000220   COMPRESSED   0x00000004   Data   RW         5537    .data               dns_cache.o
    0x40000224   COMPRESSED   0x00000004   Data   RW         5678    .data               mdns_responder.o
    0x40000228   COMPRESSED   0x00000004   Data   RW         6636    .data               dhcp_client_misc.o
    0x4000022c   COMPRESSED   0x00000032   Data   RW         7150    .data               timer.o
    0x4000025e   COMPRESSED   0x00000002   PAD
    0x40000260   COMPRESSED   0x00000008   Data   RW         7337    .data               uart.o
    0x40000268   COMPRESSED   0x00000008   Data   RW         7450    .data               rfid.o
    0x40000270   COMPRESSED   0x00000010   Data   RW         7564    .data               lcd.o
    0x40000280   COMPRESSED   0x00000046   Data   RW         7804    .data               keypad.o
    0x400002c6   COMPRESSED   0x00000002   PAD
    0x400002c8        -       0x00000100   Zero   RW          218    .bss                mci_menu.o
    0x400003c8        -       0x00000024   Zero   RW          441    .bss                login_menu.o
    0x400003ec        -       0x000006f8   Zero   RW          558    .bss                protocol_comm.o
    0x40000ae4        -       0x00000212   Zero   RW          809    .bss                telnet_server.o
    0x40000cf6   COMPRESSED   0x00000002   PAD
    0x40000cf8        -       0x000007f0   Zero   RW         1099    .bss                main.o
    0x400014e8        -       0x00000030   Zero   RW         1470    .bss                key_menu.o
    0x40001518        -       0x00000021   Zero   RW         1605    .bss                tcp_client_event.o
    0x40001539        -       0x000000b0   Zero   RW         1744    .bss                aesencriptionwipro.o
    0x400015e9        -       0x0000051a   Zero   RW         1860    .bss                tcp_client_hb.o
    0x40001b03        -       0x00000212   Zero   RW         1963    .bss                tcp_client_fw.o
    0x40001d15   COMPRESSED   0x00000003   PAD
    0x40001d18        -       0x00000610   Zero   RW         2617    .bss                net.o
    0x40002328        -       0x0000002a   Zero   RW         3224    .bss                ethernet.o
    0x40002352        -       0x00000010   Zero   RW         3670    .bss                ipv4.o
    0x40002362   COMPRESSED   0x00000002   PAD
    0x40002364        -       0x000000a0   Zero   RW         4932    .bss                udp.o
    0x40002404        -       0x000008d0   Zero   RW         5133    .bss                socket.o
    0x40002cd4        -       0x000001a0   Zero   RW         5536    .bss                dns_cache.o
    0x40002e74        -       0x00000028   Zero   RW         7018    .bss                i2c.o
    0x40002e9c        -       0x00000100   Zero   RW         7149    .bss                timer.o
    0x40002f9c        -       0x00000010   Zero   RW         7448    .bss                rfid.o
    0x40002fac        -       0x00000040   Zero   RW         7563    .bss                lcd.o
    0x40002fec        -       0x00000190   Zero   RW         7802    .bss                keypad.o
    0x4000317c        -       0x0000002c   Zero   RW         8046    .bss                c_t.l(localtime.o)
    0x400031a8        -       0x00000060   Zero   RW         8209    .bss                c_t.l(libspace.o)
    0x40003208        -       0x00004000   Zero   RW            2    HEAP                startup_lpc23xx.o
    0x40007208   COMPRESSED   0x00000008   PAD
    0x40007210        -       0x00000600   Zero   RW            1    STACK               startup_lpc23xx.o


    Execution Region RW_IRAM2 (Exec base: 0x7fe00000, Load base: 0x000342f0, Size: 0x00002460, Max: 0x00004000, ABSOLUTE)

    Exec Addr    Load Addr    Size         Type   Attr      Idx    E Section Name        Object

    0x7fe00000   0x000342f0   0x0000000c   Data   RW         6331    .data               lpc23xx_eth_driver.o
    0x7fe0000c   0x000342fc   0x00000004   PAD
    0x7fe00010        -       0x00002450   Zero   RW         6329    .bss                lpc23xx_eth_driver.o


==============================================================================

Image component sizes


      Code (inc. data)   RO Data    RW Data    ZI Data      Debug   Object Name

       128         16          0          0          0       1278   ac_dc_volt.o
       148         24          0          0          0       1969   adc.o
      5432        336        767         12        176      14478   aesencriptionwipro.o
      4516        376          0          0          0       9473   aka_sys.o
      3584         72          0          4          0      46047   arp.o
     10204       1228        320        134          0      23452   bio.o
       852         68          0          0          0       2982   ble_commn.o
        96         16          0          0          0       1478   buzzer.o
      1840         60          0          0          0       7509   clock_calndr.o
      1396        132          0          8          0       4377   common_func.o
        56          0          0          0          0       1016   cpu_endian.o
         8          0          0          0          0       3106   debug.o
       324         12          0          0          0       2654   dhcp_client.o
      1616         20          0          0          0       7101   dhcp_client_fsm.o
      5476         52          7          4          0      14512   dhcp_client_misc.o
       404          4          0          0          0       2372   dhcp_common.o
         0          0       7536          0          0        676   display_msg.o
       912         20          0          4        416       6023   dns_cache.o
      1720         28          0          0          0       4181   dns_client.o
      1408          0          0          0          0       5140   dns_common.o
         0          0          0          0          0        968   dns_debug.o
       348         16          0          0          0       1784   door.o
       852         16         20          0          0       6117   dp83848_driver.o
       628          4          0          0          0       3294   eeprom.o
      1524         52         20          0         42      30476   ethernet.o
      1044         32         64          0          0       7061   ethernet_misc.o
      1160         48          0          0         40       6080   i2c.o
      1628          8          0          0          0       6909   icmp.o
      1128          4         16          1          0      30406   ip.o
      3504         64          0          0         16      44647   ipv4.o
      2208         12          0          4          0      34369   ipv4_frag.o
      2140         16          0          0          0      12788   ipv4_misc.o
      8112        652          0          8         48       8362   key_menu.o
      1788         88         16         70        400       4934   keypad.o
      1688        108          0         16         64      11713   lcd.o
       144          0          0          0          0       1745   led.o
      5988        396          0         49         36      11515   login_menu.o
      2520        164         64         12       9296      18520   lpc23xx_eth_driver.o
      5608        892          0         99       2032      63244   main.o
      4476        512          0          0        256      19715   mci_menu.o
      3760         36          0          0          0      32910   mdns_common.o
      6860        176          0          4          0      42069   mdns_responder.o
      3144        100         50          0          0       7069   msg_menu.o
      1148         20          0          0          0       3632   nbns_client.o
      1276          4          0          0          0       5435   nbns_common.o
       744          4          0          0          0       2838   nbns_responder.o
      1728        116          0          0       1552      42754   net.o
      2028          0          0          0          0      10609   net_mem.o
      1940         72         37          0          0      36200   net_misc.o
       872         16          0          4          0      28070   nic.o
       240          4          0          4          0       9450   os_port_none.o
      1720        188        512         43       1784      21920   protocol_comm.o
        52          4          0         12          0       7754   retarget.o
       296         16          2          8         16       1728   rfid.o
       240         52          0          0          0       6183   rtc.o
      1868         44         56          0       2256      14239   socket.o
       252          4          0          0          0        865   socket_misc.o
       264          8          0          0          0       1232   spi.o
       220         56          0          0      17920        648   startup_lpc23xx.o
       124          0          0          0          0       1174   str.o
       740         56          0          0          0      14089   target.o
     18572       1472          0          0          0      16260   task_management.o
      3004         36          0          6          0      15919   tcp.o
      3896        764          0         44         33      10038   tcp_client_event.o
      2668        500          0         36        530       7979   tcp_client_fw.o
     13972       1548          0         22       1306      16860   tcp_client_hb.o
      4412         12          0          0          0      39704   tcp_fsm.o
      8432         20          0          0          0      28135   tcp_misc.o
      1116         12          0          0          0       4620   tcp_timer.o
      6924        928         24         40        530      67843   telnet_server.o
      3252        192          0         50        256       7565   timer.o
      1620        108          0          8          0       7140   uart.o
      2716         40          0          2        160      39210   udp.o
      5220        384         32          0          0       9343   util_menu.o
       112          8          0          0          0       1377   wdt.o

    ----------------------------------------------------------------------
    192088      12560       9612        724      39184    1047332   Object Totals
        48         12         64          0          0          0   (incl. Generated)
         0          0          5         16         19          0   (incl. Padding)

    ----------------------------------------------------------------------

      Code (inc. data)   RO Data    RW Data    ZI Data      Debug   Library Member Name

        30          0          0          0          0         84   __2fprintf.o
        52          4          0          0          0         84   __2sprintf.o
        92          0          0          0          0          0   __dczerorl2.o
         8          0          0          0          0         68   __main.o
         2          0          0          0          0         60   __printf.o
       412          6         17          0          0         92   __printf_flags_ss_wp.o
        14          0          0          0          0         60   __printf_wp.o
         0          0          0          0          0          0   __rtentry.o
        44          4          0          0          0          0   __rtentry2.o
         8          0          0          0          0          0   __rtentry4.o
        60          8          0          0          0          0   __scatter.o
        40          0          0          0          0          0   __scatter_copy.o
        44          0          0          0          0          0   __scatter_zi.o
        30          0          0          0          0         60   _chval.o
         0          0         12          0          0          0   _monlen.o
         8          0          0          0          0          0   _printf_c.o
        58          0          0          0          0        112   _printf_char.o
        48          4          0          0          0         96   _printf_char_common.o
        44          6          0          0          0         88   _printf_char_file.o
        46          0          0          0          0         60   _printf_charcount.o
         8          0          0          0          0          0   _printf_d.o
       120         18          0          0          0         88   _printf_dec.o
         8          0          0          0          0          0   _printf_f.o
      1056         12          0          0          0        188   _printf_fp_dec.o
       144         16          0          0          0         88   _printf_fp_infnan.o
       144          6         40          0          0        144   _printf_hex_int_ptr.o
         8          0          0          0          0          0   _printf_i.o
       186          0          0          0          0         96   _printf_intcommon.o
        12          0          0          0          0          0   _printf_l.o
         8          0          0          0          0          0   _printf_lc.o
         8          0          0          0          0          0   _printf_n.o
         8          0          0          0          0          0   _printf_o.o
        92          8          0          0          0         84   _printf_oct_int.o
         8          0          0          0          0          0   _printf_p.o
        86          0          0          0          0        116   _printf_pad.o
         4          0          0          0          0          0   _printf_percent.o
         8          0          0          0          0          0   _printf_percent_end.o
         8          0          0          0          0          0   _printf_s.o
        88          0          0          0          0         84   _printf_str.o
        44          0          0          0          0         76   _printf_truncate.o
         8          0          0          0          0          0   _printf_u.o
        58          0          0          0          0        112   _printf_wchar.o
       194          4          8          0          0        156   _printf_wctomb.o
         8          0          0          0          0          0   _printf_x.o
        10          0          0          0          0         60   _sputc.o
       172          0          0          0          0         96   _strtoul.o
        72          0          0          0          0        148   _wcrtomb.o
       428          0          0          0          0        148   aeabi_sdiv.o
        38          0          0          0          0         84   atoi.o
       220          6        148          0          0         96   bigflt0.o
      2072        128          0          0          0        700   btod.o
        16          0          0          0          0         80   defsig_exit.o
        56          0          0          0          0         84   defsig_general.o
        84         58          0          0          0         80   defsig_rtmem_inner.o
        16          0          0          0          0         80   defsig_rtmem_outer.o
        20          0          0          0          0         80   exit.o
       118          0          0          0          0        116   h1_alloc.o
        56          0          0          0          0         80   h1_extend.o
        92          0          0          0          0        100   h1_free.o
        14          0          0          0          0         76   h1_init.o
         6          0          0          0          0        136   heapauxi.o
         4          0          0          0          0        120   hguard.o
       148          0          0          0          0        192   init_alloc.o
        34          0          0          0          0         80   isxdigit.o
        84          8        272          0          0         92   lc_ctype_c.o
        84          8         28          0          0         92   lc_numeric_c.o
        10          0          0          0          0          0   libinit.o
        48          0          0          0          0          0   libinit2.o
        12          0          0          0          0          0   libshutdown.o
         6          0          0          0          0          0   libshutdown2.o
        12          4          0          0         96         68   libspace.o
       164          0          0          0          0         96   lludiv10.o
        28          6          0          0         44         80   localtime.o
       160         14          0          0          0         84   localtime_internal.o
         0          0          0          0          0          0   maybetermalloc1.o
       126          0          0          0          0         72   memcmp.o
       444         16          0          0          0        136   mktime.o
        28          4          0          0          0         84   rt_ctype_table.o
        16          4          0          0          0         68   rt_errno_addr_intlibspace.o
        16          4          0          0          0         68   rt_heap_descriptor_intlibspace.o
        16          4          0          0          0         68   rt_locale_intlibspace.o
        64          0          0          0          0         68   rt_memclr.o
        88          0          0          0          0         80   rt_memclr_w.o
       212          0          0          0          0         68   rt_memcpy.o
       100          0          0          0          0         80   rt_memcpy_w.o
       212          0          0          0          0         68   rt_memmove.o
       128          0          0          0          0         80   rt_memmove_w.o
         8          0          0          0          0          0   rtexit.o
        12          0          0          0          0          0   rtexit2.o
        48          0          0          0          0         68   rtudiv10.o
        50          0          0          0          0         88   strcasecmp.o
        32          0          0          0          0         60   strcat.o
        30          0          0          0          0         60   strchr.o
       244          4          0          0          0         80   strcmp.o
        88          6          0          0          0         76   strcpy.o
        76          4          0          0          0         76   strlen.o
        58          0          0          0          0         88   strncasecmp.o
       160          6          0          0          0         84   strncmp.o
       112          4          0          0          0         84   strncpy.o
       116          4          0          0          0         92   strtol.o
        96          0          0          0          0         80   sys_stackheap_outer.o
        30          0          0          0          0         80   tolower.o
        42          0          0          0          0         80   toupper.o
        32          0          0          0          0         68   uread4.o
         4          0          0          0          0         68   use_no_semi.o
        32          0          0          0          0         68   uwrite4.o
       736        140          0          0          0        228   ddiv.o
       100          0          0          0          0        136   dflt_noclz.o
       192          0          0          0          0        108   dnaninf.o
        16          0          0          0          0         68   dretinf.o
        12          0          0          0          0         68   istatus.o
         4          0          0          0          0         68   printf1.o
         0          0          0          0          0          0   usenofp.o
        52          0          0          0          0         68   fpclassify.o

    ----------------------------------------------------------------------
     11516        528        528          0        140       8228   Library Totals
        44          0          3          0          0          0   (incl. Padding)

    ----------------------------------------------------------------------

      Code (inc. data)   RO Data    RW Data    ZI Data      Debug   Library Name

     10360        388        525          0        140       7484   c_t.l
      1060        140          0          0          0        676   fz_ts.l
        52          0          0          0          0         68   m_ts.l

    ----------------------------------------------------------------------
     11516        528        528          0        140       8228   Library Totals

    ----------------------------------------------------------------------

==============================================================================


      Code (inc. data)   RO Data    RW Data    ZI Data      Debug   

    203604      13088      10140        724      39324    1017852   Grand Totals
    203604      13088      10140         52      39324    1017852   ELF Image Totals (compressed)
    203604      13088      10140         52          0          0   ROM Totals

==============================================================================

    Total RO  Size (Code + RO Data)               213744 ( 208.73kB)
    Total RW  Size (RW Data + ZI Data)             40048 (  39.11kB)
    Total ROM Size (Code + RO Data + RW Data)     213796 ( 208.79kB)

==============================================================================

